main.c:90:5:main	128	static
main.c:559:6:SystemClock_Config	80	static
main.c:595:13:MX_SPI1_Init	8	static
main.c:633:13:MX_USART2_UART_Init	8	static
main.c:666:13:MX_GPIO_Init	48	static
main.c:731:6:print_display	8	static
main.c:748:6:print_joint	8	static
main.c:771:6:print_count	8	static
main.c:782:6:print_distance	8	static
main.c:805:6:print_live	8	static
main.c:821:9:get_lora_distance	16	static
main.c:825:9:get_mrf_distance	16	static
main.c:829:6:mrf_reset	8	static
main.c:836:6:handle_rx	16	static
main.c:842:6:handle_tx	16	static
main.c:858:6:mrf_select	8	static
main.c:863:6:mrf_deselect	8	static
main.c:867:9:spi_tx	40	static
main.c:873:6:_delay_ms	16	static
main.c:877:6:transmit_mrf	8	static
main.c:891:6:transmit_lora	24	static
main.c:911:6:receive_mrf	8	static
main.c:923:6:receive_lora	64	static
main.c:943:6:UlToStr	24	static
main.c:958:6:Error_Handler	8	static
