main.c:90:5:main	128	static
main.c:493:6:SystemClock_Config	80	static
main.c:529:13:MX_SPI1_Init	8	static
main.c:567:13:MX_USART2_UART_Init	8	static
main.c:600:13:MX_GPIO_Init	48	static
main.c:665:6:print_display	8	static
main.c:682:6:print_joint	8	static
main.c:705:6:print_count	8	static
main.c:716:6:print_distance	8	static
main.c:739:6:print_live	8	static
main.c:755:9:get_lora_distance	16	static
main.c:759:9:get_mrf_distance	16	static
main.c:763:6:mrf_reset	8	static
main.c:770:6:handle_rx	16	static
main.c:776:6:handle_tx	16	static
main.c:792:6:mrf_select	8	static
main.c:797:6:mrf_deselect	8	static
main.c:801:9:spi_tx	40	static
main.c:807:6:_delay_ms	16	static
main.c:811:6:transmit_mrf	8	static
main.c:825:6:transmit_lora	24	static
main.c:845:6:receive_mrf	8	static
main.c:857:6:receive_lora	64	static
main.c:877:6:UlToStr	24	static
main.c:892:6:Error_Handler	8	static
