lib_mrf24j.c:18:9:mrf_read_short	32	static
lib_mrf24j.c:27:9:mrf_read_long	32	static
lib_mrf24j.c:39:6:mrf_write_short	16	static
lib_mrf24j.c:47:6:mrf_write_long	32	static
lib_mrf24j.c:57:10:mrf_pan_read	24	static
lib_mrf24j.c:62:6:mrf_pan_write	16	static
lib_mrf24j.c:67:6:mrf_set_ignorebytes	16	static
lib_mrf24j.c:71:6:mrf_address16_write	16	static
lib_mrf24j.c:76:10:mrf_address16_read	24	static
lib_mrf24j.c:81:6:mrf_promiscuous	16	static
lib_mrf24j.c:94:6:mrf_send16	40	static
lib_mrf24j.c:132:6:mrf_set_interrupts	8	static
lib_mrf24j.c:138:6:mrf_set_channel	8	static
lib_mrf24j.c:142:6:mrf_init	8	static
lib_mrf24j.c:185:6:mrf_interrupt_handler	32	static
lib_mrf24j.c:229:6:mrf_check_flags	16	static
lib_mrf24j.c:244:6:mrf_prep_sleep	8	static
lib_mrf24j.c:247:6:mrf_sleep	8	static
lib_mrf24j.c:254:6:mrf_wakeup	8	static
