Archive member included to satisfy reference by file (symbol)

/opt/st/stm32cubeide_1.4.0/plugins/com.st.stm32cube.ide.mcu.externaltools.gnu-tools-for-stm32.7-2018-q2-update.linux64_1.4.0.202007081208/tools/bin/../lib/gcc/arm-none-eabi/7.3.1/../../../../arm-none-eabi/lib/thumb/v6-m/libc_nano.a(lib_a-errno.o)
                              Core/Src/retarget.o (__errno)
/opt/st/stm32cubeide_1.4.0/plugins/com.st.stm32cube.ide.mcu.externaltools.gnu-tools-for-stm32.7-2018-q2-update.linux64_1.4.0.202007081208/tools/bin/../lib/gcc/arm-none-eabi/7.3.1/../../../../arm-none-eabi/lib/thumb/v6-m/libc_nano.a(lib_a-exit.o)
                              /opt/st/stm32cubeide_1.4.0/plugins/com.st.stm32cube.ide.mcu.externaltools.gnu-tools-for-stm32.7-2018-q2-update.linux64_1.4.0.202007081208/tools/bin/../lib/gcc/arm-none-eabi/7.3.1/../../../../arm-none-eabi/lib/thumb/v6-m/crt0.o (exit)
/opt/st/stm32cubeide_1.4.0/plugins/com.st.stm32cube.ide.mcu.externaltools.gnu-tools-for-stm32.7-2018-q2-update.linux64_1.4.0.202007081208/tools/bin/../lib/gcc/arm-none-eabi/7.3.1/../../../../arm-none-eabi/lib/thumb/v6-m/libc_nano.a(lib_a-impure.o)
                              /opt/st/stm32cubeide_1.4.0/plugins/com.st.stm32cube.ide.mcu.externaltools.gnu-tools-for-stm32.7-2018-q2-update.linux64_1.4.0.202007081208/tools/bin/../lib/gcc/arm-none-eabi/7.3.1/../../../../arm-none-eabi/lib/thumb/v6-m/libc_nano.a(lib_a-exit.o) (_global_impure_ptr)
/opt/st/stm32cubeide_1.4.0/plugins/com.st.stm32cube.ide.mcu.externaltools.gnu-tools-for-stm32.7-2018-q2-update.linux64_1.4.0.202007081208/tools/bin/../lib/gcc/arm-none-eabi/7.3.1/../../../../arm-none-eabi/lib/thumb/v6-m/libc_nano.a(lib_a-init.o)
                              /opt/st/stm32cubeide_1.4.0/plugins/com.st.stm32cube.ide.mcu.externaltools.gnu-tools-for-stm32.7-2018-q2-update.linux64_1.4.0.202007081208/tools/bin/../lib/gcc/arm-none-eabi/7.3.1/../../../../arm-none-eabi/lib/thumb/v6-m/crt0.o (__libc_init_array)
/opt/st/stm32cubeide_1.4.0/plugins/com.st.stm32cube.ide.mcu.externaltools.gnu-tools-for-stm32.7-2018-q2-update.linux64_1.4.0.202007081208/tools/bin/../lib/gcc/arm-none-eabi/7.3.1/../../../../arm-none-eabi/lib/thumb/v6-m/libc_nano.a(lib_a-memset.o)
                              /opt/st/stm32cubeide_1.4.0/plugins/com.st.stm32cube.ide.mcu.externaltools.gnu-tools-for-stm32.7-2018-q2-update.linux64_1.4.0.202007081208/tools/bin/../lib/gcc/arm-none-eabi/7.3.1/../../../../arm-none-eabi/lib/thumb/v6-m/crt0.o (memset)
/opt/st/stm32cubeide_1.4.0/plugins/com.st.stm32cube.ide.mcu.externaltools.gnu-tools-for-stm32.7-2018-q2-update.linux64_1.4.0.202007081208/tools/bin/../lib/gcc/arm-none-eabi/7.3.1/../../../../arm-none-eabi/lib/thumb/v6-m/libc_nano.a(lib_a-printf.o)
                              Core/Src/main.o (printf)
/opt/st/stm32cubeide_1.4.0/plugins/com.st.stm32cube.ide.mcu.externaltools.gnu-tools-for-stm32.7-2018-q2-update.linux64_1.4.0.202007081208/tools/bin/../lib/gcc/arm-none-eabi/7.3.1/../../../../arm-none-eabi/lib/thumb/v6-m/libc_nano.a(lib_a-putchar.o)
                              Core/Src/main.o (putchar)
/opt/st/stm32cubeide_1.4.0/plugins/com.st.stm32cube.ide.mcu.externaltools.gnu-tools-for-stm32.7-2018-q2-update.linux64_1.4.0.202007081208/tools/bin/../lib/gcc/arm-none-eabi/7.3.1/../../../../arm-none-eabi/lib/thumb/v6-m/libc_nano.a(lib_a-puts.o)
                              Core/Src/main.o (puts)
/opt/st/stm32cubeide_1.4.0/plugins/com.st.stm32cube.ide.mcu.externaltools.gnu-tools-for-stm32.7-2018-q2-update.linux64_1.4.0.202007081208/tools/bin/../lib/gcc/arm-none-eabi/7.3.1/../../../../arm-none-eabi/lib/thumb/v6-m/libc_nano.a(lib_a-setvbuf.o)
                              Core/Src/retarget.o (setvbuf)
/opt/st/stm32cubeide_1.4.0/plugins/com.st.stm32cube.ide.mcu.externaltools.gnu-tools-for-stm32.7-2018-q2-update.linux64_1.4.0.202007081208/tools/bin/../lib/gcc/arm-none-eabi/7.3.1/../../../../arm-none-eabi/lib/thumb/v6-m/libc_nano.a(lib_a-wbuf.o)
                              /opt/st/stm32cubeide_1.4.0/plugins/com.st.stm32cube.ide.mcu.externaltools.gnu-tools-for-stm32.7-2018-q2-update.linux64_1.4.0.202007081208/tools/bin/../lib/gcc/arm-none-eabi/7.3.1/../../../../arm-none-eabi/lib/thumb/v6-m/libc_nano.a(lib_a-puts.o) (__swbuf_r)
/opt/st/stm32cubeide_1.4.0/plugins/com.st.stm32cube.ide.mcu.externaltools.gnu-tools-for-stm32.7-2018-q2-update.linux64_1.4.0.202007081208/tools/bin/../lib/gcc/arm-none-eabi/7.3.1/../../../../arm-none-eabi/lib/thumb/v6-m/libc_nano.a(lib_a-wsetup.o)
                              /opt/st/stm32cubeide_1.4.0/plugins/com.st.stm32cube.ide.mcu.externaltools.gnu-tools-for-stm32.7-2018-q2-update.linux64_1.4.0.202007081208/tools/bin/../lib/gcc/arm-none-eabi/7.3.1/../../../../arm-none-eabi/lib/thumb/v6-m/libc_nano.a(lib_a-puts.o) (__swsetup_r)
/opt/st/stm32cubeide_1.4.0/plugins/com.st.stm32cube.ide.mcu.externaltools.gnu-tools-for-stm32.7-2018-q2-update.linux64_1.4.0.202007081208/tools/bin/../lib/gcc/arm-none-eabi/7.3.1/../../../../arm-none-eabi/lib/thumb/v6-m/libc_nano.a(lib_a-fflush.o)
[...]
Memory Configuration

Name             Origin             Length             Attributes
RAM              0x0000000020000000 0x0000000000002000 xrw
FLASH            0x0000000008000000 0x0000000000008000 xr
*default*        0x0000000000000000 0xffffffffffffffff

Linker script and memory map

LOAD /opt/st/stm32cubeide_1.4.0/plugins/com.st.stm32cube.ide.mcu.externaltools.gnu-tools-for-stm32.7-2018-q2-update.linux64_1.4.0.202007081208/tools/bin/../lib/gcc/arm-none-eabi/7.3.1/thumb/v6-m/crti.o
LOAD /opt/st/stm32cubeide_1.4.0/plugins/com.st.stm32cube.ide.mcu.externaltools.gnu-tools-for-stm32.7-2018-q2-update.linux64_1.4.0.202007081208/tools/bin/../lib/gcc/arm-none-eabi/7.3.1/thumb/v6-m/crtbegin.o
LOAD /opt/st/stm32cubeide_1.4.0/plugins/com.st.stm32cube.ide.mcu.externaltools.gnu-tools-for-stm32.7-2018-q2-update.linux64_1.4.0.202007081208/tools/bin/../lib/gcc/arm-none-eabi/7.3.1/../../../../arm-none-eabi/lib/thumb/v6-m/crt0.o
LOAD Core/Src/lcd_stm32f0.o
LOAD Core/Src/lib_mrf24j.o
LOAD Core/Src/lora_sx1276.o
LOAD Core/Src/main.o
LOAD Core/Src/retarget.o
LOAD Core/Src/stm32f0xx_hal_msp.o
LOAD Core/Src/stm32f0xx_it.o
LOAD Core/Src/sysmem.o
LOAD Core/Src/system_stm32f0xx.o
LOAD Core/Startup/startup_stm32f051c6tx.o
LOAD Drivers/STM32F0xx_HAL_Driver/Src/stm32f0xx_hal.o
LOAD Drivers/STM32F0xx_HAL_Driver/Src/stm32f0xx_hal_cortex.o
LOAD Drivers/STM32F0xx_HAL_Driver/Src/stm32f0xx_hal_dma.o
LOAD Drivers/STM32F0xx_HAL_Driver/Src/stm32f0xx_hal_exti.o
LOAD Drivers/STM32F0xx_HAL_Driver/Src/stm32f0xx_hal_flash.o
LOAD Drivers/STM32F0xx_HAL_Driver/Src/stm32f0xx_hal_flash_ex.o
LOAD Drivers/STM32F0xx_HAL_Driver/Src/stm32f0xx_hal_gpio.o
LOAD Drivers/STM32F0xx_HAL_Driver/Src/stm32f0xx_hal_i2c.o
LOAD Drivers/STM32F0xx_HAL_Driver/Src/stm32f0xx_hal_i2c_ex.o
LOAD Drivers/STM32F0xx_HAL_Driver/Src/stm32f0xx_hal_pwr.o
LOAD Drivers/STM32F0xx_HAL_Driver/Src/stm32f0xx_hal_pwr_ex.o
LOAD Drivers/STM32F0xx_HAL_Driver/Src/stm32f0xx_hal_rcc.o
LOAD Drivers/STM32F0xx_HAL_Driver/Src/stm32f0xx_hal_rcc_ex.o
LOAD Drivers/STM32F0xx_HAL_Driver/Src/stm32f0xx_hal_spi.o
LOAD Drivers/STM32F0xx_HAL_Driver/Src/stm32f0xx_hal_spi_ex.o
LOAD Drivers/STM32F0xx_HAL_Driver/Src/stm32f0xx_hal_tim.o
LOAD Drivers/STM32F0xx_HAL_Driver/Src/stm32f0xx_hal_tim_ex.o
LOAD Drivers/STM32F0xx_HAL_Driver/Src/stm32f0xx_hal_uart.o
LOAD Drivers/STM32F0xx_HAL_Driver/Src/stm32f0xx_hal_uart_ex.o
START GROUP
LOAD /opt/st/stm32cubeide_1.4.0/plugins/com.st.stm32cube.ide.mcu.externaltools.gnu-tools-for-stm32.7-2018-q2-update.linux64_1.4.0.202007081208/tools/bin/../lib/gcc/arm-none-eabi/7.3.1/../../../../arm-none-eabi/lib/thumb/v6-m/libc_nano.a
LOAD /opt/st/stm32cubeide_1.4.0/plugins/com.st.stm32cube.ide.mcu.externaltools.gnu-tools-for-stm32.7-2018-q2-update.linux64_1.4.0.202007081208/tools/bin/../lib/gcc/arm-none-eabi/7.3.1/../../../../arm-none-eabi/lib/thumb/v6-m/libm.a
END GROUP
START GROUP
LOAD /opt/st/stm32cubeide_1.4.0/plugins/com.st.stm32cube.ide.mcu.externaltools.gnu-tools-for-stm32.7-2018-q2-update.linux64_1.4.0.202007081208/tools/bin/../lib/gcc/arm-none-eabi/7.3.1/thumb/v6-m/libgcc.a
LOAD /opt/st/stm32cubeide_1.4.0/plugins/com.st.stm32cube.ide.mcu.externaltools.gnu-tools-for-stm32.7-2018-q2-update.linux64_1.4.0.202007081208/tools/bin/../lib/gcc/arm-none-eabi/7.3.1/../../../../arm-none-eabi/lib/thumb/v6-m/libc_nano.a
END GROUP
START GROUP
LOAD /opt/st/stm32cubeide_1.4.0/plugins/com.st.stm32cube.ide.mcu.externaltools.gnu-tools-for-stm32.7-2018-q2-update.linux64_1.4.0.202007081208/tools/bin/../lib/gcc/arm-none-eabi/7.3.1/thumb/v6-m/libgcc.a
LOAD /opt/st/stm32cubeide_1.4.0/plugins/com.st.stm32cube.ide.mcu.externaltools.gnu-tools-for-stm32.7-2018-q2-update.linux64_1.4.0.202007081208/tools/bin/../lib/gcc/arm-none-eabi/7.3.1/../../../../arm-none-eabi/lib/thumb/v6-m/libc_nano.a
LOAD /opt/st/stm32cubeide_1.4.0/plugins/com.st.stm32cube.ide.mcu.externaltools.gnu-tools-for-stm32.7-2018-q2-update.linux64_1.4.0.202007081208/tools/bin/../lib/gcc/arm-none-eabi/7.3.1/../../../../arm-none-eabi/lib/thumb/v6-m/libnosys.a
END GROUP
START GROUP
LOAD /opt/st/stm32cubeide_1.4.0/plugins/com.st.stm32cube.ide.mcu.externaltools.gnu-tools-for-stm32.7-2018-q2-update.linux64_1.4.0.202007081208/tools/bin/../lib/gcc/arm-none-eabi/7.3.1/thumb/v6-m/libgcc.a
LOAD /opt/st/stm32cubeide_1.4.0/plugins/com.st.stm32cube.ide.mcu.externaltools.gnu-tools-for-stm32.7-2018-q2-update.linux64_1.4.0.202007081208/tools/bin/../lib/gcc/arm-none-eabi/7.3.1/../../../../arm-none-eabi/lib/thumb/v6-m/libc_nano.a
LOAD /opt/st/stm32cubeide_1.4.0/plugins/com.st.stm32cube.ide.mcu.externaltools.gnu-tools-for-stm32.7-2018-q2-update.linux64_1.4.0.202007081208/tools/bin/../lib/gcc/arm-none-eabi/7.3.1/../../../../arm-none-eabi/lib/thumb/v6-m/libnosys.a
END GROUP
LOAD /opt/st/stm32cubeide_1.4.0/plugins/com.st.stm32cube.ide.mcu.externaltools.gnu-tools-for-stm32.7-2018-q2-update.linux64_1.4.0.202007081208/tools/bin/../lib/gcc/arm-none-eabi/7.3.1/thumb/v6-m/crtend.o
LOAD /opt/st/stm32cubeide_1.4.0/plugins/com.st.stm32cube.ide.mcu.externaltools.gnu-tools-for-stm32.7-2018-q2-update.linux64_1.4.0.202007081208/tools/bin/../lib/gcc/arm-none-eabi/7.3.1/thumb/v6-m/crtn.o
                0x0000000020002000                _estack = (ORIGIN (RAM) + LENGTH (RAM))
                0x0000000000000200                _Min_Heap_Size = 0x200
                0x0000000000000400                _Min_Stack_Size = 0x400

.isr_vector     0x0000000008000000       0xc0
                0x0000000008000000                . = ALIGN (0x4)
 *(.isr_vector)
 .isr_vector    0x0000000008000000       0xc0 Core/Startup/startup_stm32f051c6tx.o
                0x0000000008000000                g_pfnVectors
                0x00000000080000c0                . = ALIGN (0x4)

.text           0x00000000080000c0     0x70dc
                0x00000000080000c0                . = ALIGN (0x4)
 *(.text)
 .text          0x00000000080000c0       0x48 /opt/st/stm32cubeide_1.4.0/plugins/com.st.stm32cube.ide.mcu.externaltools.gnu-tools-for-stm32.7-2018-q2-update.linux64_1.4.0.202007081208/tools/bin/../lib/gcc/arm-none-eabi/7.3.1/thumb/v6-m/crtbegin.o
 .text          0x0000000008000108      0x114 /opt/st/stm32cubeide_1.4.0/plugins/com.st.stm32cube.ide.mcu.externaltools.gnu-tools-for-stm32.7-2018-q2-update.linux64_1.4.0.202007081208/tools/bin/../lib/gcc/arm-none-eabi/7.3.1/thumb/v6-m/libgcc.a(_udivsi3.o)
                0x0000000008000108                __udivsi3
                0x0000000008000108                __aeabi_uidiv
                0x0000000008000214                __aeabi_uidivmod
 .text          0x000000000800021c      0x1d4 /opt/st/stm32cubeide_1.4.0/plugins/com.st.stm32cube.ide.mcu.externaltools.gnu-tools-for-stm32.7-2018-q2-update.linux64_1.4.0.202007081208/tools/bin/../lib/gcc/arm-none-eabi/7.3.1/thumb/v6-m/libgcc.a(_divsi3.o)
                0x000000000800021c                __aeabi_idiv
                0x000000000800021c                __divsi3
                0x00000000080003e8                __aeabi_idivmod
 .text          0x00000000080003f0        0x4 /opt/st/stm32cubeide_1.4.0/plugins/com.st.stm32cube.ide.mcu.externaltools.gnu-tools-for-stm32.7-2018-q2-update.linux64_1.4.0.202007081208/tools/bin/../lib/gcc/arm-none-eabi/7.3.1/thumb/v6-m/libgcc.a(_dvmd_tls.o)
                0x00000000080003f0                __aeabi_ldiv0
                0x00000000080003f0                __aeabi_idiv0
 .text          0x00000000080003f4       0x40 /opt/st/stm32cubeide_1.4.0/plugins/com.st.stm32cube.ide.mcu.externaltools.gnu-tools-for-stm32.7-2018-q2-update.linux64_1.4.0.202007081208/tools/bin/../lib/gcc/arm-none-eabi/7.3.1/thumb/v6-m/libgcc.a(_aeabi_uldivmod.o)
                0x00000000080003f4                __aeabi_uldivmod
 .text          0x0000000008000434      0x184 /opt/st/stm32cubeide_1.4.0/plugins/com.st.stm32cube.ide.mcu.externaltools.gnu-tools-for-stm32.7-2018-q2-update.linux64_1.4.0.202007081208/tools/bin/../lib/gcc/arm-none-eabi/7.3.1/thumb/v6-m/libgcc.a(_udivmoddi4.o)
                0x0000000008000434                __udivmoddi4
 .text          0x00000000080005b8       0x18 /opt/st/stm32cubeide_1.4.0/plugins/com.st.stm32cube.ide.mcu.externaltools.gnu-tools-for-stm32.7-2018-q2-update.linux64_1.4.0.202007081208/tools/bin/../lib/gcc/arm-none-eabi/7.3.1/thumb/v6-m/libgcc.a(_clzdi2.o)
                0x00000000080005b8                __clzdi2
 .text          0x00000000080005d0       0x3c /opt/st/stm32cubeide_1.4.0/plugins/com.st.stm32cube.ide.mcu.externaltools.gnu-tools-for-stm32.7-2018-q2-update.linux64_1.4.0.202007081208/tools/bin/../lib/gcc/arm-none-eabi/7.3.1/thumb/v6-m/libgcc.a(_clzsi2.o)
                0x00000000080005d0                __clzsi2
 *(.text*)
 .text.lcd_command
                0x000000000800060c      0x1a0 Core/Src/lcd_stm32f0.o
                0x000000000800060c                lcd_command
 .text.init_LCD
                0x00000000080007ac       0x98 Core/Src/lcd_stm32f0.o
                0x00000000080007ac                init_LCD
 .text.lcd_putchar
                0x0000000008000844      0x194 Core/Src/lcd_stm32f0.o
                0x0000000008000844                lcd_putchar
 .text.lcd_putstring
                0x00000000080009d8       0x46 Core/Src/lcd_stm32f0.o
                0x00000000080009d8                lcd_putstring
 *fill*         0x0000000008000a1e        0x2 
 .text.pulse_strobe
                0x0000000008000a20       0x4c Core/Src/lcd_stm32f0.o
                0x0000000008000a20                pulse_strobe
 .text.delay    0x0000000008000a6c       0x32 Core/Src/lcd_stm32f0.o
                0x0000000008000a6c                delay
 .text.mrf_read_short
                0x0000000008000a9e       0x42 Core/Src/lib_mrf24j.o
                0x0000000008000a9e                mrf_read_short
 .text.mrf_read_long
                0x0000000008000ae0       0x66 Core/Src/lib_mrf24j.o
                0x0000000008000ae0                mrf_read_long
 .text.mrf_write_short
                0x0000000008000b46       0x48 Core/Src/lib_mrf24j.o
                0x0000000008000b46                mrf_write_short
 .text.mrf_write_long
                0x0000000008000b8e       0x6a Core/Src/lib_mrf24j.o
                0x0000000008000b8e                mrf_write_long
 .text.mrf_pan_write
                0x0000000008000bf8       0x34 Core/Src/lib_mrf24j.o
                0x0000000008000bf8                mrf_pan_write
 .text.mrf_set_ignorebytes
                0x0000000008000c2c       0x20 Core/Src/lib_mrf24j.o
                0x0000000008000c2c                mrf_set_ignorebytes
 .text.mrf_address16_write
                0x0000000008000c4c       0x34 Core/Src/lib_mrf24j.o
                0x0000000008000c4c                mrf_address16_write
 .text.mrf_promiscuous
                0x0000000008000c80       0x2e Core/Src/lib_mrf24j.o
                0x0000000008000c80                mrf_promiscuous
 .text.mrf_set_interrupts
                0x0000000008000cae       0x12 Core/Src/lib_mrf24j.o
                0x0000000008000cae                mrf_set_interrupts
 .text.mrf_set_channel
                0x0000000008000cc0       0x16 Core/Src/lib_mrf24j.o
                0x0000000008000cc0                mrf_set_channel
 *fill*         0x0000000008000cd6        0x2 
 .text.mrf_init
                0x0000000008000cd8       0xc8 Core/Src/lib_mrf24j.o
                0x0000000008000cd8                mrf_init
 .text.mrf_interrupt_handler
                0x0000000008000da0      0x204 Core/Src/lib_mrf24j.o
                0x0000000008000da0                mrf_interrupt_handler
 .text.mrf_check_flags
                0x0000000008000fa4       0x60 Core/Src/lib_mrf24j.o
                0x0000000008000fa4                mrf_check_flags
 .text.read_register
                0x0000000008001004       0x78 Core/Src/lora_sx1276.o
 .text.write_register
                0x000000000800107c       0x82 Core/Src/lora_sx1276.o
 .text.read_fifo
                0x00000000080010fe       0x92 Core/Src/lora_sx1276.o
 .text.set_mode
                0x0000000008001190       0x2c Core/Src/lora_sx1276.o
 .text.set_OCP  0x00000000080011bc       0x82 Core/Src/lora_sx1276.o
 .text.set_low_data_rate_optimization
                0x000000000800123e       0x76 Core/Src/lora_sx1276.o
 .text.lora_mode_sleep
                0x00000000080012b4       0x1a Core/Src/lora_sx1276.o
                0x00000000080012b4                lora_mode_sleep
 .text.lora_mode_receive_continious
                0x00000000080012ce       0x34 Core/Src/lora_sx1276.o
                0x00000000080012ce                lora_mode_receive_continious
 .text.lora_mode_standby
                0x0000000008001302       0x1a Core/Src/lora_sx1276.o
                0x0000000008001302                lora_mode_standby
 .text.lora_set_explicit_header_mode
                0x000000000800131c       0x40 Core/Src/lora_sx1276.o
                0x000000000800131c                lora_set_explicit_header_mode
 .text.lora_set_tx_power
                0x000000000800135c       0xbe Core/Src/lora_sx1276.o
                0x000000000800135c                lora_set_tx_power
 *fill*         0x000000000800141a        0x2 
 .text.lora_set_frequency
                0x000000000800141c       0x90 Core/Src/lora_sx1276.o
                0x000000000800141c                lora_set_frequency
 .text.lora_packet_rssi
                0x00000000080014ac       0x48 Core/Src/lora_sx1276.o
                0x00000000080014ac                lora_packet_rssi
 .text.lora_set_spreading_factor
                0x00000000080014f4       0xac Core/Src/lora_sx1276.o
                0x00000000080014f4                lora_set_spreading_factor
 .text.lora_set_preamble_length
                0x00000000080015a0       0x40 Core/Src/lora_sx1276.o
                0x00000000080015a0                lora_set_preamble_length
 .text.lora_version
                0x00000000080015e0       0x1c Core/Src/lora_sx1276.o
                0x00000000080015e0                lora_version
 .text.lora_is_packet_available
                0x00000000080015fc       0x2c Core/Src/lora_sx1276.o
                0x00000000080015fc                lora_is_packet_available
 .text.lora_receive_packet_base
                0x0000000008001628      0x148 Core/Src/lora_sx1276.o
 .text.lora_receive_packet
                0x0000000008001770       0x2e Core/Src/lora_sx1276.o
                0x0000000008001770                lora_receive_packet
 .text.lora_receive_packet_blocking
                0x000000000800179e       0x54 Core/Src/lora_sx1276.o
                0x000000000800179e                lora_receive_packet_blocking
 .text.lora_init
                0x00000000080017f2       0xec Core/Src/lora_sx1276.o
                0x00000000080017f2                lora_init
 *fill*         0x00000000080018de        0x2 
 .text.main     0x00000000080018e0      0xa4c Core/Src/main.o
                0x00000000080018e0                main
 .text.SystemClock_Config
                0x000000000800232c       0x80 Core/Src/main.o
                0x000000000800232c                SystemClock_Config
 .text.MX_SPI1_Init
                0x00000000080023ac       0x7c Core/Src/main.o
 .text.MX_USART2_UART_Init
                0x0000000008002428       0x60 Core/Src/main.o
 .text.MX_GPIO_Init
                0x0000000008002488      0x1a4 Core/Src/main.o
 .text.print_display
                0x000000000800262c       0xb8 Core/Src/main.o
                0x000000000800262c                print_display
 .text.print_joint
                0x00000000080026e4      0x100 Core/Src/main.o
                0x00000000080026e4                print_joint
 .text.print_count
                0x00000000080027e4       0x6c Core/Src/main.o
                0x00000000080027e4                print_count
 .text.print_live
                0x0000000008002850       0xc0 Core/Src/main.o
                0x0000000008002850                print_live
 .text.get_mrf_distance
                0x0000000008002910       0x1c Core/Src/main.o
                0x0000000008002910                get_mrf_distance
 .text.mrf_reset
                0x000000000800292c       0x34 Core/Src/main.o
                0x000000000800292c                mrf_reset
 .text.handle_rx
                0x0000000008002960       0x44 Core/Src/main.o
                0x0000000008002960                handle_rx
 .text.handle_tx
                0x00000000080029a4       0x94 Core/Src/main.o
                0x00000000080029a4                handle_tx
 .text.mrf_select
                0x0000000008002a38       0x20 Core/Src/main.o
                0x0000000008002a38                mrf_select
 .text.mrf_deselect
                0x0000000008002a58       0x1c Core/Src/main.o
                0x0000000008002a58                mrf_deselect
 .text.spi_tx   0x0000000008002a74       0x30 Core/Src/main.o
                0x0000000008002a74                spi_tx
 .text._delay_ms
                0x0000000008002aa4       0x18 Core/Src/main.o
                0x0000000008002aa4                _delay_ms
 .text.receive_mrf
                0x0000000008002abc       0x54 Core/Src/main.o
                0x0000000008002abc                receive_mrf
 .text.receive_lora
                0x0000000008002b10       0xc8 Core/Src/main.o
                0x0000000008002b10                receive_lora
 .text.UlToStr  0x0000000008002bd8       0x60 Core/Src/main.o
                0x0000000008002bd8                UlToStr
 .text.Error_Handler
                0x0000000008002c38        0xa Core/Src/main.o
                0x0000000008002c38                Error_Handler
 *fill*         0x0000000008002c42        0x2 
 .text.RetargetInit
                0x0000000008002c44       0x30 Core/Src/retarget.o
                0x0000000008002c44                RetargetInit
 .text._isatty  0x0000000008002c74       0x2c Core/Src/retarget.o
                0x0000000008002c74                _isatty
 .text._write   0x0000000008002ca0       0x5c Core/Src/retarget.o
                0x0000000008002ca0                _write
 .text._close   0x0000000008002cfc       0x2e Core/Src/retarget.o
                0x0000000008002cfc                _close
 .text._lseek   0x0000000008002d2a       0x22 Core/Src/retarget.o
                0x0000000008002d2a                _lseek
 .text._read    0x0000000008002d4c       0x54 Core/Src/retarget.o
                0x0000000008002d4c                _read
 .text._fstat   0x0000000008002da0       0x36 Core/Src/retarget.o
                0x0000000008002da0                _fstat
 *fill*         0x0000000008002dd6        0x2 
 .text.HAL_MspInit
                0x0000000008002dd8       0x48 Core/Src/stm32f0xx_hal_msp.o
                0x0000000008002dd8                HAL_MspInit
 .text.HAL_SPI_MspInit
                0x0000000008002e20       0x98 Core/Src/stm32f0xx_hal_msp.o
                0x0000000008002e20                HAL_SPI_MspInit
 .text.HAL_UART_MspInit
                0x0000000008002eb8       0x9c Core/Src/stm32f0xx_hal_msp.o
                0x0000000008002eb8                HAL_UART_MspInit
 .text.NMI_Handler
                0x0000000008002f54        0xa Core/Src/stm32f0xx_it.o
                0x0000000008002f54                NMI_Handler
 .text.HardFault_Handler
                0x0000000008002f5e        0x6 Core/Src/stm32f0xx_it.o
                0x0000000008002f5e                HardFault_Handler
 .text.SVC_Handler
                0x0000000008002f64        0xa Core/Src/stm32f0xx_it.o
                0x0000000008002f64                SVC_Handler
 .text.PendSV_Handler
                0x0000000008002f6e        0xa Core/Src/stm32f0xx_it.o
                0x0000000008002f6e                PendSV_Handler
 .text.SysTick_Handler
                0x0000000008002f78        0xe Core/Src/stm32f0xx_it.o
                0x0000000008002f78                SysTick_Handler
 *fill*         0x0000000008002f86        0x2 
 .text._sbrk    0x0000000008002f88       0x6c Core/Src/sysmem.o
                0x0000000008002f88                _sbrk
 .text.SystemInit
                0x0000000008002ff4        0xa Core/Src/system_stm32f0xx.o
                0x0000000008002ff4                SystemInit
 *fill*         0x0000000008002ffe        0x2 
 .text.Reset_Handler
                0x0000000008003000       0x50 Core/Startup/startup_stm32f051c6tx.o
                0x0000000008003000                Reset_Handler
 .text.Default_Handler
                0x0000000008003050        0x2 Core/Startup/startup_stm32f051c6tx.o
                0x0000000008003050                TIM1_CC_IRQHandler
                0x0000000008003050                TSC_IRQHandler
                0x0000000008003050                ADC1_COMP_IRQHandler
                0x0000000008003050                PVD_IRQHandler
                0x0000000008003050                I2C1_IRQHandler
                0x0000000008003050                RCC_CRS_IRQHandler
                0x0000000008003050                SPI1_IRQHandler
                0x0000000008003050                TIM6_DAC_IRQHandler
                0x0000000008003050                EXTI2_3_IRQHandler
                0x0000000008003050                I2C2_IRQHandler
                0x0000000008003050                TIM17_IRQHandler
                0x0000000008003050                CEC_CAN_IRQHandler
                0x0000000008003050                RTC_IRQHandler
                0x0000000008003050                TIM16_IRQHandler
                0x0000000008003050                TIM3_IRQHandler
                0x0000000008003050                EXTI4_15_IRQHandler
                0x0000000008003050                DMA1_Channel1_IRQHandler
                0x0000000008003050                Default_Handler
                0x0000000008003050                TIM14_IRQHandler
                0x0000000008003050                DMA1_Channel4_5_IRQHandler
                0x0000000008003050                TIM15_IRQHandler
                0x0000000008003050                EXTI0_1_IRQHandler
                0x0000000008003050                SPI2_IRQHandler
                0x0000000008003050                WWDG_IRQHandler
                0x0000000008003050                TIM2_IRQHandler
                0x0000000008003050                DMA1_Channel2_3_IRQHandler
                0x0000000008003050                USART2_IRQHandler
                0x0000000008003050                FLASH_IRQHandler
                0x0000000008003050                USART1_IRQHandler
                0x0000000008003050                TIM1_BRK_UP_TRG_COM_IRQHandler
 *fill*         0x0000000008003052        0x2 
 .text.HAL_Init
                0x0000000008003054       0x28 Drivers/STM32F0xx_HAL_Driver/Src/stm32f0xx_hal.o
                0x0000000008003054                HAL_Init
 .text.HAL_InitTick
                0x000000000800307c       0x68 Drivers/STM32F0xx_HAL_Driver/Src/stm32f0xx_hal.o
                0x000000000800307c                HAL_InitTick
 .text.HAL_IncTick
                0x00000000080030e4       0x24 Drivers/STM32F0xx_HAL_Driver/Src/stm32f0xx_hal.o
                0x00000000080030e4                HAL_IncTick
 .text.HAL_GetTick
                0x0000000008003108       0x14 Drivers/STM32F0xx_HAL_Driver/Src/stm32f0xx_hal.o
                0x0000000008003108                HAL_GetTick
 .text.HAL_Delay
                0x000000000800311c       0x44 Drivers/STM32F0xx_HAL_Driver/Src/stm32f0xx_hal.o
                0x000000000800311c                HAL_Delay
 .text.__NVIC_SetPriority
                0x0000000008003160       0xdc Drivers/STM32F0xx_HAL_Driver/Src/stm32f0xx_hal_cortex.o
 .text.SysTick_Config
                0x000000000800323c       0x48 Drivers/STM32F0xx_HAL_Driver/Src/stm32f0xx_hal_cortex.o
 .text.HAL_NVIC_SetPriority
                0x0000000008003284       0x2a Drivers/STM32F0xx_HAL_Driver/Src/stm32f0xx_hal_cortex.o
                0x0000000008003284                HAL_NVIC_SetPriority
 .text.HAL_SYSTICK_Config
                0x00000000080032ae       0x1a Drivers/STM32F0xx_HAL_Driver/Src/stm32f0xx_hal_cortex.o
                0x00000000080032ae                HAL_SYSTICK_Config
 .text.HAL_DMA_Start_IT
                0x00000000080032c8       0xcc Drivers/STM32F0xx_HAL_Driver/Src/stm32f0xx_hal_dma.o
                0x00000000080032c8                HAL_DMA_Start_IT
 .text.DMA_SetConfig
                0x0000000008003394       0x58 Drivers/STM32F0xx_HAL_Driver/Src/stm32f0xx_hal_dma.o
 .text.HAL_GPIO_Init
                0x00000000080033ec      0x2e0 Drivers/STM32F0xx_HAL_Driver/Src/stm32f0xx_hal_gpio.o
                0x00000000080033ec                HAL_GPIO_Init
 .text.HAL_GPIO_ReadPin
                0x00000000080036cc       0x3a Drivers/STM32F0xx_HAL_Driver/Src/stm32f0xx_hal_gpio.o
                0x00000000080036cc                HAL_GPIO_ReadPin
 .text.HAL_GPIO_WritePin
                0x0000000008003706       0x3a Drivers/STM32F0xx_HAL_Driver/Src/stm32f0xx_hal_gpio.o
                0x0000000008003706                HAL_GPIO_WritePin
 .text.HAL_RCC_OscConfig
                0x0000000008003740      0x638 Drivers/STM32F0xx_HAL_Driver/Src/stm32f0xx_hal_rcc.o
                0x0000000008003740                HAL_RCC_OscConfig
 .text.HAL_RCC_ClockConfig
                0x0000000008003d78      0x19c Drivers/STM32F0xx_HAL_Driver/Src/stm32f0xx_hal_rcc.o
                0x0000000008003d78                HAL_RCC_ClockConfig
 .text.HAL_RCC_GetSysClockFreq
                0x0000000008003f14       0xc8 Drivers/STM32F0xx_HAL_Driver/Src/stm32f0xx_hal_rcc.o
                0x0000000008003f14                HAL_RCC_GetSysClockFreq
 .text.HAL_RCC_GetHCLKFreq
                0x0000000008003fdc       0x14 Drivers/STM32F0xx_HAL_Driver/Src/stm32f0xx_hal_rcc.o
                0x0000000008003fdc                HAL_RCC_GetHCLKFreq
 .text.HAL_RCC_GetPCLK1Freq
                0x0000000008003ff0       0x2c Drivers/STM32F0xx_HAL_Driver/Src/stm32f0xx_hal_rcc.o
                0x0000000008003ff0                HAL_RCC_GetPCLK1Freq
 .text.HAL_SPI_Init
                0x000000000800401c      0x134 Drivers/STM32F0xx_HAL_Driver/Src/stm32f0xx_hal_spi.o
                0x000000000800401c                HAL_SPI_Init
 .text.HAL_SPI_Transmit
                0x0000000008004150      0x302 Drivers/STM32F0xx_HAL_Driver/Src/stm32f0xx_hal_spi.o
                0x0000000008004150                HAL_SPI_Transmit
 *fill*         0x0000000008004452        0x2 
 .text.HAL_SPI_Receive
                0x0000000008004454      0x288 Drivers/STM32F0xx_HAL_Driver/Src/stm32f0xx_hal_spi.o
                0x0000000008004454                HAL_SPI_Receive
 .text.HAL_SPI_TransmitReceive
                0x00000000080046dc      0x474 Drivers/STM32F0xx_HAL_Driver/Src/stm32f0xx_hal_spi.o
                0x00000000080046dc                HAL_SPI_TransmitReceive
 .text.HAL_SPI_Receive_DMA
                0x0000000008004b50      0x290 Drivers/STM32F0xx_HAL_Driver/Src/stm32f0xx_hal_spi.o
                0x0000000008004b50                HAL_SPI_Receive_DMA
 .text.HAL_SPI_TransmitReceive_DMA
                0x0000000008004de0      0x388 Drivers/STM32F0xx_HAL_Driver/Src/stm32f0xx_hal_spi.o
                0x0000000008004de0                HAL_SPI_TransmitReceive_DMA
 .text.HAL_SPI_RxCpltCallback
                0x0000000008005168       0x10 Drivers/STM32F0xx_HAL_Driver/Src/stm32f0xx_hal_spi.o
                0x0000000008005168                HAL_SPI_RxCpltCallback
 .text.HAL_SPI_TxRxCpltCallback
                0x0000000008005178       0x10 Drivers/STM32F0xx_HAL_Driver/Src/stm32f0xx_hal_spi.o
                0x0000000008005178                HAL_SPI_TxRxCpltCallback
 .text.HAL_SPI_RxHalfCpltCallback
                0x0000000008005188       0x10 Drivers/STM32F0xx_HAL_Driver/Src/stm32f0xx_hal_spi.o
                0x0000000008005188                HAL_SPI_RxHalfCpltCallback
 .text.HAL_SPI_TxRxHalfCpltCallback
                0x0000000008005198       0x10 Drivers/STM32F0xx_HAL_Driver/Src/stm32f0xx_hal_spi.o
                0x0000000008005198                HAL_SPI_TxRxHalfCpltCallback
 .text.HAL_SPI_ErrorCallback
                0x00000000080051a8       0x10 Drivers/STM32F0xx_HAL_Driver/Src/stm32f0xx_hal_spi.o
                0x00000000080051a8                HAL_SPI_ErrorCallback
 .text.SPI_DMAReceiveCplt
                0x00000000080051b8       0x8a Drivers/STM32F0xx_HAL_Driver/Src/stm32f0xx_hal_spi.o
 .text.SPI_DMATransmitReceiveCplt
                0x0000000008005242       0x96 Drivers/STM32F0xx_HAL_Driver/Src/stm32f0xx_hal_spi.o
 .text.SPI_DMAHalfReceiveCplt
                0x00000000080052d8       0x1e Drivers/STM32F0xx_HAL_Driver/Src/stm32f0xx_hal_spi.o
 .text.SPI_DMAHalfTransmitReceiveCplt
                0x00000000080052f6       0x1e Drivers/STM32F0xx_HAL_Driver/Src/stm32f0xx_hal_spi.o
 .text.SPI_DMAError
                0x0000000008005314       0x42 Drivers/STM32F0xx_HAL_Driver/Src/stm32f0xx_hal_spi.o
 *fill*         0x0000000008005356        0x2 
 .text.SPI_WaitFlagStateUntilTimeout
                0x0000000008005358       0xe0 Drivers/STM32F0xx_HAL_Driver/Src/stm32f0xx_hal_spi.o
 .text.SPI_WaitFifoStateUntilTimeout
                0x0000000008005438       0xe8 Drivers/STM32F0xx_HAL_Driver/Src/stm32f0xx_hal_spi.o
 .text.SPI_EndRxTransaction
                0x0000000008005520       0xbc Drivers/STM32F0xx_HAL_Driver/Src/stm32f0xx_hal_spi.o
 .text.SPI_EndRxTxTransaction
                0x00000000080055dc       0x8c Drivers/STM32F0xx_HAL_Driver/Src/stm32f0xx_hal_spi.o
 .text.HAL_HalfDuplex_Init
                0x0000000008005668       0xb8 Drivers/STM32F0xx_HAL_Driver/Src/stm32f0xx_hal_uart.o
                0x0000000008005668                HAL_HalfDuplex_Init
 .text.HAL_UART_Transmit
                0x0000000008005720      0x150 Drivers/STM32F0xx_HAL_Driver/Src/stm32f0xx_hal_uart.o
                0x0000000008005720                HAL_UART_Transmit
 .text.HAL_UART_Receive
                0x0000000008005870      0x1b0 Drivers/STM32F0xx_HAL_Driver/Src/stm32f0xx_hal_uart.o
                0x0000000008005870                HAL_UART_Receive
 .text.UART_SetConfig
                0x0000000008005a20      0x30c Drivers/STM32F0xx_HAL_Driver/Src/stm32f0xx_hal_uart.o
                0x0000000008005a20                UART_SetConfig
 .text.UART_AdvFeatureConfig
                0x0000000008005d2c      0x168 Drivers/STM32F0xx_HAL_Driver/Src/stm32f0xx_hal_uart.o
                0x0000000008005d2c                UART_AdvFeatureConfig
 .text.UART_CheckIdleState
                0x0000000008005e94       0x8c Drivers/STM32F0xx_HAL_Driver/Src/stm32f0xx_hal_uart.o
                0x0000000008005e94                UART_CheckIdleState
 .text.UART_WaitOnFlagUntilTimeout
                0x0000000008005f20       0xfc Drivers/STM32F0xx_HAL_Driver/Src/stm32f0xx_hal_uart.o
                0x0000000008005f20                UART_WaitOnFlagUntilTimeout
 .text.__errno  0x000000000800601c        0xc /opt/st/stm32cubeide_1.4.0/plugins/com.st.stm32cube.ide.mcu.externaltools.gnu-tools-for-stm32.7-2018-q2-update.linux64_1.4.0.202007081208/tools/bin/../lib/gcc/arm-none-eabi/7.3.1/../../../../arm-none-eabi/lib/thumb/v6-m/libc_nano.a(lib_a-errno.o)
                0x000000000800601c                __errno
 .text.__libc_init_array
                0x0000000008006028       0x48 /opt/st/stm32cubeide_1.4.0/plugins/com.st.stm32cube.ide.mcu.externaltools.gnu-tools-for-stm32.7-2018-q2-update.linux64_1.4.0.202007081208/tools/bin/../lib/gcc/arm-none-eabi/7.3.1/../../../../arm-none-eabi/lib/thumb/v6-m/libc_nano.a(lib_a-init.o)
                0x0000000008006028                __libc_init_array
 .text.memset   0x0000000008006070       0x10 /opt/st/stm32cubeide_1.4.0/plugins/com.st.stm32cube.ide.mcu.externaltools.gnu-tools-for-stm32.7-2018-q2-update.linux64_1.4.0.202007081208/tools/bin/../lib/gcc/arm-none-eabi/7.3.1/../../../../arm-none-eabi/lib/thumb/v6-m/libc_nano.a(lib_a-memset.o)
                0x0000000008006070                memset
 .text.printf   0x0000000008006080       0x34 /opt/st/stm32cubeide_1.4.0/plugins/com.st.stm32cube.ide.mcu.externaltools.gnu-tools-for-stm32.7-2018-q2-update.linux64_1.4.0.202007081208/tools/bin/../lib/gcc/arm-none-eabi/7.3.1/../../../../arm-none-eabi/lib/thumb/v6-m/libc_nano.a(lib_a-printf.o)
                0x0000000008006080                printf
                0x0000000008006080                iprintf
 .text.putchar  0x00000000080060b4       0x28 /opt/st/stm32cubeide_1.4.0/plugins/com.st.stm32cube.ide.mcu.externaltools.gnu-tools-for-stm32.7-2018-q2-update.linux64_1.4.0.202007081208/tools/bin/../lib/gcc/arm-none-eabi/7.3.1/../../../../arm-none-eabi/lib/thumb/v6-m/libc_nano.a(lib_a-putchar.o)
                0x00000000080060b4                putchar
 .text._puts_r  0x00000000080060dc       0xc0 /opt/st/stm32cubeide_1.4.0/plugins/com.st.stm32cube.ide.mcu.externaltools.gnu-tools-for-stm32.7-2018-q2-update.linux64_1.4.0.202007081208/tools/bin/../lib/gcc/arm-none-eabi/7.3.1/../../../../arm-none-eabi/lib/thumb/v6-m/libc_nano.a(lib_a-puts.o)
                0x00000000080060dc                _puts_r
 .text.puts     0x000000000800619c       0x14 /opt/st/stm32cubeide_1.4.0/plugins/com.st.stm32cube.ide.mcu.externaltools.gnu-tools-for-stm32.7-2018-q2-update.linux64_1.4.0.202007081208/tools/bin/../lib/gcc/arm-none-eabi/7.3.1/../../../../arm-none-eabi/lib/thumb/v6-m/libc_nano.a(lib_a-puts.o)
                0x000000000800619c                puts
 .text.setvbuf  0x00000000080061b0      0x158 /opt/st/stm32cubeide_1.4.0/plugins/com.st.stm32cube.ide.mcu.externaltools.gnu-tools-for-stm32.7-2018-q2-update.linux64_1.4.0.202007081208/tools/bin/../lib/gcc/arm-none-eabi/7.3.1/../../../../arm-none-eabi/lib/thumb/v6-m/libc_nano.a(lib_a-setvbuf.o)
                0x00000000080061b0                setvbuf
 .text.__swbuf_r
                0x0000000008006308       0xac /opt/st/stm32cubeide_1.4.0/plugins/com.st.stm32cube.ide.mcu.externaltools.gnu-tools-for-stm32.7-2018-q2-update.linux64_1.4.0.202007081208/tools/bin/../lib/gcc/arm-none-eabi/7.3.1/../../../../arm-none-eabi/lib/thumb/v6-m/libc_nano.a(lib_a-wbuf.o)
                0x0000000008006308                __swbuf_r
 .text.__swsetup_r
                0x00000000080063b4       0xec /opt/st/stm32cubeide_1.4.0/plugins/com.st.stm32cube.ide.mcu.externaltools.gnu-tools-for-stm32.7-2018-q2-update.linux64_1.4.0.202007081208/tools/bin/../lib/gcc/arm-none-eabi/7.3.1/../../../../arm-none-eabi/lib/thumb/v6-m/libc_nano.a(lib_a-wsetup.o)
                0x00000000080063b4                __swsetup_r
 .text.__sflush_r
                0x00000000080064a0      0x114 /opt/st/stm32cubeide_1.4.0/plugins/com.st.stm32cube.ide.mcu.externaltools.gnu-tools-for-stm32.7-2018-q2-update.linux64_1.4.0.202007081208/tools/bin/../lib/gcc/arm-none-eabi/7.3.1/../../../../arm-none-eabi/lib/thumb/v6-m/libc_nano.a(lib_a-fflush.o)
                0x00000000080064a0                __sflush_r
 .text._fflush_r
                0x00000000080065b4       0x58 /opt/st/stm32cubeide_1.4.0/plugins/com.st.stm32cube.ide.mcu.externaltools.gnu-tools-for-stm32.7-2018-q2-update.linux64_1.4.0.202007081208/tools/bin/../lib/gcc/arm-none-eabi/7.3.1/../../../../arm-none-eabi/lib/thumb/v6-m/libc_nano.a(lib_a-fflush.o)
                0x00000000080065b4                _fflush_r
 .text.std      0x000000000800660c       0x48 /opt/st/stm32cubeide_1.4.0/plugins/com.st.stm32cube.ide.mcu.externaltools.gnu-tools-for-stm32.7-2018-q2-update.linux64_1.4.0.202007081208/tools/bin/../lib/gcc/arm-none-eabi/7.3.1/../../../../arm-none-eabi/lib/thumb/v6-m/libc_nano.a(lib_a-findfp.o)
 .text._cleanup_r
                0x0000000008006654       0x10 /opt/st/stm32cubeide_1.4.0/plugins/com.st.stm32cube.ide.mcu.externaltools.gnu-tools-for-stm32.7-2018-q2-update.linux64_1.4.0.202007081208/tools/bin/../lib/gcc/arm-none-eabi/7.3.1/../../../../arm-none-eabi/lib/thumb/v6-m/libc_nano.a(lib_a-findfp.o)
                0x0000000008006654                _cleanup_r
 .text.__sfmoreglue
                0x0000000008006664       0x2c /opt/st/stm32cubeide_1.4.0/plugins/com.st.stm32cube.ide.mcu.externaltools.gnu-tools-for-stm32.7-2018-q2-update.linux64_1.4.0.202007081208/tools/bin/../lib/gcc/arm-none-eabi/7.3.1/../../../../arm-none-eabi/lib/thumb/v6-m/libc_nano.a(lib_a-findfp.o)
                0x0000000008006664                __sfmoreglue
 .text.__sinit  0x0000000008006690       0x68 /opt/st/stm32cubeide_1.4.0/plugins/com.st.stm32cube.ide.mcu.externaltools.gnu-tools-for-stm32.7-2018-q2-update.linux64_1.4.0.202007081208/tools/bin/../lib/gcc/arm-none-eabi/7.3.1/../../../../arm-none-eabi/lib/thumb/v6-m/libc_nano.a(lib_a-findfp.o)
                0x0000000008006690                __sinit
 .text.__sfp    0x00000000080066f8       0x7c /opt/st/stm32cubeide_1.4.0/plugins/com.st.stm32cube.ide.mcu.externaltools.gnu-tools-for-stm32.7-2018-q2-update.linux64_1.4.0.202007081208/tools/bin/../lib/gcc/arm-none-eabi/7.3.1/../../../../arm-none-eabi/lib/thumb/v6-m/libc_nano.a(lib_a-findfp.o)
                0x00000000080066f8                __sfp
 .text._fwalk_reent
                0x0000000008006774       0x42 /opt/st/stm32cubeide_1.4.0/plugins/com.st.stm32cube.ide.mcu.externaltools.gnu-tools-for-stm32.7-2018-q2-update.linux64_1.4.0.202007081208/tools/bin/../lib/gcc/arm-none-eabi/7.3.1/../../../../arm-none-eabi/lib/thumb/v6-m/libc_nano.a(lib_a-fwalk.o)
                0x0000000008006774                _fwalk_reent
 *fill*         0x00000000080067b6        0x2 
 .text.__swhatbuf_r
                0x00000000080067b8       0x50 /opt/st/stm32cubeide_1.4.0/plugins/com.st.stm32cube.ide.mcu.externaltools.gnu-tools-for-stm32.7-2018-q2-update.linux64_1.4.0.202007081208/tools/bin/../lib/gcc/arm-none-eabi/7.3.1/../../../../arm-none-eabi/lib/thumb/v6-m/libc_nano.a(lib_a-makebuf.o)
                0x00000000080067b8                __swhatbuf_r
 .text.__smakebuf_r
                0x0000000008006808       0x88 /opt/st/stm32cubeide_1.4.0/plugins/com.st.stm32cube.ide.mcu.externaltools.gnu-tools-for-stm32.7-2018-q2-update.linux64_1.4.0.202007081208/tools/bin/../lib/gcc/arm-none-eabi/7.3.1/../../../../arm-none-eabi/lib/thumb/v6-m/libc_nano.a(lib_a-makebuf.o)
                0x0000000008006808                __smakebuf_r
 .text.malloc   0x0000000008006890       0x14 /opt/st/stm32cubeide_1.4.0/plugins/com.st.stm32cube.ide.mcu.externaltools.gnu-tools-for-stm32.7-2018-q2-update.linux64_1.4.0.202007081208/tools/bin/../lib/gcc/arm-none-eabi/7.3.1/../../../../arm-none-eabi/lib/thumb/v6-m/libc_nano.a(lib_a-malloc.o)
                0x0000000008006890                malloc
 .text._free_r  0x00000000080068a4       0x94 /opt/st/stm32cubeide_1.4.0/plugins/com.st.stm32cube.ide.mcu.externaltools.gnu-tools-for-stm32.7-2018-q2-update.linux64_1.4.0.202007081208/tools/bin/../lib/gcc/arm-none-eabi/7.3.1/../../../../arm-none-eabi/lib/thumb/v6-m/libc_nano.a(lib_a-nano-freer.o)
                0x00000000080068a4                _free_r
 .text._malloc_r
                0x0000000008006938       0xbc /opt/st/stm32cubeide_1.4.0/plugins/com.st.stm32cube.ide.mcu.externaltools.gnu-tools-for-stm32.7-2018-q2-update.linux64_1.4.0.202007081208/tools/bin/../lib/gcc/arm-none-eabi/7.3.1/../../../../arm-none-eabi/lib/thumb/v6-m/libc_nano.a(lib_a-nano-mallocr.o)
                0x0000000008006938                _malloc_r
 .text.__sfputc_r
                0x00000000080069f4       0x2a /opt/st/stm32cubeide_1.4.0/plugins/com.st.stm32cube.ide.mcu.externaltools.gnu-tools-for-stm32.7-2018-q2-update.linux64_1.4.0.202007081208/tools/bin/../lib/gcc/arm-none-eabi/7.3.1/../../../../arm-none-eabi/lib/thumb/v6-m/libc_nano.a(lib_a-nano-vfprintf.o)
 .text.__sfputs_r
                0x0000000008006a1e       0x24 /opt/st/stm32cubeide_1.4.0/plugins/com.st.stm32cube.ide.mcu.externaltools.gnu-tools-for-stm32.7-2018-q2-update.linux64_1.4.0.202007081208/tools/bin/../lib/gcc/arm-none-eabi/7.3.1/../../../../arm-none-eabi/lib/thumb/v6-m/libc_nano.a(lib_a-nano-vfprintf.o)
                0x0000000008006a1e                __sfputs_r
 *fill*         0x0000000008006a42        0x2 
 .text._vfprintf_r
                0x0000000008006a44      0x22c /opt/st/stm32cubeide_1.4.0/plugins/com.st.stm32cube.ide.mcu.externaltools.gnu-tools-for-stm32.7-2018-q2-update.linux64_1.4.0.202007081208/tools/bin/../lib/gcc/arm-none-eabi/7.3.1/../../../../arm-none-eabi/lib/thumb/v6-m/libc_nano.a(lib_a-nano-vfprintf.o)
                0x0000000008006a44                _vfiprintf_r
                0x0000000008006a44                _vfprintf_r
 .text._printf_common
                0x0000000008006c70       0xda /opt/st/stm32cubeide_1.4.0/plugins/com.st.stm32cube.ide.mcu.externaltools.gnu-tools-for-stm32.7-2018-q2-update.linux64_1.4.0.202007081208/tools/bin/../lib/gcc/arm-none-eabi/7.3.1/../../../../arm-none-eabi/lib/thumb/v6-m/libc_nano.a(lib_a-nano-vfprintf_i.o)
                0x0000000008006c70                _printf_common
 *fill*         0x0000000008006d4a        0x2 
 .text._printf_i
                0x0000000008006d4c      0x210 /opt/st/stm32cubeide_1.4.0/plugins/com.st.stm32cube.ide.mcu.externaltools.gnu-tools-for-stm32.7-2018-q2-update.linux64_1.4.0.202007081208/tools/bin/../lib/gcc/arm-none-eabi/7.3.1/../../../../arm-none-eabi/lib/thumb/v6-m/libc_nano.a(lib_a-nano-vfprintf_i.o)
                0x0000000008006d4c                _printf_i
 .text._putc_r  0x0000000008006f5c       0x6c /opt/st/stm32cubeide_1.4.0/plugins/com.st.stm32cube.ide.mcu.externaltools.gnu-tools-for-stm32.7-2018-q2-update.linux64_1.4.0.202007081208/tools/bin/../lib/gcc/arm-none-eabi/7.3.1/../../../../arm-none-eabi/lib/thumb/v6-m/libc_nano.a(lib_a-putc.o)
                0x0000000008006f5c                _putc_r
 .text._sbrk_r  0x0000000008006fc8       0x24 /opt/st/stm32cubeide_1.4.0/plugins/com.st.stm32cube.ide.mcu.externaltools.gnu-tools-for-stm32.7-2018-q2-update.linux64_1.4.0.202007081208/tools/bin/../lib/gcc/arm-none-eabi/7.3.1/../../../../arm-none-eabi/lib/thumb/v6-m/libc_nano.a(lib_a-sbrkr.o)
                0x0000000008006fc8                _sbrk_r
 .text.__sread  0x0000000008006fec       0x28 /opt/st/stm32cubeide_1.4.0/plugins/com.st.stm32cube.ide.mcu.externaltools.gnu-tools-for-stm32.7-2018-q2-update.linux64_1.4.0.202007081208/tools/bin/../lib/gcc/arm-none-eabi/7.3.1/../../../../arm-none-eabi/lib/thumb/v6-m/libc_nano.a(lib_a-stdio.o)
                0x0000000008006fec                __sread
 .text.__swrite
                0x0000000008007014       0x38 /opt/st/stm32cubeide_1.4.0/plugins/com.st.stm32cube.ide.mcu.externaltools.gnu-tools-for-stm32.7-2018-q2-update.linux64_1.4.0.202007081208/tools/bin/../lib/gcc/arm-none-eabi/7.3.1/../../../../arm-none-eabi/lib/thumb/v6-m/libc_nano.a(lib_a-stdio.o)
                0x0000000008007014                __swrite
 .text.__sseek  0x000000000800704c       0x2c /opt/st/stm32cubeide_1.4.0/plugins/com.st.stm32cube.ide.mcu.externaltools.gnu-tools-for-stm32.7-2018-q2-update.linux64_1.4.0.202007081208/tools/bin/../lib/gcc/arm-none-eabi/7.3.1/../../../../arm-none-eabi/lib/thumb/v6-m/libc_nano.a(lib_a-stdio.o)
                0x000000000800704c                __sseek
 .text.__sclose
                0x0000000008007078        0xc /opt/st/stm32cubeide_1.4.0/plugins/com.st.stm32cube.ide.mcu.externaltools.gnu-tools-for-stm32.7-2018-q2-update.linux64_1.4.0.202007081208/tools/bin/../lib/gcc/arm-none-eabi/7.3.1/../../../../arm-none-eabi/lib/thumb/v6-m/libc_nano.a(lib_a-stdio.o)
                0x0000000008007078                __sclose
 .text._write_r
                0x0000000008007084       0x28 /opt/st/stm32cubeide_1.4.0/plugins/com.st.stm32cube.ide.mcu.externaltools.gnu-tools-for-stm32.7-2018-q2-update.linux64_1.4.0.202007081208/tools/bin/../lib/gcc/arm-none-eabi/7.3.1/../../../../arm-none-eabi/lib/thumb/v6-m/libc_nano.a(lib_a-writer.o)
                0x0000000008007084                _write_r
 .text._close_r
                0x00000000080070ac       0x24 /opt/st/stm32cubeide_1.4.0/plugins/com.st.stm32cube.ide.mcu.externaltools.gnu-tools-for-stm32.7-2018-q2-update.linux64_1.4.0.202007081208/tools/bin/../lib/gcc/arm-none-eabi/7.3.1/../../../../arm-none-eabi/lib/thumb/v6-m/libc_nano.a(lib_a-closer.o)
                0x00000000080070ac                _close_r
 .text._fstat_r
                0x00000000080070d0       0x24 /opt/st/stm32cubeide_1.4.0/plugins/com.st.stm32cube.ide.mcu.externaltools.gnu-tools-for-stm32.7-2018-q2-update.linux64_1.4.0.202007081208/tools/bin/../lib/gcc/arm-none-eabi/7.3.1/../../../../arm-none-eabi/lib/thumb/v6-m/libc_nano.a(lib_a-fstatr.o)
                0x00000000080070d0                _fstat_r
 .text._isatty_r
                0x00000000080070f4       0x24 /opt/st/stm32cubeide_1.4.0/plugins/com.st.stm32cube.ide.mcu.externaltools.gnu-tools-for-stm32.7-2018-q2-update.linux64_1.4.0.202007081208/tools/bin/../lib/gcc/arm-none-eabi/7.3.1/../../../../arm-none-eabi/lib/thumb/v6-m/libc_nano.a(lib_a-isattyr.o)
                0x00000000080070f4                _isatty_r
 .text._lseek_r
                0x0000000008007118       0x28 /opt/st/stm32cubeide_1.4.0/plugins/com.st.stm32cube.ide.mcu.externaltools.gnu-tools-for-stm32.7-2018-q2-update.linux64_1.4.0.202007081208/tools/bin/../lib/gcc/arm-none-eabi/7.3.1/../../../../arm-none-eabi/lib/thumb/v6-m/libc_nano.a(lib_a-lseekr.o)
                0x0000000008007118                _lseek_r
 .text.memchr   0x0000000008007140       0x16 /opt/st/stm32cubeide_1.4.0/plugins/com.st.stm32cube.ide.mcu.externaltools.gnu-tools-for-stm32.7-2018-q2-update.linux64_1.4.0.202007081208/tools/bin/../lib/gcc/arm-none-eabi/7.3.1/../../../../arm-none-eabi/lib/thumb/v6-m/libc_nano.a(lib_a-memchr-stub.o)
                0x0000000008007140                memchr
 .text.__malloc_lock
                0x0000000008007156        0x2 /opt/st/stm32cubeide_1.4.0/plugins/com.st.stm32cube.ide.mcu.externaltools.gnu-tools-for-stm32.7-2018-q2-update.linux64_1.4.0.202007081208/tools/bin/../lib/gcc/arm-none-eabi/7.3.1/../../../../arm-none-eabi/lib/thumb/v6-m/libc_nano.a(lib_a-mlock.o)
                0x0000000008007156                __malloc_lock
 .text.__malloc_unlock
                0x0000000008007158        0x2 /opt/st/stm32cubeide_1.4.0/plugins/com.st.stm32cube.ide.mcu.externaltools.gnu-tools-for-stm32.7-2018-q2-update.linux64_1.4.0.202007081208/tools/bin/../lib/gcc/arm-none-eabi/7.3.1/../../../../arm-none-eabi/lib/thumb/v6-m/libc_nano.a(lib_a-mlock.o)
                0x0000000008007158                __malloc_unlock
 *fill*         0x000000000800715a        0x2 
 .text._read_r  0x000000000800715c       0x28 /opt/st/stm32cubeide_1.4.0/plugins/com.st.stm32cube.ide.mcu.externaltools.gnu-tools-for-stm32.7-2018-q2-update.linux64_1.4.0.202007081208/tools/bin/../lib/gcc/arm-none-eabi/7.3.1/../../../../arm-none-eabi/lib/thumb/v6-m/libc_nano.a(lib_a-readr.o)
                0x000000000800715c                _read_r
 *(.glue_7)
 .glue_7        0x0000000008007184        0x0 linker stubs
 *(.glue_7t)
 .glue_7t       0x0000000008007184        0x0 linker stubs
 *(.eh_frame)
 .eh_frame      0x0000000008007184        0x0 /opt/st/stm32cubeide_1.4.0/plugins/com.st.stm32cube.ide.mcu.externaltools.gnu-tools-for-stm32.7-2018-q2-update.linux64_1.4.0.202007081208/tools/bin/../lib/gcc/arm-none-eabi/7.3.1/thumb/v6-m/crtbegin.o
 *(.init)
 .init          0x0000000008007184        0x4 /opt/st/stm32cubeide_1.4.0/plugins/com.st.stm32cube.ide.mcu.externaltools.gnu-tools-for-stm32.7-2018-q2-update.linux64_1.4.0.202007081208/tools/bin/../lib/gcc/arm-none-eabi/7.3.1/thumb/v6-m/crti.o
                0x0000000008007184                _init
 .init          0x0000000008007188        0x8 /opt/st/stm32cubeide_1.4.0/plugins/com.st.stm32cube.ide.mcu.externaltools.gnu-tools-for-stm32.7-2018-q2-update.linux64_1.4.0.202007081208/tools/bin/../lib/gcc/arm-none-eabi/7.3.1/thumb/v6-m/crtn.o
 *(.fini)
 .fini          0x0000000008007190        0x4 /opt/st/stm32cubeide_1.4.0/plugins/com.st.stm32cube.ide.mcu.externaltools.gnu-tools-for-stm32.7-2018-q2-update.linux64_1.4.0.202007081208/tools/bin/../lib/gcc/arm-none-eabi/7.3.1/thumb/v6-m/crti.o
                0x0000000008007190                _fini
 .fini          0x0000000008007194        0x8 /opt/st/stm32cubeide_1.4.0/plugins/com.st.stm32cube.ide.mcu.externaltools.gnu-tools-for-stm32.7-2018-q2-update.linux64_1.4.0.202007081208/tools/bin/../lib/gcc/arm-none-eabi/7.3.1/thumb/v6-m/crtn.o
                0x000000000800719c                . = ALIGN (0x4)
                0x000000000800719c                _etext = .

.vfp11_veneer   0x000000000800719c        0x0
 .vfp11_veneer  0x000000000800719c        0x0 linker stubs

.v4_bx          0x000000000800719c        0x0
 .v4_bx         0x000000000800719c        0x0 linker stubs

.iplt           0x000000000800719c        0x0
 .iplt          0x000000000800719c        0x0 /opt/st/stm32cubeide_1.4.0/plugins/com.st.stm32cube.ide.mcu.externaltools.gnu-tools-for-stm32.7-2018-q2-update.linux64_1.4.0.202007081208/tools/bin/../lib/gcc/arm-none-eabi/7.3.1/thumb/v6-m/crtbegin.o

.rodata         0x000000000800719c      0x434
                0x000000000800719c                . = ALIGN (0x4)
 *(.rodata)
 .rodata        0x000000000800719c      0x364 Core/Src/main.o
 .rodata        0x0000000008007500       0x20 Drivers/STM32F0xx_HAL_Driver/Src/stm32f0xx_hal_rcc.o
 *(.rodata*)
 .rodata.AHBPrescTable
                0x0000000008007520       0x10 Core/Src/system_stm32f0xx.o
                0x0000000008007520                AHBPrescTable
 .rodata.APBPrescTable
                0x0000000008007530        0x8 Core/Src/system_stm32f0xx.o
                0x0000000008007530                APBPrescTable
 .rodata._global_impure_ptr
                0x0000000008007538        0x4 /opt/st/stm32cubeide_1.4.0/plugins/com.st.stm32cube.ide.mcu.externaltools.gnu-tools-for-stm32.7-2018-q2-update.linux64_1.4.0.202007081208/tools/bin/../lib/gcc/arm-none-eabi/7.3.1/../../../../arm-none-eabi/lib/thumb/v6-m/libc_nano.a(lib_a-impure.o)
                0x0000000008007538                _global_impure_ptr
 .rodata.__sf_fake_stderr
                0x000000000800753c       0x20 /opt/st/stm32cubeide_1.4.0/plugins/com.st.stm32cube.ide.mcu.externaltools.gnu-tools-for-stm32.7-2018-q2-update.linux64_1.4.0.202007081208/tools/bin/../lib/gcc/arm-none-eabi/7.3.1/../../../../arm-none-eabi/lib/thumb/v6-m/libc_nano.a(lib_a-findfp.o)
                0x000000000800753c                __sf_fake_stderr
 .rodata.__sf_fake_stdin
                0x000000000800755c       0x20 /opt/st/stm32cubeide_1.4.0/plugins/com.st.stm32cube.ide.mcu.externaltools.gnu-tools-for-stm32.7-2018-q2-update.linux64_1.4.0.202007081208/tools/bin/../lib/gcc/arm-none-eabi/7.3.1/../../../../arm-none-eabi/lib/thumb/v6-m/libc_nano.a(lib_a-findfp.o)
                0x000000000800755c                __sf_fake_stdin
 .rodata.__sf_fake_stdout
                0x000000000800757c       0x20 /opt/st/stm32cubeide_1.4.0/plugins/com.st.stm32cube.ide.mcu.externaltools.gnu-tools-for-stm32.7-2018-q2-update.linux64_1.4.0.202007081208/tools/bin/../lib/gcc/arm-none-eabi/7.3.1/../../../../arm-none-eabi/lib/thumb/v6-m/libc_nano.a(lib_a-findfp.o)
                0x000000000800757c                __sf_fake_stdout
 .rodata._vfprintf_r.str1.1
                0x000000000800759c       0x11 /opt/st/stm32cubeide_1.4.0/plugins/com.st.stm32cube.ide.mcu.externaltools.gnu-tools-for-stm32.7-2018-q2-update.linux64_1.4.0.202007081208/tools/bin/../lib/gcc/arm-none-eabi/7.3.1/../../../../arm-none-eabi/lib/thumb/v6-m/libc_nano.a(lib_a-nano-vfprintf.o)
 .rodata._printf_i.str1.1
                0x00000000080075ad       0x22 /opt/st/stm32cubeide_1.4.0/plugins/com.st.stm32cube.ide.mcu.externaltools.gnu-tools-for-stm32.7-2018-q2-update.linux64_1.4.0.202007081208/tools/bin/../lib/gcc/arm-none-eabi/7.3.1/../../../../arm-none-eabi/lib/thumb/v6-m/libc_nano.a(lib_a-nano-vfprintf_i.o)
                0x00000000080075d0                . = ALIGN (0x4)
 *fill*         0x00000000080075cf        0x1 

.ARM.extab      0x00000000080075d0        0x0
                0x00000000080075d0                . = ALIGN (0x4)
 *(.ARM.extab* .gnu.linkonce.armextab.*)
                0x00000000080075d0                . = ALIGN (0x4)

.ARM            0x00000000080075d0        0x8
                0x00000000080075d0                . = ALIGN (0x4)
                0x00000000080075d0                __exidx_start = .
 *(.ARM.exidx*)
 .ARM.exidx     0x00000000080075d0        0x8 /opt/st/stm32cubeide_1.4.0/plugins/com.st.stm32cube.ide.mcu.externaltools.gnu-tools-for-stm32.7-2018-q2-update.linux64_1.4.0.202007081208/tools/bin/../lib/gcc/arm-none-eabi/7.3.1/thumb/v6-m/libgcc.a(_udivmoddi4.o)
                0x00000000080075d8                __exidx_end = .
                0x00000000080075d8                . = ALIGN (0x4)

.rel.dyn        0x00000000080075d8        0x0
 .rel.iplt      0x00000000080075d8        0x0 /opt/st/stm32cubeide_1.4.0/plugins/com.st.stm32cube.ide.mcu.externaltools.gnu-tools-for-stm32.7-2018-q2-update.linux64_1.4.0.202007081208/tools/bin/../lib/gcc/arm-none-eabi/7.3.1/thumb/v6-m/crtbegin.o

.preinit_array  0x00000000080075d8        0x0
                0x00000000080075d8                . = ALIGN (0x4)
                0x00000000080075d8                PROVIDE (__preinit_array_start = .)
 *(.preinit_array*)
                0x00000000080075d8                PROVIDE (__preinit_array_end = .)
                0x00000000080075d8                . = ALIGN (0x4)

.init_array     0x00000000080075d8        0x4
                0x00000000080075d8                . = ALIGN (0x4)
                0x00000000080075d8                PROVIDE (__init_array_start = .)
 *(SORT_BY_NAME(.init_array.*))
 *(.init_array*)
 .init_array    0x00000000080075d8        0x4 /opt/st/stm32cubeide_1.4.0/plugins/com.st.stm32cube.ide.mcu.externaltools.gnu-tools-for-stm32.7-2018-q2-update.linux64_1.4.0.202007081208/tools/bin/../lib/gcc/arm-none-eabi/7.3.1/thumb/v6-m/crtbegin.o
                0x00000000080075dc                PROVIDE (__init_array_end = .)
                0x00000000080075dc                . = ALIGN (0x4)

.fini_array     0x00000000080075dc        0x4
                0x00000000080075dc                . = ALIGN (0x4)
                [!provide]                        PROVIDE (__fini_array_start = .)
 *(SORT_BY_NAME(.fini_array.*))
 *(.fini_array*)
 .fini_array    0x00000000080075dc        0x4 /opt/st/stm32cubeide_1.4.0/plugins/com.st.stm32cube.ide.mcu.externaltools.gnu-tools-for-stm32.7-2018-q2-update.linux64_1.4.0.202007081208/tools/bin/../lib/gcc/arm-none-eabi/7.3.1/thumb/v6-m/crtbegin.o
                [!provide]                        PROVIDE (__fini_array_end = .)
                0x00000000080075e0                . = ALIGN (0x4)
                0x00000000080075e0                _sidata = LOADADDR (.data)

.data           0x0000000020000000       0x74 load address 0x00000000080075e0
                0x0000000020000000                . = ALIGN (0x4)
                0x0000000020000000                _sdata = .
 *(.data)
 *(.data*)
 .data.DEVICE_ID
                0x0000000020000000        0x2 Core/Src/main.o
                0x0000000020000000                DEVICE_ID
 *fill*         0x0000000020000002        0x2 
 .data.SystemCoreClock
                0x0000000020000004        0x4 Core/Src/system_stm32f0xx.o
                0x0000000020000004                SystemCoreClock
 .data.uwTickPrio
                0x0000000020000008        0x4 Drivers/STM32F0xx_HAL_Driver/Src/stm32f0xx_hal.o
                0x0000000020000008                uwTickPrio
 .data.uwTickFreq
                0x000000002000000c        0x1 Drivers/STM32F0xx_HAL_Driver/Src/stm32f0xx_hal.o
                0x000000002000000c                uwTickFreq
 *fill*         0x000000002000000d        0x3 
 .data._impure_ptr
                0x0000000020000010        0x4 /opt/st/stm32cubeide_1.4.0/plugins/com.st.stm32cube.ide.mcu.externaltools.gnu-tools-for-stm32.7-2018-q2-update.linux64_1.4.0.202007081208/tools/bin/../lib/gcc/arm-none-eabi/7.3.1/../../../../arm-none-eabi/lib/thumb/v6-m/libc_nano.a(lib_a-impure.o)
                0x0000000020000010                _impure_ptr
 .data.impure_data
                0x0000000020000014       0x60 /opt/st/stm32cubeide_1.4.0/plugins/com.st.stm32cube.ide.mcu.externaltools.gnu-tools-for-stm32.7-2018-q2-update.linux64_1.4.0.202007081208/tools/bin/../lib/gcc/arm-none-eabi/7.3.1/../../../../arm-none-eabi/lib/thumb/v6-m/libc_nano.a(lib_a-impure.o)
                0x0000000020000074                . = ALIGN (0x4)
                0x0000000020000074                _edata = .

.igot.plt       0x0000000020000074        0x0 load address 0x0000000008007654
 .igot.plt      0x0000000020000074        0x0 /opt/st/stm32cubeide_1.4.0/plugins/com.st.stm32cube.ide.mcu.externaltools.gnu-tools-for-stm32.7-2018-q2-update.linux64_1.4.0.202007081208/tools/bin/../lib/gcc/arm-none-eabi/7.3.1/thumb/v6-m/crtbegin.o
                0x0000000020000074                . = ALIGN (0x4)

.bss            0x0000000020000074      0x1c0 load address 0x0000000008007654
                0x0000000020000074                _sbss = .
                0x0000000020000074                __bss_start__ = _sbss
 *(.bss)
 .bss           0x0000000020000074       0x1c /opt/st/stm32cubeide_1.4.0/plugins/com.st.stm32cube.ide.mcu.externaltools.gnu-tools-for-stm32.7-2018-q2-update.linux64_1.4.0.202007081208/tools/bin/../lib/gcc/arm-none-eabi/7.3.1/thumb/v6-m/crtbegin.o
 *(.bss*)
 .bss.mrf_rx_buf
                0x0000000020000090       0x7f Core/Src/lib_mrf24j.o
 .bss.ignore_bytes
                0x000000002000010f        0x1 Core/Src/lib_mrf24j.o
 .bss.mrf_rx_info
                0x0000000020000110        0xb Core/Src/lib_mrf24j.o
 *fill*         0x000000002000011b        0x1 
 .bss.mrf_tx_info
                0x000000002000011c        0x3 Core/Src/lib_mrf24j.o
 .bss.count_lora
                0x000000002000011f        0x1 Core/Src/main.o
                0x000000002000011f                count_lora
 .bss.count_mrf
                0x0000000020000120        0x1 Core/Src/main.o
                0x0000000020000120                count_mrf
 .bss.last_mrf_rssi
                0x0000000020000121        0x1 Core/Src/main.o
                0x0000000020000121                last_mrf_rssi
 .bss.last_lora_rssi
                0x0000000020000122        0x1 Core/Src/main.o
                0x0000000020000122                last_lora_rssi
 .bss.last_lora_TA
                0x0000000020000123        0x1 Core/Src/main.o
                0x0000000020000123                last_lora_TA
 .bss.last_lora_TB
                0x0000000020000124        0x1 Core/Src/main.o
                0x0000000020000124                last_lora_TB
 .bss.last_lora_TC
                0x0000000020000125        0x1 Core/Src/main.o
                0x0000000020000125                last_lora_TC
 .bss.last_mrf_TA
                0x0000000020000126        0x1 Core/Src/main.o
                0x0000000020000126                last_mrf_TA
 .bss.last_mrf_TB
                0x0000000020000127        0x1 Core/Src/main.o
                0x0000000020000127                last_mrf_TB
 .bss.last_mrf_TC
                0x0000000020000128        0x1 Core/Src/main.o
                0x0000000020000128                last_mrf_TC
 *fill*         0x0000000020000129        0x3 
 .bss.live_vals
                0x000000002000012c        0x4 Core/Src/main.o
                0x000000002000012c                live_vals
 .bss.__sbrk_heap_end
                0x0000000020000130        0x4 Core/Src/sysmem.o
 .bss.__malloc_free_list
                0x0000000020000134        0x4 /opt/st/stm32cubeide_1.4.0/plugins/com.st.stm32cube.ide.mcu.externaltools.gnu-tools-for-stm32.7-2018-q2-update.linux64_1.4.0.202007081208/tools/bin/../lib/gcc/arm-none-eabi/7.3.1/../../../../arm-none-eabi/lib/thumb/v6-m/libc_nano.a(lib_a-nano-mallocr.o)
                0x0000000020000134                __malloc_free_list
 .bss.__malloc_sbrk_start
                0x0000000020000138        0x4 /opt/st/stm32cubeide_1.4.0/plugins/com.st.stm32cube.ide.mcu.externaltools.gnu-tools-for-stm32.7-2018-q2-update.linux64_1.4.0.202007081208/tools/bin/../lib/gcc/arm-none-eabi/7.3.1/../../../../arm-none-eabi/lib/thumb/v6-m/libc_nano.a(lib_a-nano-mallocr.o)
                0x0000000020000138                __malloc_sbrk_start
 *(COMMON)
 COMMON         0x000000002000013c        0x2 Core/Src/lib_mrf24j.o
                0x000000002000013c                flag_got_tx
                0x000000002000013d                flag_got_rx
 *fill*         0x000000002000013e        0x2 
 COMMON         0x0000000020000140       0xe8 Core/Src/main.o
                0x0000000020000140                val
                0x0000000020000144                hspi1
                0x00000000200001a8                huart2
 COMMON         0x0000000020000228        0x4 Core/Src/retarget.o
                0x0000000020000228                gHuart
 COMMON         0x000000002000022c        0x4 Drivers/STM32F0xx_HAL_Driver/Src/stm32f0xx_hal.o
                0x000000002000022c                uwTick
 COMMON         0x0000000020000230        0x4 /opt/st/stm32cubeide_1.4.0/plugins/com.st.stm32cube.ide.mcu.externaltools.gnu-tools-for-stm32.7-2018-q2-update.linux64_1.4.0.202007081208/tools/bin/../lib/gcc/arm-none-eabi/7.3.1/../../../../arm-none-eabi/lib/thumb/v6-m/libc_nano.a(lib_a-reent.o)
                0x0000000020000230                errno
                0x0000000020000234                . = ALIGN (0x4)
                0x0000000020000234                _ebss = .
                0x0000000020000234                __bss_end__ = _ebss

._user_heap_stack
                0x0000000020000234      0x604 load address 0x0000000008007654
                0x0000000020000238                . = ALIGN (0x8)
 *fill*         0x0000000020000234        0x4 
                [!provide]                        PROVIDE (end = .)
                0x0000000020000238                PROVIDE (_end = .)
                0x0000000020000438                . = (. + _Min_Heap_Size)
 *fill*         0x0000000020000238      0x200 
                0x0000000020000838                . = (. + _Min_Stack_Size)
 *fill*         0x0000000020000438      0x400 
                0x0000000020000838                . = ALIGN (0x8)

/DISCARD/
 libc.a(*)
 libm.a(*)
 libgcc.a(*)

.ARM.attributes
                0x0000000000000000       0x28
 *(.ARM.attributes)
 .ARM.attributes
                0x0000000000000000       0x1e /opt/st/stm32cubeide_1.4.0/plugins/com.st.stm32cube.ide.mcu.externaltools.gnu-tools-for-stm32.7-2018-q2-update.linux64_1.4.0.202007081208/tools/bin/../lib/gcc/arm-none-eabi/7.3.1/thumb/v6-m/crti.o
 .ARM.attributes
                0x000000000000001e       0x2c /opt/st/stm32cubeide_1.4.0/plugins/com.st.stm32cube.ide.mcu.externaltools.gnu-tools-for-stm32.7-2018-q2-update.linux64_1.4.0.202007081208/tools/bin/../lib/gcc/arm-none-eabi/7.3.1/thumb/v6-m/crtbegin.o
 .ARM.attributes
                0x000000000000004a       0x31 Core/Src/lcd_stm32f0.o
 .ARM.attributes
                0x000000000000007b       0x31 Core/Src/lib_mrf24j.o
 .ARM.attributes
                0x00000000000000ac       0x31 Core/Src/lora_sx1276.o
 .ARM.attributes
                0x00000000000000dd       0x31 Core/Src/main.o
 .ARM.attributes
                0x000000000000010e       0x31 Core/Src/retarget.o
 .ARM.attributes
                0x000000000000013f       0x31 Core/Src/stm32f0xx_hal_msp.o
 .ARM.attributes
                0x0000000000000170       0x31 Core/Src/stm32f0xx_it.o
 .ARM.attributes
                0x00000000000001a1       0x31 Core/Src/sysmem.o
 .ARM.attributes
                0x00000000000001d2       0x31 Core/Src/system_stm32f0xx.o
 .ARM.attributes
                0x0000000000000203       0x21 Core/Startup/startup_stm32f051c6tx.o
 .ARM.attributes
                0x0000000000000224       0x31 Drivers/STM32F0xx_HAL_Driver/Src/stm32f0xx_hal.o
 .ARM.attributes
                0x0000000000000255       0x31 Drivers/STM32F0xx_HAL_Driver/Src/stm32f0xx_hal_cortex.o
 .ARM.attributes
                0x0000000000000286       0x31 Drivers/STM32F0xx_HAL_Driver/Src/stm32f0xx_hal_dma.o
 .ARM.attributes
                0x00000000000002b7       0x31 Drivers/STM32F0xx_HAL_Driver/Src/stm32f0xx_hal_gpio.o
 .ARM.attributes
                0x00000000000002e8       0x31 Drivers/STM32F0xx_HAL_Driver/Src/stm32f0xx_hal_rcc.o
 .ARM.attributes
                0x0000000000000319       0x31 Drivers/STM32F0xx_HAL_Driver/Src/stm32f0xx_hal_spi.o
 .ARM.attributes
                0x000000000000034a       0x31 Drivers/STM32F0xx_HAL_Driver/Src/stm32f0xx_hal_uart.o
 .ARM.attributes
                0x000000000000037b       0x2c /opt/st/stm32cubeide_1.4.0/plugins/com.st.stm32cube.ide.mcu.externaltools.gnu-tools-for-stm32.7-2018-q2-update.linux64_1.4.0.202007081208/tools/bin/../lib/gcc/arm-none-eabi/7.3.1/../../../../arm-none-eabi/lib/thumb/v6-m/libc_nano.a(lib_a-errno.o)
 .ARM.attributes
                0x00000000000003a7       0x2c /opt/st/stm32cubeide_1.4.0/plugins/com.st.stm32cube.ide.mcu.externaltools.gnu-tools-for-stm32.7-2018-q2-update.linux64_1.4.0.202007081208/tools/bin/../lib/gcc/arm-none-eabi/7.3.1/../../../../arm-none-eabi/lib/thumb/v6-m/libc_nano.a(lib_a-impure.o)
 .ARM.attributes
                0x00000000000003d3       0x2c /opt/st/stm32cubeide_1.4.0/plugins/com.st.stm32cube.ide.mcu.externaltools.gnu-tools-for-stm32.7-2018-q2-update.linux64_1.4.0.202007081208/tools/bin/../lib/gcc/arm-none-eabi/7.3.1/../../../../arm-none-eabi/lib/thumb/v6-m/libc_nano.a(lib_a-init.o)
 .ARM.attributes
                0x00000000000003ff       0x2c /opt/st/stm32cubeide_1.4.0/plugins/com.st.stm32cube.ide.mcu.externaltools.gnu-tools-for-stm32.7-2018-q2-update.linux64_1.4.0.202007081208/tools/bin/../lib/gcc/arm-none-eabi/7.3.1/../../../../arm-none-eabi/lib/thumb/v6-m/libc_nano.a(lib_a-memset.o)
 .ARM.attributes
                0x000000000000042b       0x2c /opt/st/stm32cubeide_1.4.0/plugins/com.st.stm32cube.ide.mcu.externaltools.gnu-tools-for-stm32.7-2018-q2-update.linux64_1.4.0.202007081208/tools/bin/../lib/gcc/arm-none-eabi/7.3.1/../../../../arm-none-eabi/lib/thumb/v6-m/libc_nano.a(lib_a-printf.o)
 .ARM.attributes
                0x0000000000000457       0x2c /opt/st/stm32cubeide_1.4.0/plugins/com.st.stm32cube.ide.mcu.externaltools.gnu-tools-for-stm32.7-2018-q2-update.linux64_1.4.0.202007081208/tools/bin/../lib/gcc/arm-none-eabi/7.3.1/../../../../arm-none-eabi/lib/thumb/v6-m/libc_nano.a(lib_a-putchar.o)
 .ARM.attributes
                0x0000000000000483       0x2c /opt/st/stm32cubeide_1.4.0/plugins/com.st.stm32cube.ide.mcu.externaltools.gnu-tools-for-stm32.7-2018-q2-update.linux64_1.4.0.202007081208/tools/bin/../lib/gcc/arm-none-eabi/7.3.1/../../../../arm-none-eabi/lib/thumb/v6-m/libc_nano.a(lib_a-puts.o)
 .ARM.attributes
                0x00000000000004af       0x2c /opt/st/stm32cubeide_1.4.0/plugins/com.st.stm32cube.ide.mcu.externaltools.gnu-tools-for-stm32.7-2018-q2-update.linux64_1.4.0.202007081208/tools/bin/../lib/gcc/arm-none-eabi/7.3.1/../../../../arm-none-eabi/lib/thumb/v6-m/libc_nano.a(lib_a-setvbuf.o)
 .ARM.attributes
                0x00000000000004db       0x2c /opt/st/stm32cubeide_1.4.0/plugins/com.st.stm32cube.ide.mcu.externaltools.gnu-tools-for-stm32.7-2018-q2-update.linux64_1.4.0.202007081208/tools/bin/../lib/gcc/arm-none-eabi/7.3.1/../../../../arm-none-eabi/lib/thumb/v6-m/libc_nano.a(lib_a-wbuf.o)
 .ARM.attributes
                0x0000000000000507       0x2c /opt/st/stm32cubeide_1.4.0/plugins/com.st.stm32cube.ide.mcu.externaltools.gnu-tools-for-stm32.7-2018-q2-update.linux64_1.4.0.202007081208/tools/bin/../lib/gcc/arm-none-eabi/7.3.1/../../../../arm-none-eabi/lib/thumb/v6-m/libc_nano.a(lib_a-wsetup.o)
 .ARM.attributes
                0x0000000000000533       0x2c /opt/st/stm32cubeide_1.4.0/plugins/com.st.stm32cube.ide.mcu.externaltools.gnu-tools-for-stm32.7-2018-q2-update.linux64_1.4.0.202007081208/tools/bin/../lib/gcc/arm-none-eabi/7.3.1/../../../../arm-none-eabi/lib/thumb/v6-m/libc_nano.a(lib_a-fflush.o)
 .ARM.attributes
                0x000000000000055f       0x2c /opt/st/stm32cubeide_1.4.0/plugins/com.st.stm32cube.ide.mcu.externaltools.gnu-tools-for-stm32.7-2018-q2-update.linux64_1.4.0.202007081208/tools/bin/../lib/gcc/arm-none-eabi/7.3.1/../../../../arm-none-eabi/lib/thumb/v6-m/libc_nano.a(lib_a-findfp.o)
 .ARM.attributes
                0x000000000000058b       0x2c /opt/st/stm32cubeide_1.4.0/plugins/com.st.stm32cube.ide.mcu.externaltools.gnu-tools-for-stm32.7-2018-q2-update.linux64_1.4.0.202007081208/tools/bin/../lib/gcc/arm-none-eabi/7.3.1/../../../../arm-none-eabi/lib/thumb/v6-m/libc_nano.a(lib_a-fwalk.o)
 .ARM.attributes
                0x00000000000005b7       0x2c /opt/st/stm32cubeide_1.4.0/plugins/com.st.stm32cube.ide.mcu.externaltools.gnu-tools-for-stm32.7-2018-q2-update.linux64_1.4.0.202007081208/tools/bin/../lib/gcc/arm-none-eabi/7.3.1/../../../../arm-none-eabi/lib/thumb/v6-m/libc_nano.a(lib_a-makebuf.o)
 .ARM.attributes
                0x00000000000005e3       0x2c /opt/st/stm32cubeide_1.4.0/plugins/com.st.stm32cube.ide.mcu.externaltools.gnu-tools-for-stm32.7-2018-q2-update.linux64_1.4.0.202007081208/tools/bin/../lib/gcc/arm-none-eabi/7.3.1/../../../../arm-none-eabi/lib/thumb/v6-m/libc_nano.a(lib_a-malloc.o)
 .ARM.attributes
                0x000000000000060f       0x2c /opt/st/stm32cubeide_1.4.0/plugins/com.st.stm32cube.ide.mcu.externaltools.gnu-tools-for-stm32.7-2018-q2-update.linux64_1.4.0.202007081208/tools/bin/../lib/gcc/arm-none-eabi/7.3.1/../../../../arm-none-eabi/lib/thumb/v6-m/libc_nano.a(lib_a-nano-freer.o)
 .ARM.attributes
                0x000000000000063b       0x2c /opt/st/stm32cubeide_1.4.0/plugins/com.st.stm32cube.ide.mcu.externaltools.gnu-tools-for-stm32.7-2018-q2-update.linux64_1.4.0.202007081208/tools/bin/../lib/gcc/arm-none-eabi/7.3.1/../../../../arm-none-eabi/lib/thumb/v6-m/libc_nano.a(lib_a-nano-mallocr.o)
 .ARM.attributes
                0x0000000000000667       0x2c /opt/st/stm32cubeide_1.4.0/plugins/com.st.stm32cube.ide.mcu.externaltools.gnu-tools-for-stm32.7-2018-q2-update.linux64_1.4.0.202007081208/tools/bin/../lib/gcc/arm-none-eabi/7.3.1/../../../../arm-none-eabi/lib/thumb/v6-m/libc_nano.a(lib_a-nano-vfprintf.o)
 .ARM.attributes
                0x0000000000000693       0x2c /opt/st/stm32cubeide_1.4.0/plugins/com.st.stm32cube.ide.mcu.externaltools.gnu-tools-for-stm32.7-2018-q2-update.linux64_1.4.0.202007081208/tools/bin/../lib/gcc/arm-none-eabi/7.3.1/../../../../arm-none-eabi/lib/thumb/v6-m/libc_nano.a(lib_a-nano-vfprintf_i.o)
 .ARM.attributes
                0x00000000000006bf       0x2c /opt/st/stm32cubeide_1.4.0/plugins/com.st.stm32cube.ide.mcu.externaltools.gnu-tools-for-stm32.7-2018-q2-update.linux64_1.4.0.202007081208/tools/bin/../lib/gcc/arm-none-eabi/7.3.1/../../../../arm-none-eabi/lib/thumb/v6-m/libc_nano.a(lib_a-putc.o)
 .ARM.attributes
                0x00000000000006eb       0x2c /opt/st/stm32cubeide_1.4.0/plugins/com.st.stm32cube.ide.mcu.externaltools.gnu-tools-for-stm32.7-2018-q2-update.linux64_1.4.0.202007081208/tools/bin/../lib/gcc/arm-none-eabi/7.3.1/../../../../arm-none-eabi/lib/thumb/v6-m/libc_nano.a(lib_a-sbrkr.o)
 .ARM.attributes
                0x0000000000000717       0x2c /opt/st/stm32cubeide_1.4.0/plugins/com.st.stm32cube.ide.mcu.externaltools.gnu-tools-for-stm32.7-2018-q2-update.linux64_1.4.0.202007081208/tools/bin/../lib/gcc/arm-none-eabi/7.3.1/../../../../arm-none-eabi/lib/thumb/v6-m/libc_nano.a(lib_a-stdio.o)
 .ARM.attributes
                0x0000000000000743       0x2c /opt/st/stm32cubeide_1.4.0/plugins/com.st.stm32cube.ide.mcu.externaltools.gnu-tools-for-stm32.7-2018-q2-update.linux64_1.4.0.202007081208/tools/bin/../lib/gcc/arm-none-eabi/7.3.1/../../../../arm-none-eabi/lib/thumb/v6-m/libc_nano.a(lib_a-writer.o)
 .ARM.attributes
                0x000000000000076f       0x2c /opt/st/stm32cubeide_1.4.0/plugins/com.st.stm32cube.ide.mcu.externaltools.gnu-tools-for-stm32.7-2018-q2-update.linux64_1.4.0.202007081208/tools/bin/../lib/gcc/arm-none-eabi/7.3.1/../../../../arm-none-eabi/lib/thumb/v6-m/libc_nano.a(lib_a-closer.o)
 .ARM.attributes
                0x000000000000079b       0x2c /opt/st/stm32cubeide_1.4.0/plugins/com.st.stm32cube.ide.mcu.externaltools.gnu-tools-for-stm32.7-2018-q2-update.linux64_1.4.0.202007081208/tools/bin/../lib/gcc/arm-none-eabi/7.3.1/../../../../arm-none-eabi/lib/thumb/v6-m/libc_nano.a(lib_a-fstatr.o)
 .ARM.attributes
                0x00000000000007c7       0x2c /opt/st/stm32cubeide_1.4.0/plugins/com.st.stm32cube.ide.mcu.externaltools.gnu-tools-for-stm32.7-2018-q2-update.linux64_1.4.0.202007081208/tools/bin/../lib/gcc/arm-none-eabi/7.3.1/../../../../arm-none-eabi/lib/thumb/v6-m/libc_nano.a(lib_a-isattyr.o)
 .ARM.attributes
                0x00000000000007f3       0x2c /opt/st/stm32cubeide_1.4.0/plugins/com.st.stm32cube.ide.mcu.externaltools.gnu-tools-for-stm32.7-2018-q2-update.linux64_1.4.0.202007081208/tools/bin/../lib/gcc/arm-none-eabi/7.3.1/../../../../arm-none-eabi/lib/thumb/v6-m/libc_nano.a(lib_a-lseekr.o)
 .ARM.attributes
                0x000000000000081f       0x2c /opt/st/stm32cubeide_1.4.0/plugins/com.st.stm32cube.ide.mcu.externaltools.gnu-tools-for-stm32.7-2018-q2-update.linux64_1.4.0.202007081208/tools/bin/../lib/gcc/arm-none-eabi/7.3.1/../../../../arm-none-eabi/lib/thumb/v6-m/libc_nano.a(lib_a-memchr-stub.o)
 .ARM.attributes
                0x000000000000084b       0x2c /opt/st/stm32cubeide_1.4.0/plugins/com.st.stm32cube.ide.mcu.externaltools.gnu-tools-for-stm32.7-2018-q2-update.linux64_1.4.0.202007081208/tools/bin/../lib/gcc/arm-none-eabi/7.3.1/../../../../arm-none-eabi/lib/thumb/v6-m/libc_nano.a(lib_a-mlock.o)
 .ARM.attributes
                0x0000000000000877       0x2c /opt/st/stm32cubeide_1.4.0/plugins/com.st.stm32cube.ide.mcu.externaltools.gnu-tools-for-stm32.7-2018-q2-update.linux64_1.4.0.202007081208/tools/bin/../lib/gcc/arm-none-eabi/7.3.1/../../../../arm-none-eabi/lib/thumb/v6-m/libc_nano.a(lib_a-readr.o)
 .ARM.attributes
                0x00000000000008a3       0x2c /opt/st/stm32cubeide_1.4.0/plugins/com.st.stm32cube.ide.mcu.externaltools.gnu-tools-for-stm32.7-2018-q2-update.linux64_1.4.0.202007081208/tools/bin/../lib/gcc/arm-none-eabi/7.3.1/../../../../arm-none-eabi/lib/thumb/v6-m/libc_nano.a(lib_a-reent.o)
 .ARM.attributes
                0x00000000000008cf       0x1e /opt/st/stm32cubeide_1.4.0/plugins/com.st.stm32cube.ide.mcu.externaltools.gnu-tools-for-stm32.7-2018-q2-update.linux64_1.4.0.202007081208/tools/bin/../lib/gcc/arm-none-eabi/7.3.1/thumb/v6-m/libgcc.a(_udivsi3.o)
 .ARM.attributes
                0x00000000000008ed       0x1e /opt/st/stm32cubeide_1.4.0/plugins/com.st.stm32cube.ide.mcu.externaltools.gnu-tools-for-stm32.7-2018-q2-update.linux64_1.4.0.202007081208/tools/bin/../lib/gcc/arm-none-eabi/7.3.1/thumb/v6-m/libgcc.a(_divsi3.o)
 .ARM.attributes
                0x000000000000090b       0x1e /opt/st/stm32cubeide_1.4.0/plugins/com.st.stm32cube.ide.mcu.externaltools.gnu-tools-for-stm32.7-2018-q2-update.linux64_1.4.0.202007081208/tools/bin/../lib/gcc/arm-none-eabi/7.3.1/thumb/v6-m/libgcc.a(_dvmd_tls.o)
 .ARM.attributes
                0x0000000000000929       0x1e /opt/st/stm32cubeide_1.4.0/plugins/com.st.stm32cube.ide.mcu.externaltools.gnu-tools-for-stm32.7-2018-q2-update.linux64_1.4.0.202007081208/tools/bin/../lib/gcc/arm-none-eabi/7.3.1/thumb/v6-m/libgcc.a(_aeabi_uldivmod.o)
 .ARM.attributes
                0x0000000000000947       0x2c /opt/st/stm32cubeide_1.4.0/plugins/com.st.stm32cube.ide.mcu.externaltools.gnu-tools-for-stm32.7-2018-q2-update.linux64_1.4.0.202007081208/tools/bin/../lib/gcc/arm-none-eabi/7.3.1/thumb/v6-m/libgcc.a(_udivmoddi4.o)
 .ARM.attributes
                0x0000000000000973       0x1e /opt/st/stm32cubeide_1.4.0/plugins/com.st.stm32cube.ide.mcu.externaltools.gnu-tools-for-stm32.7-2018-q2-update.linux64_1.4.0.202007081208/tools/bin/../lib/gcc/arm-none-eabi/7.3.1/thumb/v6-m/libgcc.a(_clzdi2.o)
 .ARM.attributes
                0x0000000000000991       0x1e /opt/st/stm32cubeide_1.4.0/plugins/com.st.stm32cube.ide.mcu.externaltools.gnu-tools-for-stm32.7-2018-q2-update.linux64_1.4.0.202007081208/tools/bin/../lib/gcc/arm-none-eabi/7.3.1/thumb/v6-m/libgcc.a(_clzsi2.o)
 .ARM.attributes
                0x00000000000009af       0x1e /opt/st/stm32cubeide_1.4.0/plugins/com.st.stm32cube.ide.mcu.externaltools.gnu-tools-for-stm32.7-2018-q2-update.linux64_1.4.0.202007081208/tools/bin/../lib/gcc/arm-none-eabi/7.3.1/thumb/v6-m/crtn.o
OUTPUT(LoraBee Master.elf elf32-littlearm)

.debug_info     0x0000000000000000     0xb631
 .debug_info    0x0000000000000000      0x3a8 Core/Src/lcd_stm32f0.o
 .debug_info    0x00000000000003a8      0x5ab Core/Src/lib_mrf24j.o
 .debug_info    0x0000000000000953     0x12c7 Core/Src/lora_sx1276.o
 .debug_info    0x0000000000001c1a     0x1e16 Core/Src/main.o
 .debug_info    0x0000000000003a30     0x1256 Core/Src/retarget.o
 .debug_info    0x0000000000004c86      0xbfa Core/Src/stm32f0xx_hal_msp.o
 .debug_info    0x0000000000005880      0x1a2 Core/Src/stm32f0xx_it.o
 .debug_info    0x0000000000005a22      0x985 Core/Src/sysmem.o
 .debug_info    0x00000000000063a7      0x29e Core/Src/system_stm32f0xx.o
 .debug_info    0x0000000000006645       0x22 Core/Startup/startup_stm32f051c6tx.o
 .debug_info    0x0000000000006667      0x6a8 Drivers/STM32F0xx_HAL_Driver/Src/stm32f0xx_hal.o
 .debug_info    0x0000000000006d0f      0x77a Drivers/STM32F0xx_HAL_Driver/Src/stm32f0xx_hal_cortex.o
 .debug_info    0x0000000000007489      0x79f Drivers/STM32F0xx_HAL_Driver/Src/stm32f0xx_hal_dma.o
 .debug_info    0x0000000000007c28      0x682 Drivers/STM32F0xx_HAL_Driver/Src/stm32f0xx_hal_gpio.o
 .debug_info    0x00000000000082aa      0x821 Drivers/STM32F0xx_HAL_Driver/Src/stm32f0xx_hal_rcc.o
 .debug_info    0x0000000000008acb     0x15f9 Drivers/STM32F0xx_HAL_Driver/Src/stm32f0xx_hal_spi.o
 .debug_info    0x000000000000a0c4     0x156d Drivers/STM32F0xx_HAL_Driver/Src/stm32f0xx_hal_uart.o

.debug_abbrev   0x0000000000000000     0x1e21
 .debug_abbrev  0x0000000000000000      0x19a Core/Src/lcd_stm32f0.o
 .debug_abbrev  0x000000000000019a      0x192 Core/Src/lib_mrf24j.o
 .debug_abbrev  0x000000000000032c      0x250 Core/Src/lora_sx1276.o
 .debug_abbrev  0x000000000000057c      0x31d Core/Src/main.o
 .debug_abbrev  0x0000000000000899      0x201 Core/Src/retarget.o
 .debug_abbrev  0x0000000000000a9a      0x18c Core/Src/stm32f0xx_hal_msp.o
 .debug_abbrev  0x0000000000000c26       0xc6 Core/Src/stm32f0xx_it.o
 .debug_abbrev  0x0000000000000cec      0x19b Core/Src/sysmem.o
 .debug_abbrev  0x0000000000000e87      0x12b Core/Src/system_stm32f0xx.o
 .debug_abbrev  0x0000000000000fb2       0x12 Core/Startup/startup_stm32f051c6tx.o
 .debug_abbrev  0x0000000000000fc4      0x1f2 Drivers/STM32F0xx_HAL_Driver/Src/stm32f0xx_hal.o
 .debug_abbrev  0x00000000000011b6      0x273 Drivers/STM32F0xx_HAL_Driver/Src/stm32f0xx_hal_cortex.o
 .debug_abbrev  0x0000000000001429      0x1ed Drivers/STM32F0xx_HAL_Driver/Src/stm32f0xx_hal_dma.o
 .debug_abbrev  0x0000000000001616      0x1c0 Drivers/STM32F0xx_HAL_Driver/Src/stm32f0xx_hal_gpio.o
 .debug_abbrev  0x00000000000017d6      0x20f Drivers/STM32F0xx_HAL_Driver/Src/stm32f0xx_hal_rcc.o
 .debug_abbrev  0x00000000000019e5      0x228 Drivers/STM32F0xx_HAL_Driver/Src/stm32f0xx_hal_spi.o
 .debug_abbrev  0x0000000000001c0d      0x214 Drivers/STM32F0xx_HAL_Driver/Src/stm32f0xx_hal_uart.o

.debug_aranges  0x0000000000000000      0xb40
 .debug_aranges
                0x0000000000000000       0x48 Core/Src/lcd_stm32f0.o
 .debug_aranges
                0x0000000000000048       0xb0 Core/Src/lib_mrf24j.o
 .debug_aranges
                0x00000000000000f8      0x150 Core/Src/lora_sx1276.o
 .debug_aranges
                0x0000000000000248       0xe0 Core/Src/main.o
 .debug_aranges
                0x0000000000000328       0x50 Core/Src/retarget.o
 .debug_aranges
                0x0000000000000378       0x40 Core/Src/stm32f0xx_hal_msp.o
 .debug_aranges
                0x00000000000003b8       0x40 Core/Src/stm32f0xx_it.o
 .debug_aranges
                0x00000000000003f8       0x20 Core/Src/sysmem.o
 .debug_aranges
                0x0000000000000418       0x28 Core/Src/system_stm32f0xx.o
 .debug_aranges
                0x0000000000000440       0x28 Core/Startup/startup_stm32f051c6tx.o
 .debug_aranges
                0x0000000000000468       0xd0 Drivers/STM32F0xx_HAL_Driver/Src/stm32f0xx_hal.o
 .debug_aranges
                0x0000000000000538       0xc0 Drivers/STM32F0xx_HAL_Driver/Src/stm32f0xx_hal_cortex.o
 .debug_aranges
                0x00000000000005f8       0x88 Drivers/STM32F0xx_HAL_Driver/Src/stm32f0xx_hal_dma.o
 .debug_aranges
                0x0000000000000680       0x58 Drivers/STM32F0xx_HAL_Driver/Src/stm32f0xx_hal_gpio.o
 .debug_aranges
                0x00000000000006d8       0x80 Drivers/STM32F0xx_HAL_Driver/Src/stm32f0xx_hal_rcc.o
 .debug_aranges
                0x0000000000000758      0x1d8 Drivers/STM32F0xx_HAL_Driver/Src/stm32f0xx_hal_spi.o
 .debug_aranges
                0x0000000000000930      0x210 Drivers/STM32F0xx_HAL_Driver/Src/stm32f0xx_hal_uart.o

.debug_ranges   0x0000000000000000      0xa68
 .debug_ranges  0x0000000000000000       0x38 Core/Src/lcd_stm32f0.o
 .debug_ranges  0x0000000000000038       0xa0 Core/Src/lib_mrf24j.o
 .debug_ranges  0x00000000000000d8      0x140 Core/Src/lora_sx1276.o
 .debug_ranges  0x0000000000000218      0x100 Core/Src/main.o
 .debug_ranges  0x0000000000000318       0x40 Core/Src/retarget.o
 .debug_ranges  0x0000000000000358       0x30 Core/Src/stm32f0xx_hal_msp.o
 .debug_ranges  0x0000000000000388       0x30 Core/Src/stm32f0xx_it.o
 .debug_ranges  0x00000000000003b8       0x10 Core/Src/sysmem.o
 .debug_ranges  0x00000000000003c8       0x18 Core/Src/system_stm32f0xx.o
 .debug_ranges  0x00000000000003e0       0x20 Core/Startup/startup_stm32f051c6tx.o
 .debug_ranges  0x0000000000000400       0xc0 Drivers/STM32F0xx_HAL_Driver/Src/stm32f0xx_hal.o
 .debug_ranges  0x00000000000004c0       0xb0 Drivers/STM32F0xx_HAL_Driver/Src/stm32f0xx_hal_cortex.o
 .debug_ranges  0x0000000000000570       0x78 Drivers/STM32F0xx_HAL_Driver/Src/stm32f0xx_hal_dma.o
 .debug_ranges  0x00000000000005e8       0x48 Drivers/STM32F0xx_HAL_Driver/Src/stm32f0xx_hal_gpio.o
 .debug_ranges  0x0000000000000630       0x70 Drivers/STM32F0xx_HAL_Driver/Src/stm32f0xx_hal_rcc.o
 .debug_ranges  0x00000000000006a0      0x1c8 Drivers/STM32F0xx_HAL_Driver/Src/stm32f0xx_hal_spi.o
 .debug_ranges  0x0000000000000868      0x200 Drivers/STM32F0xx_HAL_Driver/Src/stm32f0xx_hal_uart.o

.debug_macro    0x0000000000000000    0x107a1
 .debug_macro   0x0000000000000000      0x1c9 Core/Src/lcd_stm32f0.o
 .debug_macro   0x00000000000001c9      0xa48 Core/Src/lcd_stm32f0.o
 .debug_macro   0x0000000000000c11       0x2e Core/Src/lcd_stm32f0.o
 .debug_macro   0x0000000000000c3f       0x22 Core/Src/lcd_stm32f0.o
 .debug_macro   0x0000000000000c61       0x22 Core/Src/lcd_stm32f0.o
 .debug_macro   0x0000000000000c83       0x8e Core/Src/lcd_stm32f0.o
 .debug_macro   0x0000000000000d11       0x51 Core/Src/lcd_stm32f0.o
 .debug_macro   0x0000000000000d62       0xef Core/Src/lcd_stm32f0.o
 .debug_macro   0x0000000000000e51       0x6a Core/Src/lcd_stm32f0.o
 .debug_macro   0x0000000000000ebb      0x1df Core/Src/lcd_stm32f0.o
 .debug_macro   0x000000000000109a       0x1c Core/Src/lcd_stm32f0.o
 .debug_macro   0x00000000000010b6       0x22 Core/Src/lcd_stm32f0.o
 .debug_macro   0x00000000000010d8       0xb5 Core/Src/lcd_stm32f0.o
 .debug_macro   0x000000000000118d      0x391 Core/Src/lcd_stm32f0.o
 .debug_macro   0x000000000000151e     0x8cdd Core/Src/lcd_stm32f0.o
 .debug_macro   0x000000000000a1fb       0x3c Core/Src/lcd_stm32f0.o
 .debug_macro   0x000000000000a237      0x133 Core/Src/lcd_stm32f0.o
 .debug_macro   0x000000000000a36a      0x174 Core/Src/lcd_stm32f0.o
 .debug_macro   0x000000000000a4de       0x54 Core/Src/lcd_stm32f0.o
 .debug_macro   0x000000000000a532      0x924 Core/Src/lcd_stm32f0.o
 .debug_macro   0x000000000000ae56      0x251 Core/Src/lcd_stm32f0.o
 .debug_macro   0x000000000000b0a7      0x12f Core/Src/lcd_stm32f0.o
 .debug_macro   0x000000000000b1d6      0x114 Core/Src/lcd_stm32f0.o
 .debug_macro   0x000000000000b2ea      0x1a0 Core/Src/lcd_stm32f0.o
 .debug_macro   0x000000000000b48a      0x1ed Core/Src/lcd_stm32f0.o
 .debug_macro   0x000000000000b677       0x34 Core/Src/lcd_stm32f0.o
 .debug_macro   0x000000000000b6ab       0x43 Core/Src/lcd_stm32f0.o
 .debug_macro   0x000000000000b6ee       0x28 Core/Src/lcd_stm32f0.o
 .debug_macro   0x000000000000b716       0xb0 Core/Src/lcd_stm32f0.o
 .debug_macro   0x000000000000b7c6      0x199 Core/Src/lcd_stm32f0.o
 .debug_macro   0x000000000000b95f      0x22c Core/Src/lcd_stm32f0.o
 .debug_macro   0x000000000000bb8b       0x60 Core/Src/lcd_stm32f0.o
 .debug_macro   0x000000000000bbeb       0xa5 Core/Src/lcd_stm32f0.o
 .debug_macro   0x000000000000bc90       0x4c Core/Src/lcd_stm32f0.o
 .debug_macro   0x000000000000bcdc      0x112 Core/Src/lcd_stm32f0.o
 .debug_macro   0x000000000000bdee      0x305 Core/Src/lcd_stm32f0.o
 .debug_macro   0x000000000000c0f3      0x589 Core/Src/lcd_stm32f0.o
 .debug_macro   0x000000000000c67c       0x3e Core/Src/lcd_stm32f0.o
 .debug_macro   0x000000000000c6ba      0x114 Core/Src/lcd_stm32f0.o
 .debug_macro   0x000000000000c7ce       0x82 Core/Src/lcd_stm32f0.o
 .debug_macro   0x000000000000c850       0x72 Core/Src/lib_mrf24j.o
 .debug_macro   0x000000000000c8c2      0x329 Core/Src/lib_mrf24j.o
 .debug_macro   0x000000000000cbeb      0x329 Core/Src/lora_sx1276.o
 .debug_macro   0x000000000000cf14      0x32f Core/Src/lora_sx1276.o
 .debug_macro   0x000000000000d243       0x8e Core/Src/lora_sx1276.o
 .debug_macro   0x000000000000d2d1       0x94 Core/Src/lora_sx1276.o
 .debug_macro   0x000000000000d365      0x3b5 Core/Src/main.o
 .debug_macro   0x000000000000d71a      0x32a Core/Src/main.o
 .debug_macro   0x000000000000da44       0x46 Core/Src/main.o
 .debug_macro   0x000000000000da8a       0x18 Core/Src/main.o
 .debug_macro   0x000000000000daa2       0x3c Core/Src/main.o
 .debug_macro   0x000000000000dade       0x3a Core/Src/main.o
 .debug_macro   0x000000000000db18       0x4c Core/Src/main.o
 .debug_macro   0x000000000000db64       0x1f Core/Src/main.o
 .debug_macro   0x000000000000db83       0x43 Core/Src/main.o
 .debug_macro   0x000000000000dbc6       0x20 Core/Src/main.o
 .debug_macro   0x000000000000dbe6      0x1a3 Core/Src/main.o
 .debug_macro   0x000000000000dd89       0x10 Core/Src/main.o
 .debug_macro   0x000000000000dd99       0x35 Core/Src/main.o
 .debug_macro   0x000000000000ddce       0x20 Core/Src/main.o
 .debug_macro   0x000000000000ddee       0x1c Core/Src/main.o
 .debug_macro   0x000000000000de0a       0x10 Core/Src/main.o
 .debug_macro   0x000000000000de1a       0x10 Core/Src/main.o
 .debug_macro   0x000000000000de2a       0x1c Core/Src/main.o
 .debug_macro   0x000000000000de46       0x52 Core/Src/main.o
 .debug_macro   0x000000000000de98       0x40 Core/Src/main.o
 .debug_macro   0x000000000000ded8       0x10 Core/Src/main.o
 .debug_macro   0x000000000000dee8       0x40 Core/Src/main.o
 .debug_macro   0x000000000000df28       0xd7 Core/Src/main.o
 .debug_macro   0x000000000000dfff       0x1c Core/Src/main.o
 .debug_macro   0x000000000000e01b       0x3d Core/Src/main.o
 .debug_macro   0x000000000000e058       0x16 Core/Src/main.o
 .debug_macro   0x000000000000e06e      0x145 Core/Src/main.o
 .debug_macro   0x000000000000e1b3       0x16 Core/Src/main.o
 .debug_macro   0x000000000000e1c9       0x10 Core/Src/main.o
 .debug_macro   0x000000000000e1d9       0x41 Core/Src/main.o
 .debug_macro   0x000000000000e21a      0x122 Core/Src/main.o
 .debug_macro   0x000000000000e33c       0x2e Core/Src/main.o
 .debug_macro   0x000000000000e36a      0x3dc Core/Src/retarget.o
 .debug_macro   0x000000000000e746       0x40 Core/Src/retarget.o
 .debug_macro   0x000000000000e786       0x94 Core/Src/retarget.o
 .debug_macro   0x000000000000e81a       0x34 Core/Src/retarget.o
 .debug_macro   0x000000000000e84e       0x1c Core/Src/retarget.o
 .debug_macro   0x000000000000e86a       0x10 Core/Src/retarget.o
 .debug_macro   0x000000000000e87a       0x57 Core/Src/retarget.o
 .debug_macro   0x000000000000e8d1       0x52 Core/Src/retarget.o
 .debug_macro   0x000000000000e923      0x23b Core/Src/retarget.o
 .debug_macro   0x000000000000eb5e      0x330 Core/Src/retarget.o
 .debug_macro   0x000000000000ee8e       0x82 Core/Src/retarget.o
 .debug_macro   0x000000000000ef10       0x10 Core/Src/retarget.o
 .debug_macro   0x000000000000ef20       0x10 Core/Src/retarget.o
 .debug_macro   0x000000000000ef30       0x35 Core/Src/retarget.o
 .debug_macro   0x000000000000ef65       0x2b Core/Src/retarget.o
 .debug_macro   0x000000000000ef90      0x118 Core/Src/retarget.o
 .debug_macro   0x000000000000f0a8      0x189 Core/Src/retarget.o
 .debug_macro   0x000000000000f231       0x16 Core/Src/retarget.o
 .debug_macro   0x000000000000f247       0xaf Core/Src/retarget.o
 .debug_macro   0x000000000000f2f6       0x4e Core/Src/retarget.o
 .debug_macro   0x000000000000f344      0x128 Core/Src/retarget.o
 .debug_macro   0x000000000000f46c       0x10 Core/Src/retarget.o
 .debug_macro   0x000000000000f47c      0x1e5 Core/Src/stm32f0xx_hal_msp.o
 .debug_macro   0x000000000000f661      0x1ef Core/Src/stm32f0xx_it.o
 .debug_macro   0x000000000000f850       0xee Core/Src/sysmem.o
 .debug_macro   0x000000000000f93e      0x1ba Core/Src/system_stm32f0xx.o
 .debug_macro   0x000000000000faf8      0x1de Drivers/STM32F0xx_HAL_Driver/Src/stm32f0xx_hal.o
 .debug_macro   0x000000000000fcd6      0x1ba Drivers/STM32F0xx_HAL_Driver/Src/stm32f0xx_hal_cortex.o
 .debug_macro   0x000000000000fe90      0x1ba Drivers/STM32F0xx_HAL_Driver/Src/stm32f0xx_hal_dma.o
 .debug_macro   0x000000000001004a      0x1f2 Drivers/STM32F0xx_HAL_Driver/Src/stm32f0xx_hal_gpio.o
 .debug_macro   0x000000000001023c      0x1cc Drivers/STM32F0xx_HAL_Driver/Src/stm32f0xx_hal_rcc.o
 .debug_macro   0x0000000000010408      0x1c2 Drivers/STM32F0xx_HAL_Driver/Src/stm32f0xx_hal_spi.o
 .debug_macro   0x00000000000105ca      0x1d7 Drivers/STM32F0xx_HAL_Driver/Src/stm32f0xx_hal_uart.o

.debug_line     0x0000000000000000     0x9332
 .debug_line    0x0000000000000000      0x732 Core/Src/lcd_stm32f0.o
 .debug_line    0x0000000000000732      0x54a Core/Src/lib_mrf24j.o
 .debug_line    0x0000000000000c7c      0xa23 Core/Src/lora_sx1276.o
 .debug_line    0x000000000000169f      0xc80 Core/Src/main.o
 .debug_line    0x000000000000231f      0xa54 Core/Src/retarget.o
 .debug_line    0x0000000000002d73      0x6f7 Core/Src/stm32f0xx_hal_msp.o
 .debug_line    0x000000000000346a      0x6ed Core/Src/stm32f0xx_it.o
 .debug_line    0x0000000000003b57      0x49a Core/Src/sysmem.o
 .debug_line    0x0000000000003ff1      0x692 Core/Src/system_stm32f0xx.o
 .debug_line    0x0000000000004683       0x89 Core/Startup/startup_stm32f051c6tx.o
 .debug_line    0x000000000000470c      0x82e Drivers/STM32F0xx_HAL_Driver/Src/stm32f0xx_hal.o
 .debug_line    0x0000000000004f3a      0x846 Drivers/STM32F0xx_HAL_Driver/Src/stm32f0xx_hal_cortex.o
 .debug_line    0x0000000000005780      0x88c Drivers/STM32F0xx_HAL_Driver/Src/stm32f0xx_hal_dma.o
 .debug_line    0x000000000000600c      0x7f1 Drivers/STM32F0xx_HAL_Driver/Src/stm32f0xx_hal_gpio.o
 .debug_line    0x00000000000067fd      0x8ef Drivers/STM32F0xx_HAL_Driver/Src/stm32f0xx_hal_rcc.o
 .debug_line    0x00000000000070ec     0x1117 Drivers/STM32F0xx_HAL_Driver/Src/stm32f0xx_hal_spi.o
 .debug_line    0x0000000000008203     0x112f Drivers/STM32F0xx_HAL_Driver/Src/stm32f0xx_hal_uart.o

.debug_str      0x0000000000000000    0x55cd3
 .debug_str     0x0000000000000000    0x4c844 Core/Src/lcd_stm32f0.o
                                      0x4ca7f (size before relaxing)
 .debug_str     0x000000000004c844      0xb72 Core/Src/lib_mrf24j.o
                                       0x46f1 (size before relaxing)
 .debug_str     0x000000000004d3b6     0x120e Core/Src/lora_sx1276.o
                                      0x4e27a (size before relaxing)
 .debug_str     0x000000000004e5c4     0x4b31 Core/Src/main.o
                                      0x525c7 (size before relaxing)
 .debug_str     0x00000000000530f5      0xf2e Core/Src/retarget.o
                                      0x52070 (size before relaxing)
 .debug_str     0x0000000000054023       0x77 Core/Src/stm32f0xx_hal_msp.o
                                      0x4da74 (size before relaxing)
 .debug_str     0x000000000005409a       0x76 Core/Src/stm32f0xx_it.o
                                      0x4d437 (size before relaxing)
 .debug_str     0x0000000000054110       0x6b Core/Src/sysmem.o
                                       0x5ebb (size before relaxing)
 .debug_str     0x000000000005417b       0x5f Core/Src/system_stm32f0xx.o
                                      0x4c748 (size before relaxing)
 .debug_str     0x00000000000541da       0x36 Core/Startup/startup_stm32f051c6tx.o
                                         0x71 (size before relaxing)
 .debug_str     0x0000000000054210      0x4cd Drivers/STM32F0xx_HAL_Driver/Src/stm32f0xx_hal.o
                                      0x4cc82 (size before relaxing)
 .debug_str     0x00000000000546dd      0x20c Drivers/STM32F0xx_HAL_Driver/Src/stm32f0xx_hal_cortex.o
                                      0x4cb3a (size before relaxing)
 .debug_str     0x00000000000548e9      0x257 Drivers/STM32F0xx_HAL_Driver/Src/stm32f0xx_hal_dma.o
                                      0x4cb20 (size before relaxing)
 .debug_str     0x0000000000054b40      0x20e Drivers/STM32F0xx_HAL_Driver/Src/stm32f0xx_hal_gpio.o
                                      0x4c9e4 (size before relaxing)
 .debug_str     0x0000000000054d4e      0x249 Drivers/STM32F0xx_HAL_Driver/Src/stm32f0xx_hal_rcc.o
                                      0x4cb52 (size before relaxing)
 .debug_str     0x0000000000054f97      0x571 Drivers/STM32F0xx_HAL_Driver/Src/stm32f0xx_hal_spi.o
                                      0x4d081 (size before relaxing)
 .debug_str     0x0000000000055508      0x7cb Drivers/STM32F0xx_HAL_Driver/Src/stm32f0xx_hal_uart.o
                                      0x4d35d (size before relaxing)

.comment        0x0000000000000000       0x7b
 .comment       0x0000000000000000       0x7b Core/Src/lcd_stm32f0.o
                                         0x7c (size before relaxing)
 .comment       0x000000000000007b       0x7c Core/Src/lib_mrf24j.o
 .comment       0x000000000000007b       0x7c Core/Src/lora_sx1276.o
 .comment       0x000000000000007b       0x7c Core/Src/main.o
 .comment       0x000000000000007b       0x7c Core/Src/retarget.o
 .comment       0x000000000000007b       0x7c Core/Src/stm32f0xx_hal_msp.o
 .comment       0x000000000000007b       0x7c Core/Src/stm32f0xx_it.o
 .comment       0x000000000000007b       0x7c Core/Src/sysmem.o
 .comment       0x000000000000007b       0x7c Core/Src/system_stm32f0xx.o
 .comment       0x000000000000007b       0x7c Drivers/STM32F0xx_HAL_Driver/Src/stm32f0xx_hal.o
 .comment       0x000000000000007b       0x7c Drivers/STM32F0xx_HAL_Driver/Src/stm32f0xx_hal_cortex.o