Archive member included to satisfy reference by file (symbol)

/opt/st/stm32cubeide_1.4.0/plugins/com.st.stm32cube.ide.mcu.externaltools.gnu-tools-for-stm32.7-2018-q2-update.linux64_1.4.0.202007081208/tools/bin/../lib/gcc/arm-none-eabi/7.3.1/../../../../arm-none-eabi/lib/thumb/v6-m/libc_nano.a(lib_a-errno.o)
                              Core/Src/retarget.o (__errno)
/opt/st/stm32cubeide_1.4.0/plugins/com.st.stm32cube.ide.mcu.externaltools.gnu-tools-for-stm32.7-2018-q2-update.linux64_1.4.0.202007081208/tools/bin/../lib/gcc/arm-none-eabi/7.3.1/../../../../arm-none-eabi/lib/thumb/v6-m/libc_nano.a(lib_a-exit.o)
                              /opt/st/stm32cubeide_1.4.0/plugins/com.st.stm32cube.ide.mcu.externaltools.gnu-tools-for-stm32.7-2018-q2-update.linux64_1.4.0.202007081208/tools/bin/../lib/gcc/arm-none-eabi/7.3.1/../../../../arm-none-eabi/lib/thumb/v6-m/crt0.o (exit)
/opt/st/stm32cubeide_1.4.0/plugins/com.st.stm32cube.ide.mcu.externaltools.gnu-tools-for-stm32.7-2018-q2-update.linux64_1.4.0.202007081208/tools/bin/../lib/gcc/arm-none-eabi/7.3.1/../../../../arm-none-eabi/lib/thumb/v6-m/libc_nano.a(lib_a-impure.o)
                              /opt/st/stm32cubeide_1.4.0/plugins/com.st.stm32cube.ide.mcu.externaltools.gnu-tools-for-stm32.7-2018-q2-update.linux64_1.4.0.202007081208/tools/bin/../lib/gcc/arm-none-eabi/7.3.1/../../../../arm-none-eabi/lib/thumb/v6-m/libc_nano.a(lib_a-exit.o) (_global_impure_ptr)
/opt/st/stm32cubeide_1.4.0/plugins/com.st.stm32cube.ide.mcu.externaltools.gnu-tools-for-stm32.7-2018-q2-update.linux64_1.4.0.202007081208/tools/bin/../lib/gcc/arm-none-eabi/7.3.1/../../../../arm-none-eabi/lib/thumb/v6-m/libc_nano.a(lib_a-init.o)
                              /opt/st/stm32cubeide_1.4.0/plugins/com.st.stm32cube.ide.mcu.externaltools.gnu-tools-for-stm32.7-2018-q2-update.linux64_1.4.0.202007081208/tools/bin/../lib/gcc/arm-none-eabi/7.3.1/../../../../arm-none-eabi/lib/thumb/v6-m/crt0.o (__libc_init_array)
/opt/st/stm32cubeide_1.4.0/plugins/com.st.stm32cube.ide.mcu.externaltools.gnu-tools-for-stm32.7-2018-q2-update.linux64_1.4.0.202007081208/tools/bin/../lib/gcc/arm-none-eabi/7.3.1/../../../../arm-none-eabi/lib/thumb/v6-m/libc_nano.a(lib_a-memset.o)
                              /opt/st/stm32cubeide_1.4.0/plugins/com.st.stm32cube.ide.mcu.externaltools.gnu-tools-for-stm32.7-2018-q2-update.linux64_1.4.0.202007081208/tools/bin/../lib/gcc/arm-none-eabi/7.3.1/../../../../arm-none-eabi/lib/thumb/v6-m/crt0.o (memset)
/opt/st/stm32cubeide_1.4.0/plugins/com.st.stm32cube.ide.mcu.externaltools.gnu-tools-for-stm32.7-2018-q2-update.linux64_1.4.0.202007081208/tools/bin/../lib/gcc/arm-none-eabi/7.3.1/../../../../arm-none-eabi/lib/thumb/v6-m/libc_nano.a(lib_a-printf.o)
                              Core/Src/main.o (printf)
/opt/st/stm32cubeide_1.4.0/plugins/com.st.stm32cube.ide.mcu.externaltools.gnu-tools-for-stm32.7-2018-q2-update.linux64_1.4.0.202007081208/tools/bin/../lib/gcc/arm-none-eabi/7.3.1/../../../../arm-none-eabi/lib/thumb/v6-m/libc_nano.a(lib_a-putchar.o)
                              Core/Src/main.o (putchar)
/opt/st/stm32cubeide_1.4.0/plugins/com.st.stm32cube.ide.mcu.externaltools.gnu-tools-for-stm32.7-2018-q2-update.linux64_1.4.0.202007081208/tools/bin/../lib/gcc/arm-none-eabi/7.3.1/../../../../arm-none-eabi/lib/thumb/v6-m/libc_nano.a(lib_a-puts.o)
                              Core/Src/main.o (puts)
/opt/st/stm32cubeide_1.4.0/plugins/com.st.stm32cube.ide.mcu.externaltools.gnu-tools-for-stm32.7-2018-q2-update.linux64_1.4.0.202007081208/tools/bin/../lib/gcc/arm-none-eabi/7.3.1/../../../../arm-none-eabi/lib/thumb/v6-m/libc_nano.a(lib_a-setvbuf.o)
                              Core/Src/retarget.o (setvbuf)
/opt/st/stm32cubeide_1.4.0/plugins/com.st.stm32cube.ide.mcu.externaltools.gnu-tools-for-stm32.7-2018-q2-update.linux64_1.4.0.202007081208/tools/bin/../lib/gcc/arm-none-eabi/7.3.1/../../../../arm-none-eabi/lib/thumb/v6-m/libc_nano.a(lib_a-wbuf.o)
                              /opt/st/stm32cubeide_1.4.0/plugins/com.st.stm32cube.ide.mcu.externaltools.gnu-tools-for-stm32.7-2018-q2-update.linux64_1.4.0.202007081208/tools/bin/../lib/gcc/arm-none-eabi/7.3.1/../../../../arm-none-eabi/lib/thumb/v6-m/libc_nano.a(lib_a-puts.o) (__swbuf_r)
/opt/st/stm32cubeide_1.4.0/plugins/com.st.stm32cube.ide.mcu.externaltools.gnu-tools-for-stm32.7-2018-q2-update.linux64_1.4.0.202007081208/tools/bin/../lib/gcc/arm-none-eabi/7.3.1/../../../../arm-none-eabi/lib/thumb/v6-m/libc_nano.a(lib_a-wsetup.o)
                              /opt/st/stm32cubeide_1.4.0/plugins/com.st.stm32cube.ide.mcu.externaltools.gnu-tools-for-stm32.7-2018-q2-update.linux64_1.4.0.202007081208/tools/bin/../lib/gcc/arm-none-eabi/7.3.1/../../../../arm-none-eabi/lib/thumb/v6-m/libc_nano.a(lib_a-puts.o) (__swsetup_r)
/opt/st/stm32cubeide_1.4.0/plugins/com.st.stm32cube.ide.mcu.externaltools.gnu-tools-for-stm32.7-2018-q2-update.linux64_1.4.0.202007081208/tools/bin/../lib/gcc/arm-none-eabi/7.3.1/../../../../arm-none-eabi/lib/thumb/v6-m/libc_nano.a(lib_a-fflush.o)
[...]
Memory Configuration

Name             Origin             Length             Attributes
RAM              0x0000000020000000 0x0000000000001000 xrw
FLASH            0x0000000008000000 0x0000000000008000 xr
*default*        0x0000000000000000 0xffffffffffffffff

Linker script and memory map

LOAD /opt/st/stm32cubeide_1.4.0/plugins/com.st.stm32cube.ide.mcu.externaltools.gnu-tools-for-stm32.7-2018-q2-update.linux64_1.4.0.202007081208/tools/bin/../lib/gcc/arm-none-eabi/7.3.1/thumb/v6-m/crti.o
LOAD /opt/st/stm32cubeide_1.4.0/plugins/com.st.stm32cube.ide.mcu.externaltools.gnu-tools-for-stm32.7-2018-q2-update.linux64_1.4.0.202007081208/tools/bin/../lib/gcc/arm-none-eabi/7.3.1/thumb/v6-m/crtbegin.o
LOAD /opt/st/stm32cubeide_1.4.0/plugins/com.st.stm32cube.ide.mcu.externaltools.gnu-tools-for-stm32.7-2018-q2-update.linux64_1.4.0.202007081208/tools/bin/../lib/gcc/arm-none-eabi/7.3.1/../../../../arm-none-eabi/lib/thumb/v6-m/crt0.o
LOAD Core/Src/lib_mrf24j.o
LOAD Core/Src/lora_sx1276.o
LOAD Core/Src/main.o
LOAD Core/Src/retarget.o
LOAD Core/Src/stm32f0xx_hal_msp.o
LOAD Core/Src/stm32f0xx_it.o
LOAD Core/Src/sysmem.o
LOAD Core/Src/system_stm32f0xx.o
LOAD Core/Startup/startup_stm32f031k6tx.o
LOAD Drivers/STM32F0xx_HAL_Driver/Src/stm32f0xx_hal.o
LOAD Drivers/STM32F0xx_HAL_Driver/Src/stm32f0xx_hal_cortex.o
LOAD Drivers/STM32F0xx_HAL_Driver/Src/stm32f0xx_hal_dma.o
LOAD Drivers/STM32F0xx_HAL_Driver/Src/stm32f0xx_hal_exti.o
LOAD Drivers/STM32F0xx_HAL_Driver/Src/stm32f0xx_hal_flash.o
LOAD Drivers/STM32F0xx_HAL_Driver/Src/stm32f0xx_hal_flash_ex.o
LOAD Drivers/STM32F0xx_HAL_Driver/Src/stm32f0xx_hal_gpio.o
LOAD Drivers/STM32F0xx_HAL_Driver/Src/stm32f0xx_hal_i2c.o
LOAD Drivers/STM32F0xx_HAL_Driver/Src/stm32f0xx_hal_i2c_ex.o
LOAD Drivers/STM32F0xx_HAL_Driver/Src/stm32f0xx_hal_pwr.o
LOAD Drivers/STM32F0xx_HAL_Driver/Src/stm32f0xx_hal_pwr_ex.o
LOAD Drivers/STM32F0xx_HAL_Driver/Src/stm32f0xx_hal_rcc.o
LOAD Drivers/STM32F0xx_HAL_Driver/Src/stm32f0xx_hal_rcc_ex.o
LOAD Drivers/STM32F0xx_HAL_Driver/Src/stm32f0xx_hal_spi.o
LOAD Drivers/STM32F0xx_HAL_Driver/Src/stm32f0xx_hal_spi_ex.o
LOAD Drivers/STM32F0xx_HAL_Driver/Src/stm32f0xx_hal_tim.o
LOAD Drivers/STM32F0xx_HAL_Driver/Src/stm32f0xx_hal_tim_ex.o
LOAD Drivers/STM32F0xx_HAL_Driver/Src/stm32f0xx_hal_uart.o
LOAD Drivers/STM32F0xx_HAL_Driver/Src/stm32f0xx_hal_uart_ex.o
START GROUP
LOAD /opt/st/stm32cubeide_1.4.0/plugins/com.st.stm32cube.ide.mcu.externaltools.gnu-tools-for-stm32.7-2018-q2-update.linux64_1.4.0.202007081208/tools/bin/../lib/gcc/arm-none-eabi/7.3.1/../../../../arm-none-eabi/lib/thumb/v6-m/libc_nano.a
LOAD /opt/st/stm32cubeide_1.4.0/plugins/com.st.stm32cube.ide.mcu.externaltools.gnu-tools-for-stm32.7-2018-q2-update.linux64_1.4.0.202007081208/tools/bin/../lib/gcc/arm-none-eabi/7.3.1/../../../../arm-none-eabi/lib/thumb/v6-m/libm.a
END GROUP
START GROUP
LOAD /opt/st/stm32cubeide_1.4.0/plugins/com.st.stm32cube.ide.mcu.externaltools.gnu-tools-for-stm32.7-2018-q2-update.linux64_1.4.0.202007081208/tools/bin/../lib/gcc/arm-none-eabi/7.3.1/thumb/v6-m/libgcc.a
LOAD /opt/st/stm32cubeide_1.4.0/plugins/com.st.stm32cube.ide.mcu.externaltools.gnu-tools-for-stm32.7-2018-q2-update.linux64_1.4.0.202007081208/tools/bin/../lib/gcc/arm-none-eabi/7.3.1/../../../../arm-none-eabi/lib/thumb/v6-m/libc_nano.a
END GROUP
START GROUP
LOAD /opt/st/stm32cubeide_1.4.0/plugins/com.st.stm32cube.ide.mcu.externaltools.gnu-tools-for-stm32.7-2018-q2-update.linux64_1.4.0.202007081208/tools/bin/../lib/gcc/arm-none-eabi/7.3.1/thumb/v6-m/libgcc.a
LOAD /opt/st/stm32cubeide_1.4.0/plugins/com.st.stm32cube.ide.mcu.externaltools.gnu-tools-for-stm32.7-2018-q2-update.linux64_1.4.0.202007081208/tools/bin/../lib/gcc/arm-none-eabi/7.3.1/../../../../arm-none-eabi/lib/thumb/v6-m/libc_nano.a
LOAD /opt/st/stm32cubeide_1.4.0/plugins/com.st.stm32cube.ide.mcu.externaltools.gnu-tools-for-stm32.7-2018-q2-update.linux64_1.4.0.202007081208/tools/bin/../lib/gcc/arm-none-eabi/7.3.1/../../../../arm-none-eabi/lib/thumb/v6-m/libnosys.a
END GROUP
START GROUP
LOAD /opt/st/stm32cubeide_1.4.0/plugins/com.st.stm32cube.ide.mcu.externaltools.gnu-tools-for-stm32.7-2018-q2-update.linux64_1.4.0.202007081208/tools/bin/../lib/gcc/arm-none-eabi/7.3.1/thumb/v6-m/libgcc.a
LOAD /opt/st/stm32cubeide_1.4.0/plugins/com.st.stm32cube.ide.mcu.externaltools.gnu-tools-for-stm32.7-2018-q2-update.linux64_1.4.0.202007081208/tools/bin/../lib/gcc/arm-none-eabi/7.3.1/../../../../arm-none-eabi/lib/thumb/v6-m/libc_nano.a
LOAD /opt/st/stm32cubeide_1.4.0/plugins/com.st.stm32cube.ide.mcu.externaltools.gnu-tools-for-stm32.7-2018-q2-update.linux64_1.4.0.202007081208/tools/bin/../lib/gcc/arm-none-eabi/7.3.1/../../../../arm-none-eabi/lib/thumb/v6-m/libnosys.a
END GROUP
LOAD /opt/st/stm32cubeide_1.4.0/plugins/com.st.stm32cube.ide.mcu.externaltools.gnu-tools-for-stm32.7-2018-q2-update.linux64_1.4.0.202007081208/tools/bin/../lib/gcc/arm-none-eabi/7.3.1/thumb/v6-m/crtend.o
LOAD /opt/st/stm32cubeide_1.4.0/plugins/com.st.stm32cube.ide.mcu.externaltools.gnu-tools-for-stm32.7-2018-q2-update.linux64_1.4.0.202007081208/tools/bin/../lib/gcc/arm-none-eabi/7.3.1/thumb/v6-m/crtn.o
                0x0000000020001000                _estack = (ORIGIN (RAM) + LENGTH (RAM))
                0x0000000000000200                _Min_Heap_Size = 0x200
                0x0000000000000400                _Min_Stack_Size = 0x400

.isr_vector     0x0000000008000000       0xc0
                0x0000000008000000                . = ALIGN (0x4)
 *(.isr_vector)
 .isr_vector    0x0000000008000000       0xc0 Core/Startup/startup_stm32f031k6tx.o
                0x0000000008000000                g_pfnVectors
                0x00000000080000c0                . = ALIGN (0x4)

.text           0x00000000080000c0     0x6848
                0x00000000080000c0                . = ALIGN (0x4)
 *(.text)
 .text          0x00000000080000c0       0x48 /opt/st/stm32cubeide_1.4.0/plugins/com.st.stm32cube.ide.mcu.externaltools.gnu-tools-for-stm32.7-2018-q2-update.linux64_1.4.0.202007081208/tools/bin/../lib/gcc/arm-none-eabi/7.3.1/thumb/v6-m/crtbegin.o
 .text          0x0000000008000108      0x114 /opt/st/stm32cubeide_1.4.0/plugins/com.st.stm32cube.ide.mcu.externaltools.gnu-tools-for-stm32.7-2018-q2-update.linux64_1.4.0.202007081208/tools/bin/../lib/gcc/arm-none-eabi/7.3.1/thumb/v6-m/libgcc.a(_udivsi3.o)
                0x0000000008000108                __udivsi3
                0x0000000008000108                __aeabi_uidiv
                0x0000000008000214                __aeabi_uidivmod
 .text          0x000000000800021c      0x1d4 /opt/st/stm32cubeide_1.4.0/plugins/com.st.stm32cube.ide.mcu.externaltools.gnu-tools-for-stm32.7-2018-q2-update.linux64_1.4.0.202007081208/tools/bin/../lib/gcc/arm-none-eabi/7.3.1/thumb/v6-m/libgcc.a(_divsi3.o)
                0x000000000800021c                __aeabi_idiv
                0x000000000800021c                __divsi3
                0x00000000080003e8                __aeabi_idivmod
 .text          0x00000000080003f0        0x4 /opt/st/stm32cubeide_1.4.0/plugins/com.st.stm32cube.ide.mcu.externaltools.gnu-tools-for-stm32.7-2018-q2-update.linux64_1.4.0.202007081208/tools/bin/../lib/gcc/arm-none-eabi/7.3.1/thumb/v6-m/libgcc.a(_dvmd_tls.o)
                0x00000000080003f0                __aeabi_ldiv0
                0x00000000080003f0                __aeabi_idiv0
 .text          0x00000000080003f4       0x40 /opt/st/stm32cubeide_1.4.0/plugins/com.st.stm32cube.ide.mcu.externaltools.gnu-tools-for-stm32.7-2018-q2-update.linux64_1.4.0.202007081208/tools/bin/../lib/gcc/arm-none-eabi/7.3.1/thumb/v6-m/libgcc.a(_aeabi_uldivmod.o)
                0x00000000080003f4                __aeabi_uldivmod
 .text          0x0000000008000434      0x184 /opt/st/stm32cubeide_1.4.0/plugins/com.st.stm32cube.ide.mcu.externaltools.gnu-tools-for-stm32.7-2018-q2-update.linux64_1.4.0.202007081208/tools/bin/../lib/gcc/arm-none-eabi/7.3.1/thumb/v6-m/libgcc.a(_udivmoddi4.o)
                0x0000000008000434                __udivmoddi4
 .text          0x00000000080005b8       0x18 /opt/st/stm32cubeide_1.4.0/plugins/com.st.stm32cube.ide.mcu.externaltools.gnu-tools-for-stm32.7-2018-q2-update.linux64_1.4.0.202007081208/tools/bin/../lib/gcc/arm-none-eabi/7.3.1/thumb/v6-m/libgcc.a(_clzdi2.o)
                0x00000000080005b8                __clzdi2
 .text          0x00000000080005d0       0x3c /opt/st/stm32cubeide_1.4.0/plugins/com.st.stm32cube.ide.mcu.externaltools.gnu-tools-for-stm32.7-2018-q2-update.linux64_1.4.0.202007081208/tools/bin/../lib/gcc/arm-none-eabi/7.3.1/thumb/v6-m/libgcc.a(_clzsi2.o)
                0x00000000080005d0                __clzsi2
 *(.text*)
 .text.mrf_read_short
                0x000000000800060c       0x42 Core/Src/lib_mrf24j.o
                0x000000000800060c                mrf_read_short
 .text.mrf_read_long
                0x000000000800064e       0x66 Core/Src/lib_mrf24j.o
                0x000000000800064e                mrf_read_long
 .text.mrf_write_short
                0x00000000080006b4       0x48 Core/Src/lib_mrf24j.o
                0x00000000080006b4                mrf_write_short
 .text.mrf_write_long
                0x00000000080006fc       0x6a Core/Src/lib_mrf24j.o
                0x00000000080006fc                mrf_write_long
 .text.mrf_pan_read
                0x0000000008000766       0x32 Core/Src/lib_mrf24j.o
                0x0000000008000766                mrf_pan_read
 .text.mrf_pan_write
                0x0000000008000798       0x34 Core/Src/lib_mrf24j.o
                0x0000000008000798                mrf_pan_write
 .text.mrf_set_ignorebytes
                0x00000000080007cc       0x20 Core/Src/lib_mrf24j.o
                0x00000000080007cc                mrf_set_ignorebytes
 .text.mrf_address16_write
                0x00000000080007ec       0x34 Core/Src/lib_mrf24j.o
                0x00000000080007ec                mrf_address16_write
 .text.mrf_address16_read
                0x0000000008000820       0x32 Core/Src/lib_mrf24j.o
                0x0000000008000820                mrf_address16_read
 .text.mrf_promiscuous
                0x0000000008000852       0x2e Core/Src/lib_mrf24j.o
                0x0000000008000852                mrf_promiscuous
 .text.mrf_send16
                0x0000000008000880      0x174 Core/Src/lib_mrf24j.o
                0x0000000008000880                mrf_send16
 .text.mrf_set_interrupts
                0x00000000080009f4       0x12 Core/Src/lib_mrf24j.o
                0x00000000080009f4                mrf_set_interrupts
 .text.mrf_set_channel
                0x0000000008000a06       0x16 Core/Src/lib_mrf24j.o
                0x0000000008000a06                mrf_set_channel
 .text.mrf_init
                0x0000000008000a1c       0xc8 Core/Src/lib_mrf24j.o
                0x0000000008000a1c                mrf_init
 .text.mrf_interrupt_handler
                0x0000000008000ae4      0x204 Core/Src/lib_mrf24j.o
                0x0000000008000ae4                mrf_interrupt_handler
 .text.mrf_check_flags
                0x0000000008000ce8       0x60 Core/Src/lib_mrf24j.o
                0x0000000008000ce8                mrf_check_flags
 .text.read_register
                0x0000000008000d48       0x78 Core/Src/lora_sx1276.o
 .text.write_register
                0x0000000008000dc0       0x82 Core/Src/lora_sx1276.o
 .text.write_fifo
                0x0000000008000e42       0x8c Core/Src/lora_sx1276.o
 .text.read_fifo
                0x0000000008000ece       0x92 Core/Src/lora_sx1276.o
 .text.set_mode
                0x0000000008000f60       0x2c Core/Src/lora_sx1276.o
 .text.set_OCP  0x0000000008000f8c       0x82 Core/Src/lora_sx1276.o
 .text.set_low_data_rate_optimization
                0x000000000800100e       0x76 Core/Src/lora_sx1276.o
 .text.lora_mode_sleep
                0x0000000008001084       0x1a Core/Src/lora_sx1276.o
                0x0000000008001084                lora_mode_sleep
 .text.lora_mode_receive_continious
                0x000000000800109e       0x34 Core/Src/lora_sx1276.o
                0x000000000800109e                lora_mode_receive_continious
 .text.lora_mode_standby
                0x00000000080010d2       0x1a Core/Src/lora_sx1276.o
                0x00000000080010d2                lora_mode_standby
 .text.lora_set_explicit_header_mode
                0x00000000080010ec       0x40 Core/Src/lora_sx1276.o
                0x00000000080010ec                lora_set_explicit_header_mode
 .text.lora_set_tx_power
                0x000000000800112c       0xbe Core/Src/lora_sx1276.o
                0x000000000800112c                lora_set_tx_power
 *fill*         0x00000000080011ea        0x2 
 .text.lora_set_frequency
                0x00000000080011ec       0x90 Core/Src/lora_sx1276.o
                0x00000000080011ec                lora_set_frequency
 .text.lora_packet_rssi
                0x000000000800127c       0x48 Core/Src/lora_sx1276.o
                0x000000000800127c                lora_packet_rssi
 .text.lora_set_spreading_factor
                0x00000000080012c4       0xac Core/Src/lora_sx1276.o
                0x00000000080012c4                lora_set_spreading_factor
 .text.lora_set_preamble_length
                0x0000000008001370       0x40 Core/Src/lora_sx1276.o
                0x0000000008001370                lora_set_preamble_length
 .text.lora_version
                0x00000000080013b0       0x1c Core/Src/lora_sx1276.o
                0x00000000080013b0                lora_version
 .text.lora_is_transmitting
                0x00000000080013cc       0x32 Core/Src/lora_sx1276.o
                0x00000000080013cc                lora_is_transmitting
 .text.lora_send_packet_base
                0x00000000080013fe       0x98 Core/Src/lora_sx1276.o
 .text.lora_send_packet
                0x0000000008001496       0x26 Core/Src/lora_sx1276.o
                0x0000000008001496                lora_send_packet
 .text.lora_is_packet_available
                0x00000000080014bc       0x2c Core/Src/lora_sx1276.o
                0x00000000080014bc                lora_is_packet_available
 .text.lora_receive_packet_base
                0x00000000080014e8      0x148 Core/Src/lora_sx1276.o
 .text.lora_receive_packet
                0x0000000008001630       0x2e Core/Src/lora_sx1276.o
                0x0000000008001630                lora_receive_packet
 .text.lora_receive_packet_blocking
                0x000000000800165e       0x54 Core/Src/lora_sx1276.o
                0x000000000800165e                lora_receive_packet_blocking
 .text.lora_init
                0x00000000080016b2       0xec Core/Src/lora_sx1276.o
                0x00000000080016b2                lora_init
 *fill*         0x000000000800179e        0x2 
 .text.main     0x00000000080017a0      0x1a4 Core/Src/main.o
                0x00000000080017a0                main
 .text.SystemClock_Config
                0x0000000008001944       0xae Core/Src/main.o
                0x0000000008001944                SystemClock_Config
 *fill*         0x00000000080019f2        0x2 
 .text.MX_SPI1_Init
                0x00000000080019f4       0x7c Core/Src/main.o
 .text.MX_USART1_UART_Init
                0x0000000008001a70       0x60 Core/Src/main.o
 .text.MX_GPIO_Init
                0x0000000008001ad0      0x184 Core/Src/main.o
 .text.mrf_reset
                0x0000000008001c54       0x34 Core/Src/main.o
                0x0000000008001c54                mrf_reset
 .text.handle_rx
                0x0000000008001c88       0x28 Core/Src/main.o
                0x0000000008001c88                handle_rx
 .text.handle_tx
                0x0000000008001cb0       0x3c Core/Src/main.o
                0x0000000008001cb0                handle_tx
 .text.mrf_select
                0x0000000008001cec       0x20 Core/Src/main.o
                0x0000000008001cec                mrf_select
 .text.mrf_deselect
                0x0000000008001d0c       0x1c Core/Src/main.o
                0x0000000008001d0c                mrf_deselect
 .text.spi_tx   0x0000000008001d28       0x30 Core/Src/main.o
                0x0000000008001d28                spi_tx
 .text._delay_ms
                0x0000000008001d58       0x18 Core/Src/main.o
                0x0000000008001d58                _delay_ms
 .text.transmit_mrf
                0x0000000008001d70       0x60 Core/Src/main.o
                0x0000000008001d70                transmit_mrf
 .text.transmit_lora
                0x0000000008001dd0       0x70 Core/Src/main.o
                0x0000000008001dd0                transmit_lora
 .text.receive_mrf
                0x0000000008001e40       0x54 Core/Src/main.o
                0x0000000008001e40                receive_mrf
 .text.receive_lora
                0x0000000008001e94       0xac Core/Src/main.o
                0x0000000008001e94                receive_lora
 .text.Error_Handler
                0x0000000008001f40        0xa Core/Src/main.o
                0x0000000008001f40                Error_Handler
 *fill*         0x0000000008001f4a        0x2 
 .text.RetargetInit
                0x0000000008001f4c       0x30 Core/Src/retarget.o
                0x0000000008001f4c                RetargetInit
 .text._isatty  0x0000000008001f7c       0x2c Core/Src/retarget.o
                0x0000000008001f7c                _isatty
 .text._write   0x0000000008001fa8       0x5c Core/Src/retarget.o
                0x0000000008001fa8                _write
 .text._close   0x0000000008002004       0x2e Core/Src/retarget.o
                0x0000000008002004                _close
 .text._lseek   0x0000000008002032       0x22 Core/Src/retarget.o
                0x0000000008002032                _lseek
 .text._read    0x0000000008002054       0x54 Core/Src/retarget.o
                0x0000000008002054                _read
 .text._fstat   0x00000000080020a8       0x36 Core/Src/retarget.o
                0x00000000080020a8                _fstat
 *fill*         0x00000000080020de        0x2 
 .text.HAL_MspInit
                0x00000000080020e0       0x48 Core/Src/stm32f0xx_hal_msp.o
                0x00000000080020e0                HAL_MspInit
 .text.HAL_SPI_MspInit
                0x0000000008002128       0x98 Core/Src/stm32f0xx_hal_msp.o
                0x0000000008002128                HAL_SPI_MspInit
 .text.HAL_UART_MspInit
                0x00000000080021c0       0x98 Core/Src/stm32f0xx_hal_msp.o
                0x00000000080021c0                HAL_UART_MspInit
 .text.NMI_Handler
                0x0000000008002258        0xa Core/Src/stm32f0xx_it.o
                0x0000000008002258                NMI_Handler
 .text.HardFault_Handler
                0x0000000008002262        0x6 Core/Src/stm32f0xx_it.o
                0x0000000008002262                HardFault_Handler
 .text.SVC_Handler
                0x0000000008002268        0xa Core/Src/stm32f0xx_it.o
                0x0000000008002268                SVC_Handler
 .text.PendSV_Handler
                0x0000000008002272        0xa Core/Src/stm32f0xx_it.o
                0x0000000008002272                PendSV_Handler
 .text.SysTick_Handler
                0x000000000800227c        0xe Core/Src/stm32f0xx_it.o
                0x000000000800227c                SysTick_Handler
 *fill*         0x000000000800228a        0x2 
 .text._sbrk    0x000000000800228c       0x6c Core/Src/sysmem.o
                0x000000000800228c                _sbrk
 .text.SystemInit
                0x00000000080022f8        0xa Core/Src/system_stm32f0xx.o
                0x00000000080022f8                SystemInit
 *fill*         0x0000000008002302        0x2 
 .text.Reset_Handler
                0x0000000008002304       0x50 Core/Startup/startup_stm32f031k6tx.o
                0x0000000008002304                Reset_Handler
 .text.Default_Handler
                0x0000000008002354        0x2 Core/Startup/startup_stm32f031k6tx.o
                0x0000000008002354                TIM1_CC_IRQHandler
                0x0000000008002354                PVD_IRQHandler
                0x0000000008002354                I2C1_IRQHandler
                0x0000000008002354                SPI1_IRQHandler
                0x0000000008002354                EXTI2_3_IRQHandler
                0x0000000008002354                ADC1_IRQHandler
                0x0000000008002354                TIM17_IRQHandler
                0x0000000008002354                RTC_IRQHandler
                0x0000000008002354                TIM16_IRQHandler
                0x0000000008002354                TIM3_IRQHandler
                0x0000000008002354                EXTI4_15_IRQHandler
                0x0000000008002354                RCC_IRQHandler
                0x0000000008002354                DMA1_Channel1_IRQHandler
                0x0000000008002354                Default_Handler
                0x0000000008002354                TIM14_IRQHandler
                0x0000000008002354                DMA1_Channel4_5_IRQHandler
                0x0000000008002354                EXTI0_1_IRQHandler
                0x0000000008002354                WWDG_IRQHandler
                0x0000000008002354                TIM2_IRQHandler
                0x0000000008002354                DMA1_Channel2_3_IRQHandler
                0x0000000008002354                FLASH_IRQHandler
                0x0000000008002354                USART1_IRQHandler
                0x0000000008002354                TIM1_BRK_UP_TRG_COM_IRQHandler
 *fill*         0x0000000008002356        0x2 
 .text.HAL_Init
                0x0000000008002358       0x28 Drivers/STM32F0xx_HAL_Driver/Src/stm32f0xx_hal.o
                0x0000000008002358                HAL_Init
 .text.HAL_InitTick
                0x0000000008002380       0x68 Drivers/STM32F0xx_HAL_Driver/Src/stm32f0xx_hal.o
                0x0000000008002380                HAL_InitTick
 .text.HAL_IncTick
                0x00000000080023e8       0x24 Drivers/STM32F0xx_HAL_Driver/Src/stm32f0xx_hal.o
                0x00000000080023e8                HAL_IncTick
 .text.HAL_GetTick
                0x000000000800240c       0x14 Drivers/STM32F0xx_HAL_Driver/Src/stm32f0xx_hal.o
                0x000000000800240c                HAL_GetTick
 .text.HAL_Delay
                0x0000000008002420       0x44 Drivers/STM32F0xx_HAL_Driver/Src/stm32f0xx_hal.o
                0x0000000008002420                HAL_Delay
 .text.__NVIC_SetPriority
                0x0000000008002464       0xdc Drivers/STM32F0xx_HAL_Driver/Src/stm32f0xx_hal_cortex.o
 .text.SysTick_Config
                0x0000000008002540       0x48 Drivers/STM32F0xx_HAL_Driver/Src/stm32f0xx_hal_cortex.o
 .text.HAL_NVIC_SetPriority
                0x0000000008002588       0x2a Drivers/STM32F0xx_HAL_Driver/Src/stm32f0xx_hal_cortex.o
                0x0000000008002588                HAL_NVIC_SetPriority
 .text.HAL_SYSTICK_Config
                0x00000000080025b2       0x1a Drivers/STM32F0xx_HAL_Driver/Src/stm32f0xx_hal_cortex.o
                0x00000000080025b2                HAL_SYSTICK_Config
 .text.HAL_DMA_Start_IT
                0x00000000080025cc       0xcc Drivers/STM32F0xx_HAL_Driver/Src/stm32f0xx_hal_dma.o
                0x00000000080025cc                HAL_DMA_Start_IT
 .text.DMA_SetConfig
                0x0000000008002698       0x58 Drivers/STM32F0xx_HAL_Driver/Src/stm32f0xx_hal_dma.o
 .text.HAL_GPIO_Init
                0x00000000080026f0      0x2d0 Drivers/STM32F0xx_HAL_Driver/Src/stm32f0xx_hal_gpio.o
                0x00000000080026f0                HAL_GPIO_Init
 .text.HAL_GPIO_ReadPin
                0x00000000080029c0       0x3a Drivers/STM32F0xx_HAL_Driver/Src/stm32f0xx_hal_gpio.o
                0x00000000080029c0                HAL_GPIO_ReadPin
 .text.HAL_GPIO_WritePin
                0x00000000080029fa       0x3a Drivers/STM32F0xx_HAL_Driver/Src/stm32f0xx_hal_gpio.o
                0x00000000080029fa                HAL_GPIO_WritePin
 .text.HAL_GPIO_TogglePin
                0x0000000008002a34       0x36 Drivers/STM32F0xx_HAL_Driver/Src/stm32f0xx_hal_gpio.o
                0x0000000008002a34                HAL_GPIO_TogglePin
 *fill*         0x0000000008002a6a        0x2 
 .text.HAL_RCC_OscConfig
                0x0000000008002a6c      0x638 Drivers/STM32F0xx_HAL_Driver/Src/stm32f0xx_hal_rcc.o
                0x0000000008002a6c                HAL_RCC_OscConfig
 .text.HAL_RCC_ClockConfig
                0x00000000080030a4      0x19c Drivers/STM32F0xx_HAL_Driver/Src/stm32f0xx_hal_rcc.o
                0x00000000080030a4                HAL_RCC_ClockConfig
 .text.HAL_RCC_GetSysClockFreq
                0x0000000008003240       0xc8 Drivers/STM32F0xx_HAL_Driver/Src/stm32f0xx_hal_rcc.o
                0x0000000008003240                HAL_RCC_GetSysClockFreq
 .text.HAL_RCC_GetHCLKFreq
                0x0000000008003308       0x14 Drivers/STM32F0xx_HAL_Driver/Src/stm32f0xx_hal_rcc.o
                0x0000000008003308                HAL_RCC_GetHCLKFreq
 .text.HAL_RCC_GetPCLK1Freq
                0x000000000800331c       0x2c Drivers/STM32F0xx_HAL_Driver/Src/stm32f0xx_hal_rcc.o
                0x000000000800331c                HAL_RCC_GetPCLK1Freq
 .text.HAL_RCCEx_PeriphCLKConfig
                0x0000000008003348      0x19c Drivers/STM32F0xx_HAL_Driver/Src/stm32f0xx_hal_rcc_ex.o
                0x0000000008003348                HAL_RCCEx_PeriphCLKConfig
 .text.HAL_SPI_Init
                0x00000000080034e4      0x134 Drivers/STM32F0xx_HAL_Driver/Src/stm32f0xx_hal_spi.o
                0x00000000080034e4                HAL_SPI_Init
 .text.HAL_SPI_Transmit
                0x0000000008003618      0x302 Drivers/STM32F0xx_HAL_Driver/Src/stm32f0xx_hal_spi.o
                0x0000000008003618                HAL_SPI_Transmit
 *fill*         0x000000000800391a        0x2 
 .text.HAL_SPI_Receive
                0x000000000800391c      0x288 Drivers/STM32F0xx_HAL_Driver/Src/stm32f0xx_hal_spi.o
                0x000000000800391c                HAL_SPI_Receive
 .text.HAL_SPI_TransmitReceive
                0x0000000008003ba4      0x474 Drivers/STM32F0xx_HAL_Driver/Src/stm32f0xx_hal_spi.o
                0x0000000008003ba4                HAL_SPI_TransmitReceive
 .text.HAL_SPI_Transmit_DMA
                0x0000000008004018      0x1fc Drivers/STM32F0xx_HAL_Driver/Src/stm32f0xx_hal_spi.o
                0x0000000008004018                HAL_SPI_Transmit_DMA
 .text.HAL_SPI_Receive_DMA
                0x0000000008004214      0x290 Drivers/STM32F0xx_HAL_Driver/Src/stm32f0xx_hal_spi.o
                0x0000000008004214                HAL_SPI_Receive_DMA
 .text.HAL_SPI_TransmitReceive_DMA
                0x00000000080044a4      0x388 Drivers/STM32F0xx_HAL_Driver/Src/stm32f0xx_hal_spi.o
                0x00000000080044a4                HAL_SPI_TransmitReceive_DMA
 .text.HAL_SPI_TxCpltCallback
                0x000000000800482c       0x10 Drivers/STM32F0xx_HAL_Driver/Src/stm32f0xx_hal_spi.o
                0x000000000800482c                HAL_SPI_TxCpltCallback
 .text.HAL_SPI_RxCpltCallback
                0x000000000800483c       0x10 Drivers/STM32F0xx_HAL_Driver/Src/stm32f0xx_hal_spi.o
                0x000000000800483c                HAL_SPI_RxCpltCallback
 .text.HAL_SPI_TxRxCpltCallback
                0x000000000800484c       0x10 Drivers/STM32F0xx_HAL_Driver/Src/stm32f0xx_hal_spi.o
                0x000000000800484c                HAL_SPI_TxRxCpltCallback
 .text.HAL_SPI_TxHalfCpltCallback
                0x000000000800485c       0x10 Drivers/STM32F0xx_HAL_Driver/Src/stm32f0xx_hal_spi.o
                0x000000000800485c                HAL_SPI_TxHalfCpltCallback
 .text.HAL_SPI_RxHalfCpltCallback
                0x000000000800486c       0x10 Drivers/STM32F0xx_HAL_Driver/Src/stm32f0xx_hal_spi.o
                0x000000000800486c                HAL_SPI_RxHalfCpltCallback
 .text.HAL_SPI_TxRxHalfCpltCallback
                0x000000000800487c       0x10 Drivers/STM32F0xx_HAL_Driver/Src/stm32f0xx_hal_spi.o
                0x000000000800487c                HAL_SPI_TxRxHalfCpltCallback
 .text.HAL_SPI_ErrorCallback
                0x000000000800488c       0x10 Drivers/STM32F0xx_HAL_Driver/Src/stm32f0xx_hal_spi.o
                0x000000000800488c                HAL_SPI_ErrorCallback
 .text.SPI_DMATransmitCplt
                0x000000000800489c       0xac Drivers/STM32F0xx_HAL_Driver/Src/stm32f0xx_hal_spi.o
 .text.SPI_DMAReceiveCplt
                0x0000000008004948       0x8a Drivers/STM32F0xx_HAL_Driver/Src/stm32f0xx_hal_spi.o
 .text.SPI_DMATransmitReceiveCplt
                0x00000000080049d2       0x96 Drivers/STM32F0xx_HAL_Driver/Src/stm32f0xx_hal_spi.o
 .text.SPI_DMAHalfTransmitCplt
                0x0000000008004a68       0x1e Drivers/STM32F0xx_HAL_Driver/Src/stm32f0xx_hal_spi.o
 .text.SPI_DMAHalfReceiveCplt
                0x0000000008004a86       0x1e Drivers/STM32F0xx_HAL_Driver/Src/stm32f0xx_hal_spi.o
 .text.SPI_DMAHalfTransmitReceiveCplt
                0x0000000008004aa4       0x1e Drivers/STM32F0xx_HAL_Driver/Src/stm32f0xx_hal_spi.o
 .text.SPI_DMAError
                0x0000000008004ac2       0x42 Drivers/STM32F0xx_HAL_Driver/Src/stm32f0xx_hal_spi.o
 .text.SPI_WaitFlagStateUntilTimeout
                0x0000000008004b04       0xe0 Drivers/STM32F0xx_HAL_Driver/Src/stm32f0xx_hal_spi.o
 .text.SPI_WaitFifoStateUntilTimeout
                0x0000000008004be4       0xe8 Drivers/STM32F0xx_HAL_Driver/Src/stm32f0xx_hal_spi.o
 .text.SPI_EndRxTransaction
                0x0000000008004ccc       0xbc Drivers/STM32F0xx_HAL_Driver/Src/stm32f0xx_hal_spi.o
 .text.SPI_EndRxTxTransaction
                0x0000000008004d88       0x8c Drivers/STM32F0xx_HAL_Driver/Src/stm32f0xx_hal_spi.o
 .text.HAL_UART_Init
                0x0000000008004e14       0xa8 Drivers/STM32F0xx_HAL_Driver/Src/stm32f0xx_hal_uart.o
                0x0000000008004e14                HAL_UART_Init
 .text.HAL_UART_Transmit
                0x0000000008004ebc      0x150 Drivers/STM32F0xx_HAL_Driver/Src/stm32f0xx_hal_uart.o
                0x0000000008004ebc                HAL_UART_Transmit
 .text.HAL_UART_Receive
                0x000000000800500c      0x1b0 Drivers/STM32F0xx_HAL_Driver/Src/stm32f0xx_hal_uart.o
                0x000000000800500c                HAL_UART_Receive
 .text.UART_SetConfig
                0x00000000080051bc      0x2dc Drivers/STM32F0xx_HAL_Driver/Src/stm32f0xx_hal_uart.o
                0x00000000080051bc                UART_SetConfig
 .text.UART_AdvFeatureConfig
                0x0000000008005498      0x168 Drivers/STM32F0xx_HAL_Driver/Src/stm32f0xx_hal_uart.o
                0x0000000008005498                UART_AdvFeatureConfig
 .text.UART_CheckIdleState
                0x0000000008005600       0x8c Drivers/STM32F0xx_HAL_Driver/Src/stm32f0xx_hal_uart.o
                0x0000000008005600                UART_CheckIdleState
 .text.UART_WaitOnFlagUntilTimeout
                0x000000000800568c       0xfc Drivers/STM32F0xx_HAL_Driver/Src/stm32f0xx_hal_uart.o
                0x000000000800568c                UART_WaitOnFlagUntilTimeout
 .text.__errno  0x0000000008005788        0xc /opt/st/stm32cubeide_1.4.0/plugins/com.st.stm32cube.ide.mcu.externaltools.gnu-tools-for-stm32.7-2018-q2-update.linux64_1.4.0.202007081208/tools/bin/../lib/gcc/arm-none-eabi/7.3.1/../../../../arm-none-eabi/lib/thumb/v6-m/libc_nano.a(lib_a-errno.o)
                0x0000000008005788                __errno
 .text.__libc_init_array
                0x0000000008005794       0x48 /opt/st/stm32cubeide_1.4.0/plugins/com.st.stm32cube.ide.mcu.externaltools.gnu-tools-for-stm32.7-2018-q2-update.linux64_1.4.0.202007081208/tools/bin/../lib/gcc/arm-none-eabi/7.3.1/../../../../arm-none-eabi/lib/thumb/v6-m/libc_nano.a(lib_a-init.o)
                0x0000000008005794                __libc_init_array
 .text.memset   0x00000000080057dc       0x10 /opt/st/stm32cubeide_1.4.0/plugins/com.st.stm32cube.ide.mcu.externaltools.gnu-tools-for-stm32.7-2018-q2-update.linux64_1.4.0.202007081208/tools/bin/../lib/gcc/arm-none-eabi/7.3.1/../../../../arm-none-eabi/lib/thumb/v6-m/libc_nano.a(lib_a-memset.o)
                0x00000000080057dc                memset
 .text.printf   0x00000000080057ec       0x34 /opt/st/stm32cubeide_1.4.0/plugins/com.st.stm32cube.ide.mcu.externaltools.gnu-tools-for-stm32.7-2018-q2-update.linux64_1.4.0.202007081208/tools/bin/../lib/gcc/arm-none-eabi/7.3.1/../../../../arm-none-eabi/lib/thumb/v6-m/libc_nano.a(lib_a-printf.o)
                0x00000000080057ec                printf
                0x00000000080057ec                iprintf
 .text.putchar  0x0000000008005820       0x28 /opt/st/stm32cubeide_1.4.0/plugins/com.st.stm32cube.ide.mcu.externaltools.gnu-tools-for-stm32.7-2018-q2-update.linux64_1.4.0.202007081208/tools/bin/../lib/gcc/arm-none-eabi/7.3.1/../../../../arm-none-eabi/lib/thumb/v6-m/libc_nano.a(lib_a-putchar.o)
                0x0000000008005820                putchar
 .text._puts_r  0x0000000008005848       0xc0 /opt/st/stm32cubeide_1.4.0/plugins/com.st.stm32cube.ide.mcu.externaltools.gnu-tools-for-stm32.7-2018-q2-update.linux64_1.4.0.202007081208/tools/bin/../lib/gcc/arm-none-eabi/7.3.1/../../../../arm-none-eabi/lib/thumb/v6-m/libc_nano.a(lib_a-puts.o)
                0x0000000008005848                _puts_r
 .text.puts     0x0000000008005908       0x14 /opt/st/stm32cubeide_1.4.0/plugins/com.st.stm32cube.ide.mcu.externaltools.gnu-tools-for-stm32.7-2018-q2-update.linux64_1.4.0.202007081208/tools/bin/../lib/gcc/arm-none-eabi/7.3.1/../../../../arm-none-eabi/lib/thumb/v6-m/libc_nano.a(lib_a-puts.o)
                0x0000000008005908                puts
 .text.setvbuf  0x000000000800591c      0x158 /opt/st/stm32cubeide_1.4.0/plugins/com.st.stm32cube.ide.mcu.externaltools.gnu-tools-for-stm32.7-2018-q2-update.linux64_1.4.0.202007081208/tools/bin/../lib/gcc/arm-none-eabi/7.3.1/../../../../arm-none-eabi/lib/thumb/v6-m/libc_nano.a(lib_a-setvbuf.o)
                0x000000000800591c                setvbuf
 .text.__swbuf_r
                0x0000000008005a74       0xac /opt/st/stm32cubeide_1.4.0/plugins/com.st.stm32cube.ide.mcu.externaltools.gnu-tools-for-stm32.7-2018-q2-update.linux64_1.4.0.202007081208/tools/bin/../lib/gcc/arm-none-eabi/7.3.1/../../../../arm-none-eabi/lib/thumb/v6-m/libc_nano.a(lib_a-wbuf.o)
                0x0000000008005a74                __swbuf_r
 .text.__swsetup_r
                0x0000000008005b20       0xec /opt/st/stm32cubeide_1.4.0/plugins/com.st.stm32cube.ide.mcu.externaltools.gnu-tools-for-stm32.7-2018-q2-update.linux64_1.4.0.202007081208/tools/bin/../lib/gcc/arm-none-eabi/7.3.1/../../../../arm-none-eabi/lib/thumb/v6-m/libc_nano.a(lib_a-wsetup.o)
                0x0000000008005b20                __swsetup_r
 .text.__sflush_r
                0x0000000008005c0c      0x114 /opt/st/stm32cubeide_1.4.0/plugins/com.st.stm32cube.ide.mcu.externaltools.gnu-tools-for-stm32.7-2018-q2-update.linux64_1.4.0.202007081208/tools/bin/../lib/gcc/arm-none-eabi/7.3.1/../../../../arm-none-eabi/lib/thumb/v6-m/libc_nano.a(lib_a-fflush.o)
                0x0000000008005c0c                __sflush_r
 .text._fflush_r
                0x0000000008005d20       0x58 /opt/st/stm32cubeide_1.4.0/plugins/com.st.stm32cube.ide.mcu.externaltools.gnu-tools-for-stm32.7-2018-q2-update.linux64_1.4.0.202007081208/tools/bin/../lib/gcc/arm-none-eabi/7.3.1/../../../../arm-none-eabi/lib/thumb/v6-m/libc_nano.a(lib_a-fflush.o)
                0x0000000008005d20                _fflush_r
 .text.std      0x0000000008005d78       0x48 /opt/st/stm32cubeide_1.4.0/plugins/com.st.stm32cube.ide.mcu.externaltools.gnu-tools-for-stm32.7-2018-q2-update.linux64_1.4.0.202007081208/tools/bin/../lib/gcc/arm-none-eabi/7.3.1/../../../../arm-none-eabi/lib/thumb/v6-m/libc_nano.a(lib_a-findfp.o)
 .text._cleanup_r
                0x0000000008005dc0       0x10 /opt/st/stm32cubeide_1.4.0/plugins/com.st.stm32cube.ide.mcu.externaltools.gnu-tools-for-stm32.7-2018-q2-update.linux64_1.4.0.202007081208/tools/bin/../lib/gcc/arm-none-eabi/7.3.1/../../../../arm-none-eabi/lib/thumb/v6-m/libc_nano.a(lib_a-findfp.o)
                0x0000000008005dc0                _cleanup_r
 .text.__sfmoreglue
                0x0000000008005dd0       0x2c /opt/st/stm32cubeide_1.4.0/plugins/com.st.stm32cube.ide.mcu.externaltools.gnu-tools-for-stm32.7-2018-q2-update.linux64_1.4.0.202007081208/tools/bin/../lib/gcc/arm-none-eabi/7.3.1/../../../../arm-none-eabi/lib/thumb/v6-m/libc_nano.a(lib_a-findfp.o)
                0x0000000008005dd0                __sfmoreglue
 .text.__sinit  0x0000000008005dfc       0x68 /opt/st/stm32cubeide_1.4.0/plugins/com.st.stm32cube.ide.mcu.externaltools.gnu-tools-for-stm32.7-2018-q2-update.linux64_1.4.0.202007081208/tools/bin/../lib/gcc/arm-none-eabi/7.3.1/../../../../arm-none-eabi/lib/thumb/v6-m/libc_nano.a(lib_a-findfp.o)
                0x0000000008005dfc                __sinit
 .text.__sfp    0x0000000008005e64       0x7c /opt/st/stm32cubeide_1.4.0/plugins/com.st.stm32cube.ide.mcu.externaltools.gnu-tools-for-stm32.7-2018-q2-update.linux64_1.4.0.202007081208/tools/bin/../lib/gcc/arm-none-eabi/7.3.1/../../../../arm-none-eabi/lib/thumb/v6-m/libc_nano.a(lib_a-findfp.o)
                0x0000000008005e64                __sfp
 .text._fwalk_reent
                0x0000000008005ee0       0x42 /opt/st/stm32cubeide_1.4.0/plugins/com.st.stm32cube.ide.mcu.externaltools.gnu-tools-for-stm32.7-2018-q2-update.linux64_1.4.0.202007081208/tools/bin/../lib/gcc/arm-none-eabi/7.3.1/../../../../arm-none-eabi/lib/thumb/v6-m/libc_nano.a(lib_a-fwalk.o)
                0x0000000008005ee0                _fwalk_reent
 *fill*         0x0000000008005f22        0x2 
 .text.__swhatbuf_r
                0x0000000008005f24       0x50 /opt/st/stm32cubeide_1.4.0/plugins/com.st.stm32cube.ide.mcu.externaltools.gnu-tools-for-stm32.7-2018-q2-update.linux64_1.4.0.202007081208/tools/bin/../lib/gcc/arm-none-eabi/7.3.1/../../../../arm-none-eabi/lib/thumb/v6-m/libc_nano.a(lib_a-makebuf.o)
                0x0000000008005f24                __swhatbuf_r
 .text.__smakebuf_r
                0x0000000008005f74       0x88 /opt/st/stm32cubeide_1.4.0/plugins/com.st.stm32cube.ide.mcu.externaltools.gnu-tools-for-stm32.7-2018-q2-update.linux64_1.4.0.202007081208/tools/bin/../lib/gcc/arm-none-eabi/7.3.1/../../../../arm-none-eabi/lib/thumb/v6-m/libc_nano.a(lib_a-makebuf.o)
                0x0000000008005f74                __smakebuf_r
 .text.malloc   0x0000000008005ffc       0x14 /opt/st/stm32cubeide_1.4.0/plugins/com.st.stm32cube.ide.mcu.externaltools.gnu-tools-for-stm32.7-2018-q2-update.linux64_1.4.0.202007081208/tools/bin/../lib/gcc/arm-none-eabi/7.3.1/../../../../arm-none-eabi/lib/thumb/v6-m/libc_nano.a(lib_a-malloc.o)
                0x0000000008005ffc                malloc
 .text._free_r  0x0000000008006010       0x94 /opt/st/stm32cubeide_1.4.0/plugins/com.st.stm32cube.ide.mcu.externaltools.gnu-tools-for-stm32.7-2018-q2-update.linux64_1.4.0.202007081208/tools/bin/../lib/gcc/arm-none-eabi/7.3.1/../../../../arm-none-eabi/lib/thumb/v6-m/libc_nano.a(lib_a-nano-freer.o)
                0x0000000008006010                _free_r
 .text._malloc_r
                0x00000000080060a4       0xbc /opt/st/stm32cubeide_1.4.0/plugins/com.st.stm32cube.ide.mcu.externaltools.gnu-tools-for-stm32.7-2018-q2-update.linux64_1.4.0.202007081208/tools/bin/../lib/gcc/arm-none-eabi/7.3.1/../../../../arm-none-eabi/lib/thumb/v6-m/libc_nano.a(lib_a-nano-mallocr.o)
                0x00000000080060a4                _malloc_r
 .text.__sfputc_r
                0x0000000008006160       0x2a /opt/st/stm32cubeide_1.4.0/plugins/com.st.stm32cube.ide.mcu.externaltools.gnu-tools-for-stm32.7-2018-q2-update.linux64_1.4.0.202007081208/tools/bin/../lib/gcc/arm-none-eabi/7.3.1/../../../../arm-none-eabi/lib/thumb/v6-m/libc_nano.a(lib_a-nano-vfprintf.o)
 .text.__sfputs_r
                0x000000000800618a       0x24 /opt/st/stm32cubeide_1.4.0/plugins/com.st.stm32cube.ide.mcu.externaltools.gnu-tools-for-stm32.7-2018-q2-update.linux64_1.4.0.202007081208/tools/bin/../lib/gcc/arm-none-eabi/7.3.1/../../../../arm-none-eabi/lib/thumb/v6-m/libc_nano.a(lib_a-nano-vfprintf.o)
                0x000000000800618a                __sfputs_r
 *fill*         0x00000000080061ae        0x2 
 .text._vfprintf_r
                0x00000000080061b0      0x22c /opt/st/stm32cubeide_1.4.0/plugins/com.st.stm32cube.ide.mcu.externaltools.gnu-tools-for-stm32.7-2018-q2-update.linux64_1.4.0.202007081208/tools/bin/../lib/gcc/arm-none-eabi/7.3.1/../../../../arm-none-eabi/lib/thumb/v6-m/libc_nano.a(lib_a-nano-vfprintf.o)
                0x00000000080061b0                _vfiprintf_r
                0x00000000080061b0                _vfprintf_r
 .text._printf_common
                0x00000000080063dc       0xda /opt/st/stm32cubeide_1.4.0/plugins/com.st.stm32cube.ide.mcu.externaltools.gnu-tools-for-stm32.7-2018-q2-update.linux64_1.4.0.202007081208/tools/bin/../lib/gcc/arm-none-eabi/7.3.1/../../../../arm-none-eabi/lib/thumb/v6-m/libc_nano.a(lib_a-nano-vfprintf_i.o)
                0x00000000080063dc                _printf_common
 *fill*         0x00000000080064b6        0x2 
 .text._printf_i
                0x00000000080064b8      0x210 /opt/st/stm32cubeide_1.4.0/plugins/com.st.stm32cube.ide.mcu.externaltools.gnu-tools-for-stm32.7-2018-q2-update.linux64_1.4.0.202007081208/tools/bin/../lib/gcc/arm-none-eabi/7.3.1/../../../../arm-none-eabi/lib/thumb/v6-m/libc_nano.a(lib_a-nano-vfprintf_i.o)
                0x00000000080064b8                _printf_i
 .text._putc_r  0x00000000080066c8       0x6c /opt/st/stm32cubeide_1.4.0/plugins/com.st.stm32cube.ide.mcu.externaltools.gnu-tools-for-stm32.7-2018-q2-update.linux64_1.4.0.202007081208/tools/bin/../lib/gcc/arm-none-eabi/7.3.1/../../../../arm-none-eabi/lib/thumb/v6-m/libc_nano.a(lib_a-putc.o)
                0x00000000080066c8                _putc_r
 .text._sbrk_r  0x0000000008006734       0x24 /opt/st/stm32cubeide_1.4.0/plugins/com.st.stm32cube.ide.mcu.externaltools.gnu-tools-for-stm32.7-2018-q2-update.linux64_1.4.0.202007081208/tools/bin/../lib/gcc/arm-none-eabi/7.3.1/../../../../arm-none-eabi/lib/thumb/v6-m/libc_nano.a(lib_a-sbrkr.o)
                0x0000000008006734                _sbrk_r
 .text.__sread  0x0000000008006758       0x28 /opt/st/stm32cubeide_1.4.0/plugins/com.st.stm32cube.ide.mcu.externaltools.gnu-tools-for-stm32.7-2018-q2-update.linux64_1.4.0.202007081208/tools/bin/../lib/gcc/arm-none-eabi/7.3.1/../../../../arm-none-eabi/lib/thumb/v6-m/libc_nano.a(lib_a-stdio.o)
                0x0000000008006758                __sread
 .text.__swrite
                0x0000000008006780       0x38 /opt/st/stm32cubeide_1.4.0/plugins/com.st.stm32cube.ide.mcu.externaltools.gnu-tools-for-stm32.7-2018-q2-update.linux64_1.4.0.202007081208/tools/bin/../lib/gcc/arm-none-eabi/7.3.1/../../../../arm-none-eabi/lib/thumb/v6-m/libc_nano.a(lib_a-stdio.o)
                0x0000000008006780                __swrite
 .text.__sseek  0x00000000080067b8       0x2c /opt/st/stm32cubeide_1.4.0/plugins/com.st.stm32cube.ide.mcu.externaltools.gnu-tools-for-stm32.7-2018-q2-update.linux64_1.4.0.202007081208/tools/bin/../lib/gcc/arm-none-eabi/7.3.1/../../../../arm-none-eabi/lib/thumb/v6-m/libc_nano.a(lib_a-stdio.o)
                0x00000000080067b8                __sseek
 .text.__sclose
                0x00000000080067e4        0xc /opt/st/stm32cubeide_1.4.0/plugins/com.st.stm32cube.ide.mcu.externaltools.gnu-tools-for-stm32.7-2018-q2-update.linux64_1.4.0.202007081208/tools/bin/../lib/gcc/arm-none-eabi/7.3.1/../../../../arm-none-eabi/lib/thumb/v6-m/libc_nano.a(lib_a-stdio.o)
                0x00000000080067e4                __sclose
 .text._write_r
                0x00000000080067f0       0x28 /opt/st/stm32cubeide_1.4.0/plugins/com.st.stm32cube.ide.mcu.externaltools.gnu-tools-for-stm32.7-2018-q2-update.linux64_1.4.0.202007081208/tools/bin/../lib/gcc/arm-none-eabi/7.3.1/../../../../arm-none-eabi/lib/thumb/v6-m/libc_nano.a(lib_a-writer.o)
                0x00000000080067f0                _write_r
 .text._close_r
                0x0000000008006818       0x24 /opt/st/stm32cubeide_1.4.0/plugins/com.st.stm32cube.ide.mcu.externaltools.gnu-tools-for-stm32.7-2018-q2-update.linux64_1.4.0.202007081208/tools/bin/../lib/gcc/arm-none-eabi/7.3.1/../../../../arm-none-eabi/lib/thumb/v6-m/libc_nano.a(lib_a-closer.o)
                0x0000000008006818                _close_r
 .text._fstat_r
                0x000000000800683c       0x24 /opt/st/stm32cubeide_1.4.0/plugins/com.st.stm32cube.ide.mcu.externaltools.gnu-tools-for-stm32.7-2018-q2-update.linux64_1.4.0.202007081208/tools/bin/../lib/gcc/arm-none-eabi/7.3.1/../../../../arm-none-eabi/lib/thumb/v6-m/libc_nano.a(lib_a-fstatr.o)
                0x000000000800683c                _fstat_r
 .text._isatty_r
                0x0000000008006860       0x24 /opt/st/stm32cubeide_1.4.0/plugins/com.st.stm32cube.ide.mcu.externaltools.gnu-tools-for-stm32.7-2018-q2-update.linux64_1.4.0.202007081208/tools/bin/../lib/gcc/arm-none-eabi/7.3.1/../../../../arm-none-eabi/lib/thumb/v6-m/libc_nano.a(lib_a-isattyr.o)
                0x0000000008006860                _isatty_r
 .text._lseek_r
                0x0000000008006884       0x28 /opt/st/stm32cubeide_1.4.0/plugins/com.st.stm32cube.ide.mcu.externaltools.gnu-tools-for-stm32.7-2018-q2-update.linux64_1.4.0.202007081208/tools/bin/../lib/gcc/arm-none-eabi/7.3.1/../../../../arm-none-eabi/lib/thumb/v6-m/libc_nano.a(lib_a-lseekr.o)
                0x0000000008006884                _lseek_r
 .text.memchr   0x00000000080068ac       0x16 /opt/st/stm32cubeide_1.4.0/plugins/com.st.stm32cube.ide.mcu.externaltools.gnu-tools-for-stm32.7-2018-q2-update.linux64_1.4.0.202007081208/tools/bin/../lib/gcc/arm-none-eabi/7.3.1/../../../../arm-none-eabi/lib/thumb/v6-m/libc_nano.a(lib_a-memchr-stub.o)
                0x00000000080068ac                memchr
 .text.__malloc_lock
                0x00000000080068c2        0x2 /opt/st/stm32cubeide_1.4.0/plugins/com.st.stm32cube.ide.mcu.externaltools.gnu-tools-for-stm32.7-2018-q2-update.linux64_1.4.0.202007081208/tools/bin/../lib/gcc/arm-none-eabi/7.3.1/../../../../arm-none-eabi/lib/thumb/v6-m/libc_nano.a(lib_a-mlock.o)
                0x00000000080068c2                __malloc_lock
 .text.__malloc_unlock
                0x00000000080068c4        0x2 /opt/st/stm32cubeide_1.4.0/plugins/com.st.stm32cube.ide.mcu.externaltools.gnu-tools-for-stm32.7-2018-q2-update.linux64_1.4.0.202007081208/tools/bin/../lib/gcc/arm-none-eabi/7.3.1/../../../../arm-none-eabi/lib/thumb/v6-m/libc_nano.a(lib_a-mlock.o)
                0x00000000080068c4                __malloc_unlock
 *fill*         0x00000000080068c6        0x2 
 .text._read_r  0x00000000080068c8       0x28 /opt/st/stm32cubeide_1.4.0/plugins/com.st.stm32cube.ide.mcu.externaltools.gnu-tools-for-stm32.7-2018-q2-update.linux64_1.4.0.202007081208/tools/bin/../lib/gcc/arm-none-eabi/7.3.1/../../../../arm-none-eabi/lib/thumb/v6-m/libc_nano.a(lib_a-readr.o)
                0x00000000080068c8                _read_r
 *(.glue_7)
 .glue_7        0x00000000080068f0        0x0 linker stubs
 *(.glue_7t)
 .glue_7t       0x00000000080068f0        0x0 linker stubs
 *(.eh_frame)
 .eh_frame      0x00000000080068f0        0x0 /opt/st/stm32cubeide_1.4.0/plugins/com.st.stm32cube.ide.mcu.externaltools.gnu-tools-for-stm32.7-2018-q2-update.linux64_1.4.0.202007081208/tools/bin/../lib/gcc/arm-none-eabi/7.3.1/thumb/v6-m/crtbegin.o
 *(.init)
 .init          0x00000000080068f0        0x4 /opt/st/stm32cubeide_1.4.0/plugins/com.st.stm32cube.ide.mcu.externaltools.gnu-tools-for-stm32.7-2018-q2-update.linux64_1.4.0.202007081208/tools/bin/../lib/gcc/arm-none-eabi/7.3.1/thumb/v6-m/crti.o
                0x00000000080068f0                _init
 .init          0x00000000080068f4        0x8 /opt/st/stm32cubeide_1.4.0/plugins/com.st.stm32cube.ide.mcu.externaltools.gnu-tools-for-stm32.7-2018-q2-update.linux64_1.4.0.202007081208/tools/bin/../lib/gcc/arm-none-eabi/7.3.1/thumb/v6-m/crtn.o
 *(.fini)
 .fini          0x00000000080068fc        0x4 /opt/st/stm32cubeide_1.4.0/plugins/com.st.stm32cube.ide.mcu.externaltools.gnu-tools-for-stm32.7-2018-q2-update.linux64_1.4.0.202007081208/tools/bin/../lib/gcc/arm-none-eabi/7.3.1/thumb/v6-m/crti.o
                0x00000000080068fc                _fini
 .fini          0x0000000008006900        0x8 /opt/st/stm32cubeide_1.4.0/plugins/com.st.stm32cube.ide.mcu.externaltools.gnu-tools-for-stm32.7-2018-q2-update.linux64_1.4.0.202007081208/tools/bin/../lib/gcc/arm-none-eabi/7.3.1/thumb/v6-m/crtn.o
                0x0000000008006908                . = ALIGN (0x4)
                0x0000000008006908                _etext = .

.vfp11_veneer   0x0000000008006908        0x0
 .vfp11_veneer  0x0000000008006908        0x0 linker stubs

.v4_bx          0x0000000008006908        0x0
 .v4_bx         0x0000000008006908        0x0 linker stubs

.iplt           0x0000000008006908        0x0
 .iplt          0x0000000008006908        0x0 /opt/st/stm32cubeide_1.4.0/plugins/com.st.stm32cube.ide.mcu.externaltools.gnu-tools-for-stm32.7-2018-q2-update.linux64_1.4.0.202007081208/tools/bin/../lib/gcc/arm-none-eabi/7.3.1/thumb/v6-m/crtbegin.o

.rodata         0x0000000008006908      0x250
                0x0000000008006908                . = ALIGN (0x4)
 *(.rodata)
 .rodata        0x0000000008006908      0x17c Core/Src/main.o
 .rodata        0x0000000008006a84       0x20 Drivers/STM32F0xx_HAL_Driver/Src/stm32f0xx_hal_rcc.o
 *(.rodata*)
 .rodata.DEVICE_ID
                0x0000000008006aa4        0x2 Core/Src/main.o
                0x0000000008006aa4                DEVICE_ID
 *fill*         0x0000000008006aa6        0x2 
 .rodata.AHBPrescTable
                0x0000000008006aa8       0x10 Core/Src/system_stm32f0xx.o
                0x0000000008006aa8                AHBPrescTable
 .rodata.APBPrescTable
                0x0000000008006ab8        0x8 Core/Src/system_stm32f0xx.o
                0x0000000008006ab8                APBPrescTable
 .rodata._global_impure_ptr
                0x0000000008006ac0        0x4 /opt/st/stm32cubeide_1.4.0/plugins/com.st.stm32cube.ide.mcu.externaltools.gnu-tools-for-stm32.7-2018-q2-update.linux64_1.4.0.202007081208/tools/bin/../lib/gcc/arm-none-eabi/7.3.1/../../../../arm-none-eabi/lib/thumb/v6-m/libc_nano.a(lib_a-impure.o)
                0x0000000008006ac0                _global_impure_ptr
 .rodata.__sf_fake_stderr
                0x0000000008006ac4       0x20 /opt/st/stm32cubeide_1.4.0/plugins/com.st.stm32cube.ide.mcu.externaltools.gnu-tools-for-stm32.7-2018-q2-update.linux64_1.4.0.202007081208/tools/bin/../lib/gcc/arm-none-eabi/7.3.1/../../../../arm-none-eabi/lib/thumb/v6-m/libc_nano.a(lib_a-findfp.o)
                0x0000000008006ac4                __sf_fake_stderr
 .rodata.__sf_fake_stdin
                0x0000000008006ae4       0x20 /opt/st/stm32cubeide_1.4.0/plugins/com.st.stm32cube.ide.mcu.externaltools.gnu-tools-for-stm32.7-2018-q2-update.linux64_1.4.0.202007081208/tools/bin/../lib/gcc/arm-none-eabi/7.3.1/../../../../arm-none-eabi/lib/thumb/v6-m/libc_nano.a(lib_a-findfp.o)
                0x0000000008006ae4                __sf_fake_stdin
 .rodata.__sf_fake_stdout
                0x0000000008006b04       0x20 /opt/st/stm32cubeide_1.4.0/plugins/com.st.stm32cube.ide.mcu.externaltools.gnu-tools-for-stm32.7-2018-q2-update.linux64_1.4.0.202007081208/tools/bin/../lib/gcc/arm-none-eabi/7.3.1/../../../../arm-none-eabi/lib/thumb/v6-m/libc_nano.a(lib_a-findfp.o)
                0x0000000008006b04                __sf_fake_stdout
 .rodata._vfprintf_r.str1.1
                0x0000000008006b24       0x11 /opt/st/stm32cubeide_1.4.0/plugins/com.st.stm32cube.ide.mcu.externaltools.gnu-tools-for-stm32.7-2018-q2-update.linux64_1.4.0.202007081208/tools/bin/../lib/gcc/arm-none-eabi/7.3.1/../../../../arm-none-eabi/lib/thumb/v6-m/libc_nano.a(lib_a-nano-vfprintf.o)
 .rodata._printf_i.str1.1
                0x0000000008006b35       0x22 /opt/st/stm32cubeide_1.4.0/plugins/com.st.stm32cube.ide.mcu.externaltools.gnu-tools-for-stm32.7-2018-q2-update.linux64_1.4.0.202007081208/tools/bin/../lib/gcc/arm-none-eabi/7.3.1/../../../../arm-none-eabi/lib/thumb/v6-m/libc_nano.a(lib_a-nano-vfprintf_i.o)
                0x0000000008006b58                . = ALIGN (0x4)
 *fill*         0x0000000008006b57        0x1 

.ARM.extab      0x0000000008006b58        0x0
                0x0000000008006b58                . = ALIGN (0x4)
 *(.ARM.extab* .gnu.linkonce.armextab.*)
                0x0000000008006b58                . = ALIGN (0x4)

.ARM            0x0000000008006b58        0x8
                0x0000000008006b58                . = ALIGN (0x4)
                0x0000000008006b58                __exidx_start = .
 *(.ARM.exidx*)
 .ARM.exidx     0x0000000008006b58        0x8 /opt/st/stm32cubeide_1.4.0/plugins/com.st.stm32cube.ide.mcu.externaltools.gnu-tools-for-stm32.7-2018-q2-update.linux64_1.4.0.202007081208/tools/bin/../lib/gcc/arm-none-eabi/7.3.1/thumb/v6-m/libgcc.a(_udivmoddi4.o)
                0x0000000008006b60                __exidx_end = .
                0x0000000008006b60                . = ALIGN (0x4)

.rel.dyn        0x0000000008006b60        0x0
 .rel.iplt      0x0000000008006b60        0x0 /opt/st/stm32cubeide_1.4.0/plugins/com.st.stm32cube.ide.mcu.externaltools.gnu-tools-for-stm32.7-2018-q2-update.linux64_1.4.0.202007081208/tools/bin/../lib/gcc/arm-none-eabi/7.3.1/thumb/v6-m/crtbegin.o

.preinit_array  0x0000000008006b60        0x0
                0x0000000008006b60                . = ALIGN (0x4)
                0x0000000008006b60                PROVIDE (__preinit_array_start = .)
 *(.preinit_array*)
                0x0000000008006b60                PROVIDE (__preinit_array_end = .)
                0x0000000008006b60                . = ALIGN (0x4)

.init_array     0x0000000008006b60        0x4
                0x0000000008006b60                . = ALIGN (0x4)
                0x0000000008006b60                PROVIDE (__init_array_start = .)
 *(SORT_BY_NAME(.init_array.*))
 *(.init_array*)
 .init_array    0x0000000008006b60        0x4 /opt/st/stm32cubeide_1.4.0/plugins/com.st.stm32cube.ide.mcu.externaltools.gnu-tools-for-stm32.7-2018-q2-update.linux64_1.4.0.202007081208/tools/bin/../lib/gcc/arm-none-eabi/7.3.1/thumb/v6-m/crtbegin.o
                0x0000000008006b64                PROVIDE (__init_array_end = .)
                0x0000000008006b64                . = ALIGN (0x4)

.fini_array     0x0000000008006b64        0x4
                0x0000000008006b64                . = ALIGN (0x4)
                [!provide]                        PROVIDE (__fini_array_start = .)
 *(SORT_BY_NAME(.fini_array.*))
 *(.fini_array*)
 .fini_array    0x0000000008006b64        0x4 /opt/st/stm32cubeide_1.4.0/plugins/com.st.stm32cube.ide.mcu.externaltools.gnu-tools-for-stm32.7-2018-q2-update.linux64_1.4.0.202007081208/tools/bin/../lib/gcc/arm-none-eabi/7.3.1/thumb/v6-m/crtbegin.o
                [!provide]                        PROVIDE (__fini_array_end = .)
                0x0000000008006b68                . = ALIGN (0x4)
                0x0000000008006b68                _sidata = LOADADDR (.data)

.data           0x0000000020000000       0x70 load address 0x0000000008006b68
                0x0000000020000000                . = ALIGN (0x4)
                0x0000000020000000                _sdata = .
 *(.data)
 *(.data*)
 .data.SystemCoreClock
                0x0000000020000000        0x4 Core/Src/system_stm32f0xx.o
                0x0000000020000000                SystemCoreClock
 .data.uwTickPrio
                0x0000000020000004        0x4 Drivers/STM32F0xx_HAL_Driver/Src/stm32f0xx_hal.o
                0x0000000020000004                uwTickPrio
 .data.uwTickFreq
                0x0000000020000008        0x1 Drivers/STM32F0xx_HAL_Driver/Src/stm32f0xx_hal.o
                0x0000000020000008                uwTickFreq
 *fill*         0x0000000020000009        0x3 
 .data._impure_ptr
                0x000000002000000c        0x4 /opt/st/stm32cubeide_1.4.0/plugins/com.st.stm32cube.ide.mcu.externaltools.gnu-tools-for-stm32.7-2018-q2-update.linux64_1.4.0.202007081208/tools/bin/../lib/gcc/arm-none-eabi/7.3.1/../../../../arm-none-eabi/lib/thumb/v6-m/libc_nano.a(lib_a-impure.o)
                0x000000002000000c                _impure_ptr
 .data.impure_data
                0x0000000020000010       0x60 /opt/st/stm32cubeide_1.4.0/plugins/com.st.stm32cube.ide.mcu.externaltools.gnu-tools-for-stm32.7-2018-q2-update.linux64_1.4.0.202007081208/tools/bin/../lib/gcc/arm-none-eabi/7.3.1/../../../../arm-none-eabi/lib/thumb/v6-m/libc_nano.a(lib_a-impure.o)
                0x0000000020000070                . = ALIGN (0x4)
                0x0000000020000070                _edata = .

.igot.plt       0x0000000020000070        0x0 load address 0x0000000008006bd8
 .igot.plt      0x0000000020000070        0x0 /opt/st/stm32cubeide_1.4.0/plugins/com.st.stm32cube.ide.mcu.externaltools.gnu-tools-for-stm32.7-2018-q2-update.linux64_1.4.0.202007081208/tools/bin/../lib/gcc/arm-none-eabi/7.3.1/thumb/v6-m/crtbegin.o
                0x0000000020000070                . = ALIGN (0x4)

.bss            0x0000000020000070      0x1ac load address 0x0000000008006bd8
                0x0000000020000070                _sbss = .
                0x0000000020000070                __bss_start__ = _sbss
 *(.bss)
 .bss           0x0000000020000070       0x1c /opt/st/stm32cubeide_1.4.0/plugins/com.st.stm32cube.ide.mcu.externaltools.gnu-tools-for-stm32.7-2018-q2-update.linux64_1.4.0.202007081208/tools/bin/../lib/gcc/arm-none-eabi/7.3.1/thumb/v6-m/crtbegin.o
 *(.bss*)
 .bss.mrf_rx_buf
                0x000000002000008c       0x7f Core/Src/lib_mrf24j.o
 .bss.ignore_bytes
                0x000000002000010b        0x1 Core/Src/lib_mrf24j.o
 .bss.mrf_rx_info
                0x000000002000010c        0xb Core/Src/lib_mrf24j.o
 *fill*         0x0000000020000117        0x1 
 .bss.mrf_tx_info
                0x0000000020000118        0x3 Core/Src/lib_mrf24j.o
 *fill*         0x000000002000011b        0x1 
 .bss.__sbrk_heap_end
                0x000000002000011c        0x4 Core/Src/sysmem.o
 .bss.__malloc_free_list
                0x0000000020000120        0x4 /opt/st/stm32cubeide_1.4.0/plugins/com.st.stm32cube.ide.mcu.externaltools.gnu-tools-for-stm32.7-2018-q2-update.linux64_1.4.0.202007081208/tools/bin/../lib/gcc/arm-none-eabi/7.3.1/../../../../arm-none-eabi/lib/thumb/v6-m/libc_nano.a(lib_a-nano-mallocr.o)
                0x0000000020000120                __malloc_free_list
 .bss.__malloc_sbrk_start
                0x0000000020000124        0x4 /opt/st/stm32cubeide_1.4.0/plugins/com.st.stm32cube.ide.mcu.externaltools.gnu-tools-for-stm32.7-2018-q2-update.linux64_1.4.0.202007081208/tools/bin/../lib/gcc/arm-none-eabi/7.3.1/../../../../arm-none-eabi/lib/thumb/v6-m/libc_nano.a(lib_a-nano-mallocr.o)
                0x0000000020000124                __malloc_sbrk_start
 *(COMMON)
 COMMON         0x0000000020000128        0x2 Core/Src/lib_mrf24j.o
                0x0000000020000128                flag_got_tx
                0x0000000020000129                flag_got_rx
 *fill*         0x000000002000012a        0x2 
 COMMON         0x000000002000012c       0xe4 Core/Src/main.o
                0x000000002000012c                huart1
                0x00000000200001ac                hspi1
 COMMON         0x0000000020000210        0x4 Core/Src/retarget.o
                0x0000000020000210                gHuart
 COMMON         0x0000000020000214        0x4 Drivers/STM32F0xx_HAL_Driver/Src/stm32f0xx_hal.o
                0x0000000020000214                uwTick
 COMMON         0x0000000020000218        0x4 /opt/st/stm32cubeide_1.4.0/plugins/com.st.stm32cube.ide.mcu.externaltools.gnu-tools-for-stm32.7-2018-q2-update.linux64_1.4.0.202007081208/tools/bin/../lib/gcc/arm-none-eabi/7.3.1/../../../../arm-none-eabi/lib/thumb/v6-m/libc_nano.a(lib_a-reent.o)
                0x0000000020000218                errno
                0x000000002000021c                . = ALIGN (0x4)
                0x000000002000021c                _ebss = .
                0x000000002000021c                __bss_end__ = _ebss

._user_heap_stack
                0x000000002000021c      0x604 load address 0x0000000008006bd8
                0x0000000020000220                . = ALIGN (0x8)
 *fill*         0x000000002000021c        0x4 
                [!provide]                        PROVIDE (end = .)
                0x0000000020000220                PROVIDE (_end = .)
                0x0000000020000420                . = (. + _Min_Heap_Size)
 *fill*         0x0000000020000220      0x200 
                0x0000000020000820                . = (. + _Min_Stack_Size)
 *fill*         0x0000000020000420      0x400 
                0x0000000020000820                . = ALIGN (0x8)

/DISCARD/
 libc.a(*)
 libm.a(*)
 libgcc.a(*)

.ARM.attributes
                0x0000000000000000       0x28
 *(.ARM.attributes)
 .ARM.attributes
                0x0000000000000000       0x1e /opt/st/stm32cubeide_1.4.0/plugins/com.st.stm32cube.ide.mcu.externaltools.gnu-tools-for-stm32.7-2018-q2-update.linux64_1.4.0.202007081208/tools/bin/../lib/gcc/arm-none-eabi/7.3.1/thumb/v6-m/crti.o
 .ARM.attributes
                0x000000000000001e       0x2c /opt/st/stm32cubeide_1.4.0/plugins/com.st.stm32cube.ide.mcu.externaltools.gnu-tools-for-stm32.7-2018-q2-update.linux64_1.4.0.202007081208/tools/bin/../lib/gcc/arm-none-eabi/7.3.1/thumb/v6-m/crtbegin.o
 .ARM.attributes
                0x000000000000004a       0x31 Core/Src/lib_mrf24j.o
 .ARM.attributes
                0x000000000000007b       0x31 Core/Src/lora_sx1276.o
 .ARM.attributes
                0x00000000000000ac       0x31 Core/Src/main.o
 .ARM.attributes
                0x00000000000000dd       0x31 Core/Src/retarget.o
 .ARM.attributes
                0x000000000000010e       0x31 Core/Src/stm32f0xx_hal_msp.o
 .ARM.attributes
                0x000000000000013f       0x31 Core/Src/stm32f0xx_it.o
 .ARM.attributes
                0x0000000000000170       0x31 Core/Src/sysmem.o
 .ARM.attributes
                0x00000000000001a1       0x31 Core/Src/system_stm32f0xx.o
 .ARM.attributes
                0x00000000000001d2       0x21 Core/Startup/startup_stm32f031k6tx.o
 .ARM.attributes
                0x00000000000001f3       0x31 Drivers/STM32F0xx_HAL_Driver/Src/stm32f0xx_hal.o
 .ARM.attributes
                0x0000000000000224       0x31 Drivers/STM32F0xx_HAL_Driver/Src/stm32f0xx_hal_cortex.o
 .ARM.attributes
                0x0000000000000255       0x31 Drivers/STM32F0xx_HAL_Driver/Src/stm32f0xx_hal_dma.o
 .ARM.attributes
                0x0000000000000286       0x31 Drivers/STM32F0xx_HAL_Driver/Src/stm32f0xx_hal_gpio.o
 .ARM.attributes
                0x00000000000002b7       0x31 Drivers/STM32F0xx_HAL_Driver/Src/stm32f0xx_hal_rcc.o
 .ARM.attributes
                0x00000000000002e8       0x31 Drivers/STM32F0xx_HAL_Driver/Src/stm32f0xx_hal_rcc_ex.o
 .ARM.attributes
                0x0000000000000319       0x31 Drivers/STM32F0xx_HAL_Driver/Src/stm32f0xx_hal_spi.o
 .ARM.attributes
                0x000000000000034a       0x31 Drivers/STM32F0xx_HAL_Driver/Src/stm32f0xx_hal_uart.o
 .ARM.attributes
                0x000000000000037b       0x2c /opt/st/stm32cubeide_1.4.0/plugins/com.st.stm32cube.ide.mcu.externaltools.gnu-tools-for-stm32.7-2018-q2-update.linux64_1.4.0.202007081208/tools/bin/../lib/gcc/arm-none-eabi/7.3.1/../../../../arm-none-eabi/lib/thumb/v6-m/libc_nano.a(lib_a-errno.o)
 .ARM.attributes
                0x00000000000003a7       0x2c /opt/st/stm32cubeide_1.4.0/plugins/com.st.stm32cube.ide.mcu.externaltools.gnu-tools-for-stm32.7-2018-q2-update.linux64_1.4.0.202007081208/tools/bin/../lib/gcc/arm-none-eabi/7.3.1/../../../../arm-none-eabi/lib/thumb/v6-m/libc_nano.a(lib_a-impure.o)
 .ARM.attributes
                0x00000000000003d3       0x2c /opt/st/stm32cubeide_1.4.0/plugins/com.st.stm32cube.ide.mcu.externaltools.gnu-tools-for-stm32.7-2018-q2-update.linux64_1.4.0.202007081208/tools/bin/../lib/gcc/arm-none-eabi/7.3.1/../../../../arm-none-eabi/lib/thumb/v6-m/libc_nano.a(lib_a-init.o)
 .ARM.attributes
                0x00000000000003ff       0x2c /opt/st/stm32cubeide_1.4.0/plugins/com.st.stm32cube.ide.mcu.externaltools.gnu-tools-for-stm32.7-2018-q2-update.linux64_1.4.0.202007081208/tools/bin/../lib/gcc/arm-none-eabi/7.3.1/../../../../arm-none-eabi/lib/thumb/v6-m/libc_nano.a(lib_a-memset.o)
 .ARM.attributes
                0x000000000000042b       0x2c /opt/st/stm32cubeide_1.4.0/plugins/com.st.stm32cube.ide.mcu.externaltools.gnu-tools-for-stm32.7-2018-q2-update.linux64_1.4.0.202007081208/tools/bin/../lib/gcc/arm-none-eabi/7.3.1/../../../../arm-none-eabi/lib/thumb/v6-m/libc_nano.a(lib_a-printf.o)
 .ARM.attributes
                0x0000000000000457       0x2c /opt/st/stm32cubeide_1.4.0/plugins/com.st.stm32cube.ide.mcu.externaltools.gnu-tools-for-stm32.7-2018-q2-update.linux64_1.4.0.202007081208/tools/bin/../lib/gcc/arm-none-eabi/7.3.1/../../../../arm-none-eabi/lib/thumb/v6-m/libc_nano.a(lib_a-putchar.o)
 .ARM.attributes
                0x0000000000000483       0x2c /opt/st/stm32cubeide_1.4.0/plugins/com.st.stm32cube.ide.mcu.externaltools.gnu-tools-for-stm32.7-2018-q2-update.linux64_1.4.0.202007081208/tools/bin/../lib/gcc/arm-none-eabi/7.3.1/../../../../arm-none-eabi/lib/thumb/v6-m/libc_nano.a(lib_a-puts.o)
 .ARM.attributes
                0x00000000000004af       0x2c /opt/st/stm32cubeide_1.4.0/plugins/com.st.stm32cube.ide.mcu.externaltools.gnu-tools-for-stm32.7-2018-q2-update.linux64_1.4.0.202007081208/tools/bin/../lib/gcc/arm-none-eabi/7.3.1/../../../../arm-none-eabi/lib/thumb/v6-m/libc_nano.a(lib_a-setvbuf.o)
 .ARM.attributes
                0x00000000000004db       0x2c /opt/st/stm32cubeide_1.4.0/plugins/com.st.stm32cube.ide.mcu.externaltools.gnu-tools-for-stm32.7-2018-q2-update.linux64_1.4.0.202007081208/tools/bin/../lib/gcc/arm-none-eabi/7.3.1/../../../../arm-none-eabi/lib/thumb/v6-m/libc_nano.a(lib_a-wbuf.o)
 .ARM.attributes
                0x0000000000000507       0x2c /opt/st/stm32cubeide_1.4.0/plugins/com.st.stm32cube.ide.mcu.externaltools.gnu-tools-for-stm32.7-2018-q2-update.linux64_1.4.0.202007081208/tools/bin/../lib/gcc/arm-none-eabi/7.3.1/../../../../arm-none-eabi/lib/thumb/v6-m/libc_nano.a(lib_a-wsetup.o)
 .ARM.attributes
                0x0000000000000533       0x2c /opt/st/stm32cubeide_1.4.0/plugins/com.st.stm32cube.ide.mcu.externaltools.gnu-tools-for-stm32.7-2018-q2-update.linux64_1.4.0.202007081208/tools/bin/../lib/gcc/arm-none-eabi/7.3.1/../../../../arm-none-eabi/lib/thumb/v6-m/libc_nano.a(lib_a-fflush.o)
 .ARM.attributes
                0x000000000000055f       0x2c /opt/st/stm32cubeide_1.4.0/plugins/com.st.stm32cube.ide.mcu.externaltools.gnu-tools-for-stm32.7-2018-q2-update.linux64_1.4.0.202007081208/tools/bin/../lib/gcc/arm-none-eabi/7.3.1/../../../../arm-none-eabi/lib/thumb/v6-m/libc_nano.a(lib_a-findfp.o)
 .ARM.attributes
                0x000000000000058b       0x2c /opt/st/stm32cubeide_1.4.0/plugins/com.st.stm32cube.ide.mcu.externaltools.gnu-tools-for-stm32.7-2018-q2-update.linux64_1.4.0.202007081208/tools/bin/../lib/gcc/arm-none-eabi/7.3.1/../../../../arm-none-eabi/lib/thumb/v6-m/libc_nano.a(lib_a-fwalk.o)
 .ARM.attributes
                0x00000000000005b7       0x2c /opt/st/stm32cubeide_1.4.0/plugins/com.st.stm32cube.ide.mcu.externaltools.gnu-tools-for-stm32.7-2018-q2-update.linux64_1.4.0.202007081208/tools/bin/../lib/gcc/arm-none-eabi/7.3.1/../../../../arm-none-eabi/lib/thumb/v6-m/libc_nano.a(lib_a-makebuf.o)
 .ARM.attributes
                0x00000000000005e3       0x2c /opt/st/stm32cubeide_1.4.0/plugins/com.st.stm32cube.ide.mcu.externaltools.gnu-tools-for-stm32.7-2018-q2-update.linux64_1.4.0.202007081208/tools/bin/../lib/gcc/arm-none-eabi/7.3.1/../../../../arm-none-eabi/lib/thumb/v6-m/libc_nano.a(lib_a-malloc.o)
 .ARM.attributes
                0x000000000000060f       0x2c /opt/st/stm32cubeide_1.4.0/plugins/com.st.stm32cube.ide.mcu.externaltools.gnu-tools-for-stm32.7-2018-q2-update.linux64_1.4.0.202007081208/tools/bin/../lib/gcc/arm-none-eabi/7.3.1/../../../../arm-none-eabi/lib/thumb/v6-m/libc_nano.a(lib_a-nano-freer.o)
 .ARM.attributes
                0x000000000000063b       0x2c /opt/st/stm32cubeide_1.4.0/plugins/com.st.stm32cube.ide.mcu.externaltools.gnu-tools-for-stm32.7-2018-q2-update.linux64_1.4.0.202007081208/tools/bin/../lib/gcc/arm-none-eabi/7.3.1/../../../../arm-none-eabi/lib/thumb/v6-m/libc_nano.a(lib_a-nano-mallocr.o)
 .ARM.attributes
                0x0000000000000667       0x2c /opt/st/stm32cubeide_1.4.0/plugins/com.st.stm32cube.ide.mcu.externaltools.gnu-tools-for-stm32.7-2018-q2-update.linux64_1.4.0.202007081208/tools/bin/../lib/gcc/arm-none-eabi/7.3.1/../../../../arm-none-eabi/lib/thumb/v6-m/libc_nano.a(lib_a-nano-vfprintf.o)
 .ARM.attributes
                0x0000000000000693       0x2c /opt/st/stm32cubeide_1.4.0/plugins/com.st.stm32cube.ide.mcu.externaltools.gnu-tools-for-stm32.7-2018-q2-update.linux64_1.4.0.202007081208/tools/bin/../lib/gcc/arm-none-eabi/7.3.1/../../../../arm-none-eabi/lib/thumb/v6-m/libc_nano.a(lib_a-nano-vfprintf_i.o)
 .ARM.attributes
                0x00000000000006bf       0x2c /opt/st/stm32cubeide_1.4.0/plugins/com.st.stm32cube.ide.mcu.externaltools.gnu-tools-for-stm32.7-2018-q2-update.linux64_1.4.0.202007081208/tools/bin/../lib/gcc/arm-none-eabi/7.3.1/../../../../arm-none-eabi/lib/thumb/v6-m/libc_nano.a(lib_a-putc.o)
 .ARM.attributes
                0x00000000000006eb       0x2c /opt/st/stm32cubeide_1.4.0/plugins/com.st.stm32cube.ide.mcu.externaltools.gnu-tools-for-stm32.7-2018-q2-update.linux64_1.4.0.202007081208/tools/bin/../lib/gcc/arm-none-eabi/7.3.1/../../../../arm-none-eabi/lib/thumb/v6-m/libc_nano.a(lib_a-sbrkr.o)
 .ARM.attributes
                0x0000000000000717       0x2c /opt/st/stm32cubeide_1.4.0/plugins/com.st.stm32cube.ide.mcu.externaltools.gnu-tools-for-stm32.7-2018-q2-update.linux64_1.4.0.202007081208/tools/bin/../lib/gcc/arm-none-eabi/7.3.1/../../../../arm-none-eabi/lib/thumb/v6-m/libc_nano.a(lib_a-stdio.o)
 .ARM.attributes
                0x0000000000000743       0x2c /opt/st/stm32cubeide_1.4.0/plugins/com.st.stm32cube.ide.mcu.externaltools.gnu-tools-for-stm32.7-2018-q2-update.linux64_1.4.0.202007081208/tools/bin/../lib/gcc/arm-none-eabi/7.3.1/../../../../arm-none-eabi/lib/thumb/v6-m/libc_nano.a(lib_a-writer.o)
 .ARM.attributes
                0x000000000000076f       0x2c /opt/st/stm32cubeide_1.4.0/plugins/com.st.stm32cube.ide.mcu.externaltools.gnu-tools-for-stm32.7-2018-q2-update.linux64_1.4.0.202007081208/tools/bin/../lib/gcc/arm-none-eabi/7.3.1/../../../../arm-none-eabi/lib/thumb/v6-m/libc_nano.a(lib_a-closer.o)
 .ARM.attributes
                0x000000000000079b       0x2c /opt/st/stm32cubeide_1.4.0/plugins/com.st.stm32cube.ide.mcu.externaltools.gnu-tools-for-stm32.7-2018-q2-update.linux64_1.4.0.202007081208/tools/bin/../lib/gcc/arm-none-eabi/7.3.1/../../../../arm-none-eabi/lib/thumb/v6-m/libc_nano.a(lib_a-fstatr.o)
 .ARM.attributes
                0x00000000000007c7       0x2c /opt/st/stm32cubeide_1.4.0/plugins/com.st.stm32cube.ide.mcu.externaltools.gnu-tools-for-stm32.7-2018-q2-update.linux64_1.4.0.202007081208/tools/bin/../lib/gcc/arm-none-eabi/7.3.1/../../../../arm-none-eabi/lib/thumb/v6-m/libc_nano.a(lib_a-isattyr.o)
 .ARM.attributes
                0x00000000000007f3       0x2c /opt/st/stm32cubeide_1.4.0/plugins/com.st.stm32cube.ide.mcu.externaltools.gnu-tools-for-stm32.7-2018-q2-update.linux64_1.4.0.202007081208/tools/bin/../lib/gcc/arm-none-eabi/7.3.1/../../../../arm-none-eabi/lib/thumb/v6-m/libc_nano.a(lib_a-lseekr.o)
 .ARM.attributes
                0x000000000000081f       0x2c /opt/st/stm32cubeide_1.4.0/plugins/com.st.stm32cube.ide.mcu.externaltools.gnu-tools-for-stm32.7-2018-q2-update.linux64_1.4.0.202007081208/tools/bin/../lib/gcc/arm-none-eabi/7.3.1/../../../../arm-none-eabi/lib/thumb/v6-m/libc_nano.a(lib_a-memchr-stub.o)
 .ARM.attributes
                0x000000000000084b       0x2c /opt/st/stm32cubeide_1.4.0/plugins/com.st.stm32cube.ide.mcu.externaltools.gnu-tools-for-stm32.7-2018-q2-update.linux64_1.4.0.202007081208/tools/bin/../lib/gcc/arm-none-eabi/7.3.1/../../../../arm-none-eabi/lib/thumb/v6-m/libc_nano.a(lib_a-mlock.o)
 .ARM.attributes
                0x0000000000000877       0x2c /opt/st/stm32cubeide_1.4.0/plugins/com.st.stm32cube.ide.mcu.externaltools.gnu-tools-for-stm32.7-2018-q2-update.linux64_1.4.0.202007081208/tools/bin/../lib/gcc/arm-none-eabi/7.3.1/../../../../arm-none-eabi/lib/thumb/v6-m/libc_nano.a(lib_a-readr.o)
 .ARM.attributes
                0x00000000000008a3       0x2c /opt/st/stm32cubeide_1.4.0/plugins/com.st.stm32cube.ide.mcu.externaltools.gnu-tools-for-stm32.7-2018-q2-update.linux64_1.4.0.202007081208/tools/bin/../lib/gcc/arm-none-eabi/7.3.1/../../../../arm-none-eabi/lib/thumb/v6-m/libc_nano.a(lib_a-reent.o)
 .ARM.attributes
                0x00000000000008cf       0x1e /opt/st/stm32cubeide_1.4.0/plugins/com.st.stm32cube.ide.mcu.externaltools.gnu-tools-for-stm32.7-2018-q2-update.linux64_1.4.0.202007081208/tools/bin/../lib/gcc/arm-none-eabi/7.3.1/thumb/v6-m/libgcc.a(_udivsi3.o)
 .ARM.attributes
                0x00000000000008ed       0x1e /opt/st/stm32cubeide_1.4.0/plugins/com.st.stm32cube.ide.mcu.externaltools.gnu-tools-for-stm32.7-2018-q2-update.linux64_1.4.0.202007081208/tools/bin/../lib/gcc/arm-none-eabi/7.3.1/thumb/v6-m/libgcc.a(_divsi3.o)
 .ARM.attributes
                0x000000000000090b       0x1e /opt/st/stm32cubeide_1.4.0/plugins/com.st.stm32cube.ide.mcu.externaltools.gnu-tools-for-stm32.7-2018-q2-update.linux64_1.4.0.202007081208/tools/bin/../lib/gcc/arm-none-eabi/7.3.1/thumb/v6-m/libgcc.a(_dvmd_tls.o)
 .ARM.attributes
                0x0000000000000929       0x1e /opt/st/stm32cubeide_1.4.0/plugins/com.st.stm32cube.ide.mcu.externaltools.gnu-tools-for-stm32.7-2018-q2-update.linux64_1.4.0.202007081208/tools/bin/../lib/gcc/arm-none-eabi/7.3.1/thumb/v6-m/libgcc.a(_aeabi_uldivmod.o)
 .ARM.attributes
                0x0000000000000947       0x2c /opt/st/stm32cubeide_1.4.0/plugins/com.st.stm32cube.ide.mcu.externaltools.gnu-tools-for-stm32.7-2018-q2-update.linux64_1.4.0.202007081208/tools/bin/../lib/gcc/arm-none-eabi/7.3.1/thumb/v6-m/libgcc.a(_udivmoddi4.o)
 .ARM.attributes
                0x0000000000000973       0x1e /opt/st/stm32cubeide_1.4.0/plugins/com.st.stm32cube.ide.mcu.externaltools.gnu-tools-for-stm32.7-2018-q2-update.linux64_1.4.0.202007081208/tools/bin/../lib/gcc/arm-none-eabi/7.3.1/thumb/v6-m/libgcc.a(_clzdi2.o)
 .ARM.attributes
                0x0000000000000991       0x1e /opt/st/stm32cubeide_1.4.0/plugins/com.st.stm32cube.ide.mcu.externaltools.gnu-tools-for-stm32.7-2018-q2-update.linux64_1.4.0.202007081208/tools/bin/../lib/gcc/arm-none-eabi/7.3.1/thumb/v6-m/libgcc.a(_clzsi2.o)
 .ARM.attributes
                0x00000000000009af       0x1e /opt/st/stm32cubeide_1.4.0/plugins/com.st.stm32cube.ide.mcu.externaltools.gnu-tools-for-stm32.7-2018-q2-update.linux64_1.4.0.202007081208/tools/bin/../lib/gcc/arm-none-eabi/7.3.1/thumb/v6-m/crtn.o
OUTPUT(LoraBee.elf elf32-littlearm)

.debug_info     0x0000000000000000     0xb07c
 .debug_info    0x0000000000000000      0x578 Core/Src/lib_mrf24j.o
 .debug_info    0x0000000000000578     0x12bb Core/Src/lora_sx1276.o
 .debug_info    0x0000000000001833     0x1911 Core/Src/main.o
 .debug_info    0x0000000000003144     0x1256 Core/Src/retarget.o
 .debug_info    0x000000000000439a      0xbee Core/Src/stm32f0xx_hal_msp.o
 .debug_info    0x0000000000004f88      0x1a2 Core/Src/stm32f0xx_it.o
 .debug_info    0x000000000000512a      0x985 Core/Src/sysmem.o
 .debug_info    0x0000000000005aaf      0x29e Core/Src/system_stm32f0xx.o
 .debug_info    0x0000000000005d4d       0x22 Core/Startup/startup_stm32f031k6tx.o
 .debug_info    0x0000000000005d6f      0x673 Drivers/STM32F0xx_HAL_Driver/Src/stm32f0xx_hal.o
 .debug_info    0x00000000000063e2      0x750 Drivers/STM32F0xx_HAL_Driver/Src/stm32f0xx_hal_cortex.o
 .debug_info    0x0000000000006b32      0x79f Drivers/STM32F0xx_HAL_Driver/Src/stm32f0xx_hal_dma.o
 .debug_info    0x00000000000072d1      0x670 Drivers/STM32F0xx_HAL_Driver/Src/stm32f0xx_hal_gpio.o
 .debug_info    0x0000000000007941      0x80a Drivers/STM32F0xx_HAL_Driver/Src/stm32f0xx_hal_rcc.o
 .debug_info    0x000000000000814b      0x3cb Drivers/STM32F0xx_HAL_Driver/Src/stm32f0xx_hal_rcc_ex.o
 .debug_info    0x0000000000008516     0x15f9 Drivers/STM32F0xx_HAL_Driver/Src/stm32f0xx_hal_spi.o
 .debug_info    0x0000000000009b0f     0x156d Drivers/STM32F0xx_HAL_Driver/Src/stm32f0xx_hal_uart.o

.debug_abbrev   0x0000000000000000     0x1d9a
 .debug_abbrev  0x0000000000000000      0x17c Core/Src/lib_mrf24j.o
 .debug_abbrev  0x000000000000017c      0x250 Core/Src/lora_sx1276.o
 .debug_abbrev  0x00000000000003cc      0x2d1 Core/Src/main.o
 .debug_abbrev  0x000000000000069d      0x201 Core/Src/retarget.o
 .debug_abbrev  0x000000000000089e      0x18c Core/Src/stm32f0xx_hal_msp.o
 .debug_abbrev  0x0000000000000a2a       0xc6 Core/Src/stm32f0xx_it.o
 .debug_abbrev  0x0000000000000af0      0x19b Core/Src/sysmem.o
 .debug_abbrev  0x0000000000000c8b      0x12b Core/Src/system_stm32f0xx.o
 .debug_abbrev  0x0000000000000db6       0x12 Core/Startup/startup_stm32f031k6tx.o
 .debug_abbrev  0x0000000000000dc8      0x1f2 Drivers/STM32F0xx_HAL_Driver/Src/stm32f0xx_hal.o
 .debug_abbrev  0x0000000000000fba      0x273 Drivers/STM32F0xx_HAL_Driver/Src/stm32f0xx_hal_cortex.o
 .debug_abbrev  0x000000000000122d      0x1ed Drivers/STM32F0xx_HAL_Driver/Src/stm32f0xx_hal_dma.o
 .debug_abbrev  0x000000000000141a      0x1c0 Drivers/STM32F0xx_HAL_Driver/Src/stm32f0xx_hal_gpio.o
 .debug_abbrev  0x00000000000015da      0x20f Drivers/STM32F0xx_HAL_Driver/Src/stm32f0xx_hal_rcc.o
 .debug_abbrev  0x00000000000017e9      0x175 Drivers/STM32F0xx_HAL_Driver/Src/stm32f0xx_hal_rcc_ex.o
 .debug_abbrev  0x000000000000195e      0x228 Drivers/STM32F0xx_HAL_Driver/Src/stm32f0xx_hal_spi.o
 .debug_abbrev  0x0000000000001b86      0x214 Drivers/STM32F0xx_HAL_Driver/Src/stm32f0xx_hal_uart.o

.debug_aranges  0x0000000000000000      0xad0
 .debug_aranges
                0x0000000000000000       0x98 Core/Src/lib_mrf24j.o
 .debug_aranges
                0x0000000000000098      0x150 Core/Src/lora_sx1276.o
 .debug_aranges
                0x00000000000001e8       0xa0 Core/Src/main.o
 .debug_aranges
                0x0000000000000288       0x50 Core/Src/retarget.o
 .debug_aranges
                0x00000000000002d8       0x40 Core/Src/stm32f0xx_hal_msp.o
 .debug_aranges
                0x0000000000000318       0x40 Core/Src/stm32f0xx_it.o
 .debug_aranges
                0x0000000000000358       0x20 Core/Src/sysmem.o
 .debug_aranges
                0x0000000000000378       0x28 Core/Src/system_stm32f0xx.o
 .debug_aranges
                0x00000000000003a0       0x28 Core/Startup/startup_stm32f031k6tx.o
 .debug_aranges
                0x00000000000003c8       0xd0 Drivers/STM32F0xx_HAL_Driver/Src/stm32f0xx_hal.o
 .debug_aranges
                0x0000000000000498       0xc0 Drivers/STM32F0xx_HAL_Driver/Src/stm32f0xx_hal_cortex.o
 .debug_aranges
                0x0000000000000558       0x88 Drivers/STM32F0xx_HAL_Driver/Src/stm32f0xx_hal_dma.o
 .debug_aranges
                0x00000000000005e0       0x58 Drivers/STM32F0xx_HAL_Driver/Src/stm32f0xx_hal_gpio.o
 .debug_aranges
                0x0000000000000638       0x80 Drivers/STM32F0xx_HAL_Driver/Src/stm32f0xx_hal_rcc.o
 .debug_aranges
                0x00000000000006b8       0x30 Drivers/STM32F0xx_HAL_Driver/Src/stm32f0xx_hal_rcc_ex.o
 .debug_aranges
                0x00000000000006e8      0x1d8 Drivers/STM32F0xx_HAL_Driver/Src/stm32f0xx_hal_spi.o
 .debug_aranges
                0x00000000000008c0      0x210 Drivers/STM32F0xx_HAL_Driver/Src/stm32f0xx_hal_uart.o

.debug_ranges   0x0000000000000000      0x9c8
 .debug_ranges  0x0000000000000000       0x88 Core/Src/lib_mrf24j.o
 .debug_ranges  0x0000000000000088      0x140 Core/Src/lora_sx1276.o
 .debug_ranges  0x00000000000001c8       0x90 Core/Src/main.o
 .debug_ranges  0x0000000000000258       0x40 Core/Src/retarget.o
 .debug_ranges  0x0000000000000298       0x30 Core/Src/stm32f0xx_hal_msp.o
 .debug_ranges  0x00000000000002c8       0x30 Core/Src/stm32f0xx_it.o
 .debug_ranges  0x00000000000002f8       0x10 Core/Src/sysmem.o
 .debug_ranges  0x0000000000000308       0x18 Core/Src/system_stm32f0xx.o
 .debug_ranges  0x0000000000000320       0x20 Core/Startup/startup_stm32f031k6tx.o
 .debug_ranges  0x0000000000000340       0xc0 Drivers/STM32F0xx_HAL_Driver/Src/stm32f0xx_hal.o
 .debug_ranges  0x0000000000000400       0xb0 Drivers/STM32F0xx_HAL_Driver/Src/stm32f0xx_hal_cortex.o
 .debug_ranges  0x00000000000004b0       0x78 Drivers/STM32F0xx_HAL_Driver/Src/stm32f0xx_hal_dma.o
 .debug_ranges  0x0000000000000528       0x48 Drivers/STM32F0xx_HAL_Driver/Src/stm32f0xx_hal_gpio.o
 .debug_ranges  0x0000000000000570       0x70 Drivers/STM32F0xx_HAL_Driver/Src/stm32f0xx_hal_rcc.o
 .debug_ranges  0x00000000000005e0       0x20 Drivers/STM32F0xx_HAL_Driver/Src/stm32f0xx_hal_rcc_ex.o
 .debug_ranges  0x0000000000000600      0x1c8 Drivers/STM32F0xx_HAL_Driver/Src/stm32f0xx_hal_spi.o
 .debug_ranges  0x00000000000007c8      0x200 Drivers/STM32F0xx_HAL_Driver/Src/stm32f0xx_hal_uart.o

.debug_macro    0x0000000000000000     0xecb9
 .debug_macro   0x0000000000000000       0x72 Core/Src/lib_mrf24j.o
 .debug_macro   0x0000000000000072      0xa48 Core/Src/lib_mrf24j.o
 .debug_macro   0x0000000000000aba       0x22 Core/Src/lib_mrf24j.o
 .debug_macro   0x0000000000000adc       0x8e Core/Src/lib_mrf24j.o
 .debug_macro   0x0000000000000b6a       0x51 Core/Src/lib_mrf24j.o
 .debug_macro   0x0000000000000bbb       0xef Core/Src/lib_mrf24j.o
 .debug_macro   0x0000000000000caa       0x6a Core/Src/lib_mrf24j.o
 .debug_macro   0x0000000000000d14      0x1df Core/Src/lib_mrf24j.o
 .debug_macro   0x0000000000000ef3      0x329 Core/Src/lib_mrf24j.o
 .debug_macro   0x000000000000121c      0x328 Core/Src/lora_sx1276.o
 .debug_macro   0x0000000000001544      0x133 Core/Src/lora_sx1276.o
 .debug_macro   0x0000000000001677       0x2e Core/Src/lora_sx1276.o
 .debug_macro   0x00000000000016a5       0x22 Core/Src/lora_sx1276.o
 .debug_macro   0x00000000000016c7       0x1c Core/Src/lora_sx1276.o
 .debug_macro   0x00000000000016e3       0x22 Core/Src/lora_sx1276.o
 .debug_macro   0x0000000000001705       0xb5 Core/Src/lora_sx1276.o
 .debug_macro   0x00000000000017ba      0x391 Core/Src/lora_sx1276.o
 .debug_macro   0x0000000000001b4b     0x753d Core/Src/lora_sx1276.o
 .debug_macro   0x0000000000009088       0x3c Core/Src/lora_sx1276.o
 .debug_macro   0x00000000000090c4      0x174 Core/Src/lora_sx1276.o
 .debug_macro   0x0000000000009238       0x54 Core/Src/lora_sx1276.o
 .debug_macro   0x000000000000928c      0x924 Core/Src/lora_sx1276.o
 .debug_macro   0x0000000000009bb0       0xe5 Core/Src/lora_sx1276.o
 .debug_macro   0x0000000000009c95      0x12f Core/Src/lora_sx1276.o
 .debug_macro   0x0000000000009dc4       0xce Core/Src/lora_sx1276.o
 .debug_macro   0x0000000000009e92      0x199 Core/Src/lora_sx1276.o
 .debug_macro   0x000000000000a02b      0x1ed Core/Src/lora_sx1276.o
 .debug_macro   0x000000000000a218       0x34 Core/Src/lora_sx1276.o
 .debug_macro   0x000000000000a24c       0x43 Core/Src/lora_sx1276.o
 .debug_macro   0x000000000000a28f       0x28 Core/Src/lora_sx1276.o
 .debug_macro   0x000000000000a2b7       0xb0 Core/Src/lora_sx1276.o
 .debug_macro   0x000000000000a367      0x15a Core/Src/lora_sx1276.o
 .debug_macro   0x000000000000a4c1      0x22c Core/Src/lora_sx1276.o
 .debug_macro   0x000000000000a6ed       0x60 Core/Src/lora_sx1276.o
 .debug_macro   0x000000000000a74d       0xa5 Core/Src/lora_sx1276.o
 .debug_macro   0x000000000000a7f2       0x4c Core/Src/lora_sx1276.o
 .debug_macro   0x000000000000a83e      0x112 Core/Src/lora_sx1276.o
 .debug_macro   0x000000000000a950      0x305 Core/Src/lora_sx1276.o
 .debug_macro   0x000000000000ac55      0x589 Core/Src/lora_sx1276.o
 .debug_macro   0x000000000000b1de       0x3e Core/Src/lora_sx1276.o
 .debug_macro   0x000000000000b21c      0x106 Core/Src/lora_sx1276.o
 .debug_macro   0x000000000000b322      0x32f Core/Src/lora_sx1276.o
 .debug_macro   0x000000000000b651       0x58 Core/Src/lora_sx1276.o
 .debug_macro   0x000000000000b6a9       0x94 Core/Src/lora_sx1276.o
 .debug_macro   0x000000000000b73d      0x38f Core/Src/main.o
 .debug_macro   0x000000000000bacc      0x32a Core/Src/main.o
 .debug_macro   0x000000000000bdf6       0x46 Core/Src/main.o
 .debug_macro   0x000000000000be3c       0x18 Core/Src/main.o
 .debug_macro   0x000000000000be54       0x3c Core/Src/main.o
 .debug_macro   0x000000000000be90       0x3a Core/Src/main.o
 .debug_macro   0x000000000000beca       0x4c Core/Src/main.o
 .debug_macro   0x000000000000bf16       0x1f Core/Src/main.o
 .debug_macro   0x000000000000bf35       0x43 Core/Src/main.o
 .debug_macro   0x000000000000bf78       0x20 Core/Src/main.o
 .debug_macro   0x000000000000bf98       0x16 Core/Src/main.o
 .debug_macro   0x000000000000bfae       0x35 Core/Src/main.o
 .debug_macro   0x000000000000bfe3       0x10 Core/Src/main.o
 .debug_macro   0x000000000000bff3      0x1a3 Core/Src/main.o
 .debug_macro   0x000000000000c196       0x10 Core/Src/main.o
 .debug_macro   0x000000000000c1a6       0x1c Core/Src/main.o
 .debug_macro   0x000000000000c1c2       0x52 Core/Src/main.o
 .debug_macro   0x000000000000c214       0x40 Core/Src/main.o
 .debug_macro   0x000000000000c254       0x10 Core/Src/main.o
 .debug_macro   0x000000000000c264       0x40 Core/Src/main.o
 .debug_macro   0x000000000000c2a4       0xd7 Core/Src/main.o
 .debug_macro   0x000000000000c37b       0x1c Core/Src/main.o
 .debug_macro   0x000000000000c397       0x3d Core/Src/main.o
 .debug_macro   0x000000000000c3d4       0x16 Core/Src/main.o
 .debug_macro   0x000000000000c3ea      0x145 Core/Src/main.o
 .debug_macro   0x000000000000c52f       0x16 Core/Src/main.o
 .debug_macro   0x000000000000c545       0x10 Core/Src/main.o
 .debug_macro   0x000000000000c555       0x41 Core/Src/main.o
 .debug_macro   0x000000000000c596      0x122 Core/Src/main.o
 .debug_macro   0x000000000000c6b8      0x3db Core/Src/retarget.o
 .debug_macro   0x000000000000ca93       0x40 Core/Src/retarget.o
 .debug_macro   0x000000000000cad3       0x94 Core/Src/retarget.o
 .debug_macro   0x000000000000cb67       0x34 Core/Src/retarget.o
 .debug_macro   0x000000000000cb9b       0x1c Core/Src/retarget.o
 .debug_macro   0x000000000000cbb7       0x10 Core/Src/retarget.o
 .debug_macro   0x000000000000cbc7       0x57 Core/Src/retarget.o
 .debug_macro   0x000000000000cc1e       0x52 Core/Src/retarget.o
 .debug_macro   0x000000000000cc70      0x23b Core/Src/retarget.o
 .debug_macro   0x000000000000ceab      0x330 Core/Src/retarget.o
 .debug_macro   0x000000000000d1db       0x82 Core/Src/retarget.o
 .debug_macro   0x000000000000d25d       0x10 Core/Src/retarget.o
 .debug_macro   0x000000000000d26d       0x10 Core/Src/retarget.o
 .debug_macro   0x000000000000d27d       0x35 Core/Src/retarget.o
 .debug_macro   0x000000000000d2b2       0x2b Core/Src/retarget.o
 .debug_macro   0x000000000000d2dd      0x118 Core/Src/retarget.o
 .debug_macro   0x000000000000d3f5      0x189 Core/Src/retarget.o
 .debug_macro   0x000000000000d57e       0x16 Core/Src/retarget.o
 .debug_macro   0x000000000000d594       0xaf Core/Src/retarget.o
 .debug_macro   0x000000000000d643       0x4e Core/Src/retarget.o
 .debug_macro   0x000000000000d691      0x128 Core/Src/retarget.o
 .debug_macro   0x000000000000d7b9       0x1c Core/Src/retarget.o
 .debug_macro   0x000000000000d7d5       0x10 Core/Src/retarget.o
 .debug_macro   0x000000000000d7e5      0x1e4 Core/Src/stm32f0xx_hal_msp.o
 .debug_macro   0x000000000000d9c9      0x1ee Core/Src/stm32f0xx_it.o
 .debug_macro   0x000000000000dbb7       0xee Core/Src/sysmem.o
 .debug_macro   0x000000000000dca5      0x1b9 Core/Src/system_stm32f0xx.o
 .debug_macro   0x000000000000de5e      0x1dd Drivers/STM32F0xx_HAL_Driver/Src/stm32f0xx_hal.o
 .debug_macro   0x000000000000e03b      0x1b9 Drivers/STM32F0xx_HAL_Driver/Src/stm32f0xx_hal_cortex.o
 .debug_macro   0x000000000000e1f4      0x1b9 Drivers/STM32F0xx_HAL_Driver/Src/stm32f0xx_hal_dma.o
 .debug_macro   0x000000000000e3ad      0x1f1 Drivers/STM32F0xx_HAL_Driver/Src/stm32f0xx_hal_gpio.o
 .debug_macro   0x000000000000e59e      0x1cb Drivers/STM32F0xx_HAL_Driver/Src/stm32f0xx_hal_rcc.o
 .debug_macro   0x000000000000e769      0x1b9 Drivers/STM32F0xx_HAL_Driver/Src/stm32f0xx_hal_rcc_ex.o
 .debug_macro   0x000000000000e922      0x1c1 Drivers/STM32F0xx_HAL_Driver/Src/stm32f0xx_hal_spi.o
 .debug_macro   0x000000000000eae3      0x1d6 Drivers/STM32F0xx_HAL_Driver/Src/stm32f0xx_hal_uart.o

.debug_line     0x0000000000000000     0x90bd
 .debug_line    0x0000000000000000      0x50e Core/Src/lib_mrf24j.o
 .debug_line    0x000000000000050e      0xa23 Core/Src/lora_sx1276.o
 .debug_line    0x0000000000000f31      0xa57 Core/Src/main.o
 .debug_line    0x0000000000001988      0xa54 Core/Src/retarget.o
 .debug_line    0x00000000000023dc      0x6f7 Core/Src/stm32f0xx_hal_msp.o
 .debug_line    0x0000000000002ad3      0x6ed Core/Src/stm32f0xx_it.o
 .debug_line    0x00000000000031c0      0x49a Core/Src/sysmem.o
 .debug_line    0x000000000000365a      0x692 Core/Src/system_stm32f0xx.o
 .debug_line    0x0000000000003cec       0x89 Core/Startup/startup_stm32f031k6tx.o
 .debug_line    0x0000000000003d75      0x82e Drivers/STM32F0xx_HAL_Driver/Src/stm32f0xx_hal.o
 .debug_line    0x00000000000045a3      0x846 Drivers/STM32F0xx_HAL_Driver/Src/stm32f0xx_hal_cortex.o
 .debug_line    0x0000000000004de9      0x88c Drivers/STM32F0xx_HAL_Driver/Src/stm32f0xx_hal_dma.o
 .debug_line    0x0000000000005675      0x7de Drivers/STM32F0xx_HAL_Driver/Src/stm32f0xx_hal_gpio.o
 .debug_line    0x0000000000005e53      0x8ef Drivers/STM32F0xx_HAL_Driver/Src/stm32f0xx_hal_rcc.o
 .debug_line    0x0000000000006742      0x749 Drivers/STM32F0xx_HAL_Driver/Src/stm32f0xx_hal_rcc_ex.o
 .debug_line    0x0000000000006e8b     0x1117 Drivers/STM32F0xx_HAL_Driver/Src/stm32f0xx_hal_spi.o
 .debug_line    0x0000000000007fa2     0x111b Drivers/STM32F0xx_HAL_Driver/Src/stm32f0xx_hal_uart.o

.debug_str      0x0000000000000000    0x4b864
 .debug_str     0x0000000000000000     0x451f Core/Src/lib_mrf24j.o
                                       0x46c6 (size before relaxing)
 .debug_str     0x000000000000451f    0x3fcd3 Core/Src/lora_sx1276.o
                                      0x4422c (size before relaxing)
 .debug_str     0x00000000000441f2     0x4a2e Core/Src/main.o
                                      0x483f7 (size before relaxing)
 .debug_str     0x0000000000048c20      0xf2e Core/Src/retarget.o
                                      0x480b2 (size before relaxing)
 .debug_str     0x0000000000049b4e       0x77 Core/Src/stm32f0xx_hal_msp.o
                                      0x43a26 (size before relaxing)
 .debug_str     0x0000000000049bc5       0x76 Core/Src/stm32f0xx_it.o
                                      0x433e9 (size before relaxing)
 .debug_str     0x0000000000049c3b       0x6b Core/Src/sysmem.o
                                       0x5eb4 (size before relaxing)
 .debug_str     0x0000000000049ca6       0x5f Core/Src/system_stm32f0xx.o
                                      0x4278a (size before relaxing)
 .debug_str     0x0000000000049d05       0x36 Core/Startup/startup_stm32f031k6tx.o
                                         0x6a (size before relaxing)
 .debug_str     0x0000000000049d3b      0x48c Drivers/STM32F0xx_HAL_Driver/Src/stm32f0xx_hal.o
                                      0x42c70 (size before relaxing)
 .debug_str     0x000000000004a1c7      0x20c Drivers/STM32F0xx_HAL_Driver/Src/stm32f0xx_hal_cortex.o
                                      0x42b28 (size before relaxing)
 .debug_str     0x000000000004a3d3      0x257 Drivers/STM32F0xx_HAL_Driver/Src/stm32f0xx_hal_dma.o
                                      0x42b62 (size before relaxing)
 .debug_str     0x000000000004a62a      0x20e Drivers/STM32F0xx_HAL_Driver/Src/stm32f0xx_hal_gpio.o
                                      0x42a26 (size before relaxing)
 .debug_str     0x000000000004a838      0x249 Drivers/STM32F0xx_HAL_Driver/Src/stm32f0xx_hal_rcc.o
                                      0x42b94 (size before relaxing)
 .debug_str     0x000000000004aa81       0xa7 Drivers/STM32F0xx_HAL_Driver/Src/stm32f0xx_hal_rcc_ex.o
                                      0x428c6 (size before relaxing)
 .debug_str     0x000000000004ab28      0x571 Drivers/STM32F0xx_HAL_Driver/Src/stm32f0xx_hal_spi.o
                                      0x430c3 (size before relaxing)
 .debug_str     0x000000000004b099      0x7cb Drivers/STM32F0xx_HAL_Driver/Src/stm32f0xx_hal_uart.o
                                      0x4339f (size before relaxing)

.comment        0x0000000000000000       0x7b
 .comment       0x0000000000000000       0x7b Core/Src/lib_mrf24j.o
                                         0x7c (size before relaxing)
 .comment       0x000000000000007b       0x7c Core/Src/lora_sx1276.o
 .comment       0x000000000000007b       0x7c Core/Src/main.o
 .comment       0x000000000000007b       0x7c Core/Src/retarget.o
 .comment       0x000000000000007b       0x7c Core/Src/stm32f0xx_hal_msp.o
 .comment       0x000000000000007b       0x7c Core/Src/stm32f0xx_it.o
 .comment       0x000000000000007b       0x7c Core/Src/sysmem.o
 .comment       0x000000000000007b       0x7c Core/Src/system_stm32f0xx.o
 .comment       0x000000000000007b       0x7c Drivers/STM32F0xx_HAL_Driver/Src/stm32f0xx_hal.o
 .comment       0x000000000000007b       0x7c Drivers/STM32F0xx_HAL_Driver/Src/stm32f0xx_hal_cortex.o
 .comment       0x000000000000007b       0x7c Drivers/STM32F0xx_HAL_Driver/Src/stm32f0xx_hal_dma.o
 .comment       0x000000000000007b       0x7c Drivers/STM32F0xx_HAL_Driver/Src/stm32f0xx_hal_gpio.o
 .comment       0x000000000000007b       0x7c Drivers/STM32F0xx_HAL_Driver/Src/stm32f0xx_hal_rcc.o
 .comment       0x000000000000007b       0x7c Drivers/STM32F0xx_HAL_Driver/Src/stm32f0xx_hal_rcc_ex.o
 .comment       0x000000000000007b       0x7c Drivers/STM32F0xx_HAL_Driver/Src/stm32f0xx_hal_spi.o
 .comment       0x000000000000007b       0x7c Drivers/STM32F0xx_HAL_Driver/Src/stm32f0xx_hal_uart.o

.debug_frame    0x0000000000000000     0x2e28
 .debug_frame   0x0000000000000000      0x214 Core/Src/lib_mrf24j.o
 .debug_frame   0x0000000000000214      0x524 Core/Src/lora_sx1276.o
 .debug_frame   0x0000000000000738      0x220 Core/Src/main.o
 .debug_frame   0x0000000000000958       0xf8 Core/Src/retarget.o
 .debug_frame   0x0000000000000a50       0xb0 Core/Src/stm32f0xx_hal_msp.o
 .debug_frame   0x0000000000000b00       0x9c Core/Src/stm32f0xx_it.o
 .debug_frame   0x0000000000000b9c       0x30 Core/Src/sysmem.o
 .debug_frame   0x0000000000000bcc       0x4c Core/Src/system_stm32f0xx.o
 .debug_frame   0x0000000000000c18      0x2a4 Drivers/STM32F0xx_HAL_Driver/Src/stm32f0xx_hal.o
 .debug_frame   0x0000000000000ebc      0x2a0 Drivers/STM32F0xx_HAL_Driver/Src/stm32f0xx_hal_cortex.o