lora_sx1276.c:88:16:read_register	40	static
lora_sx1276.c:111:13:write_register	32	static
lora_sx1276.c:132:13:write_fifo	48	static
lora_sx1276.c:154:13:read_fifo	48	static
lora_sx1276.c:176:13:set_mode	16	static
lora_sx1276.c:182:13:set_OCP	24	static
lora_sx1276.c:204:13:set_low_data_rate_optimization	40	static
lora_sx1276.c:222:6:lora_mode_sleep	16	static
lora_sx1276.c:229:6:lora_mode_receive_continious	16	static
lora_sx1276.c:241:6:lora_mode_receive_single	16	static
lora_sx1276.c:253:6:lora_mode_standby	16	static
lora_sx1276.c:260:6:lora_set_implicit_header_mode	32	static
lora_sx1276.c:269:6:lora_set_explicit_header_mode	32	static
lora_sx1276.c:278:6:lora_set_tx_power	16	static
lora_sx1276.c:327:6:lora_set_frequency	56	static
lora_sx1276.c:339:9:lora_packet_rssi	32	static
lora_sx1276.c:348:9:lora_packet_snr	32	static
lora_sx1276.c:357:6:lora_set_signal_bandwidth	40	static
lora_sx1276.c:371:6:lora_set_spreading_factor	32	static
lora_sx1276.c:397:6:lora_set_crc	32	static
lora_sx1276.c:412:6:lora_set_coding_rate	32	static
lora_sx1276.c:423:6:lora_set_preamble_length	16	static
lora_sx1276.c:431:9:lora_version	16	static
lora_sx1276.c:438:9:lora_is_transmitting	32	static
lora_sx1276.c:447:16:lora_send_packet_base	32	static
lora_sx1276.c:477:9:lora_send_packet	24	static
lora_sx1276.c:482:9:lora_send_packet_dma_start	24	static
lora_sx1276.c:488:7:lora_send_packet_dma_complete	16	static
lora_sx1276.c:496:9:lora_send_packet_blocking	40	static
lora_sx1276.c:520:6:lora_set_rx_symbol_timeout	32	static
lora_sx1276.c:540:9:lora_is_packet_available	32	static
lora_sx1276.c:550:16:lora_receive_packet_base	40	static
lora_sx1276.c:605:9:lora_receive_packet	40	static
lora_sx1276.c:610:9:lora_receive_packet_dma_start	40	static
lora_sx1276.c:615:6:lora_receive_packet_dma_complete	16	static
lora_sx1276.c:621:9:lora_receive_packet_blocking	40	static
lora_sx1276.c:640:6:lora_enable_interrupt_rx_done	16	static
lora_sx1276.c:648:6:lora_enable_interrupt_tx_done	16	static
lora_sx1276.c:656:9:lora_init	40	static
